<?xml version="1.0"?>
<link_info>
   <banner>TI ARM Linker PC v5.2.2</banner>
   <copyright>Copyright (c) 1996-2015 Texas Instruments Incorporated</copyright>
   <link_time>0x57224df6</link_time>
   <link_errors>0x0</link_errors>
   <output_file>EECS_388_P8.out</output_file>
   <entry_point>
      <name>_c_int00</name>
      <address>0x21f5</address>
   </entry_point>
   <input_file_list>
      <input_file id="fl-2">
         <path>.\</path>
         <kind>object</kind>
         <file>main.obj</file>
         <name>main.obj</name>
      </input_file>
      <input_file id="fl-3">
         <path>.\targetConfigs\</path>
         <kind>object</kind>
         <file>lm3s1968_startup_ccs.obj</file>
         <name>lm3s1968_startup_ccs.obj</name>
      </input_file>
      <input_file id="fl-4">
         <path>.\src\</path>
         <kind>object</kind>
         <file>led.obj</file>
         <name>led.obj</name>
      </input_file>
      <input_file id="fl-5">
         <path>.\src\</path>
         <kind>object</kind>
         <file>oled.obj</file>
         <name>oled.obj</name>
      </input_file>
      <input_file id="fl-6">
         <path>.\src\</path>
         <kind>object</kind>
         <file>potentiometer.obj</file>
         <name>potentiometer.obj</name>
      </input_file>
      <input_file id="fl-7">
         <path>.\src\</path>
         <kind>object</kind>
         <file>system.obj</file>
         <name>system.obj</name>
      </input_file>
      <input_file id="fl-8">
         <path>.\src\OLED_Driver\</path>
         <kind>object</kind>
         <file>rit128x96x4.obj</file>
         <name>rit128x96x4.obj</name>
      </input_file>
      <input_file id="fl-9">
         <path>.\src\FreeRTOS\</path>
         <kind>object</kind>
         <file>croutine.obj</file>
         <name>croutine.obj</name>
      </input_file>
      <input_file id="fl-a">
         <path>.\src\FreeRTOS\</path>
         <kind>object</kind>
         <file>event_groups.obj</file>
         <name>event_groups.obj</name>
      </input_file>
      <input_file id="fl-b">
         <path>.\src\FreeRTOS\</path>
         <kind>object</kind>
         <file>list.obj</file>
         <name>list.obj</name>
      </input_file>
      <input_file id="fl-c">
         <path>.\src\FreeRTOS\</path>
         <kind>object</kind>
         <file>queue.obj</file>
         <name>queue.obj</name>
      </input_file>
      <input_file id="fl-d">
         <path>.\src\FreeRTOS\</path>
         <kind>object</kind>
         <file>tasks.obj</file>
         <name>tasks.obj</name>
      </input_file>
      <input_file id="fl-e">
         <path>.\src\FreeRTOS\</path>
         <kind>object</kind>
         <file>timers.obj</file>
         <name>timers.obj</name>
      </input_file>
      <input_file id="fl-f">
         <path>.\src\FreeRTOS\portable\CCS6\ARM_CM4F\</path>
         <kind>object</kind>
         <file>port.obj</file>
         <name>port.obj</name>
      </input_file>
      <input_file id="fl-10">
         <path>.\src\FreeRTOS\portable\CCS6\ARM_CM4F\</path>
         <kind>object</kind>
         <file>portasm.obj</file>
         <name>portasm.obj</name>
      </input_file>
      <input_file id="fl-11">
         <path>.\src\FreeRTOS\portable\CCS6\ARM_CM3\</path>
         <kind>object</kind>
         <file>port.obj</file>
         <name>port.obj</name>
      </input_file>
      <input_file id="fl-12">
         <path>.\src\FreeRTOS\portable\CCS6\ARM_CM3\</path>
         <kind>object</kind>
         <file>portasm.obj</file>
         <name>portasm.obj</name>
      </input_file>
      <input_file id="fl-13">
         <path>.\src\FreeRTOS\portable\CCS5\ARM_CM3\</path>
         <kind>object</kind>
         <file>port.obj</file>
         <name>port.obj</name>
      </input_file>
      <input_file id="fl-14">
         <path>.\src\FreeRTOS\portable\CCS5\ARM_CM3\</path>
         <kind>object</kind>
         <file>portasm.obj</file>
         <name>portasm.obj</name>
      </input_file>
      <input_file id="fl-15">
         <path>.\src\FreeRTOS\include\</path>
         <kind>object</kind>
         <file>heap_2.obj</file>
         <name>heap_2.obj</name>
      </input_file>
      <input_file id="fl-13c">
         <path>C:\TI_CodeComposer\ccsv6\tools\compiler\ti-cgt-arm_5.2.2\lib\</path>
         <kind>archive</kind>
         <file>rtsv7M3_T_le_eabi.lib</file>
         <name>boot.obj</name>
      </input_file>
      <input_file id="fl-13d">
         <path>C:\TI_CodeComposer\ccsv6\tools\compiler\ti-cgt-arm_5.2.2\lib\</path>
         <kind>archive</kind>
         <file>rtsv7M3_T_le_eabi.lib</file>
         <name>copy_decompress_none.obj</name>
      </input_file>
      <input_file id="fl-13e">
         <path>C:\TI_CodeComposer\ccsv6\tools\compiler\ti-cgt-arm_5.2.2\lib\</path>
         <kind>archive</kind>
         <file>rtsv7M3_T_le_eabi.lib</file>
         <name>copy_decompress_rle.obj</name>
      </input_file>
      <input_file id="fl-13f">
         <path>C:\TI_CodeComposer\ccsv6\tools\compiler\ti-cgt-arm_5.2.2\lib\</path>
         <kind>archive</kind>
         <file>rtsv7M3_T_le_eabi.lib</file>
         <name>copy_zero_init.obj</name>
      </input_file>
      <input_file id="fl-140">
         <path>C:\TI_CodeComposer\ccsv6\tools\compiler\ti-cgt-arm_5.2.2\lib\</path>
         <kind>archive</kind>
         <file>rtsv7M3_T_le_eabi.lib</file>
         <name>exit.obj</name>
      </input_file>
      <input_file id="fl-141">
         <path>C:\TI_CodeComposer\ccsv6\tools\compiler\ti-cgt-arm_5.2.2\lib\</path>
         <kind>archive</kind>
         <file>rtsv7M3_T_le_eabi.lib</file>
         <name>fd_div_t2.obj</name>
      </input_file>
      <input_file id="fl-142">
         <path>C:\TI_CodeComposer\ccsv6\tools\compiler\ti-cgt-arm_5.2.2\lib\</path>
         <kind>archive</kind>
         <file>rtsv7M3_T_le_eabi.lib</file>
         <name>fd_tou_t2.obj</name>
      </input_file>
      <input_file id="fl-143">
         <path>C:\TI_CodeComposer\ccsv6\tools\compiler\ti-cgt-arm_5.2.2\lib\</path>
         <kind>archive</kind>
         <file>rtsv7M3_T_le_eabi.lib</file>
         <name>memcpy_t2.obj</name>
      </input_file>
      <input_file id="fl-144">
         <path>C:\TI_CodeComposer\ccsv6\tools\compiler\ti-cgt-arm_5.2.2\lib\</path>
         <kind>archive</kind>
         <file>rtsv7M3_T_le_eabi.lib</file>
         <name>memset_t2.obj</name>
      </input_file>
      <input_file id="fl-145">
         <path>C:\TI_CodeComposer\ccsv6\tools\compiler\ti-cgt-arm_5.2.2\lib\</path>
         <kind>archive</kind>
         <file>rtsv7M3_T_le_eabi.lib</file>
         <name>pre_init.obj</name>
      </input_file>
      <input_file id="fl-146">
         <path>C:\TI_CodeComposer\ccsv6\tools\compiler\ti-cgt-arm_5.2.2\lib\</path>
         <kind>archive</kind>
         <file>rtsv7M3_T_le_eabi.lib</file>
         <name>stkdepth_vars.obj</name>
      </input_file>
      <input_file id="fl-147">
         <path>C:\TI_CodeComposer\ccsv6\tools\compiler\ti-cgt-arm_5.2.2\lib\</path>
         <kind>archive</kind>
         <file>rtsv7M3_T_le_eabi.lib</file>
         <name>u_tofd_t2.obj</name>
      </input_file>
      <input_file id="fl-148">
         <path>C:\TI_CodeComposer\ccsv6\tools\compiler\ti-cgt-arm_5.2.2\lib\</path>
         <kind>archive</kind>
         <file>rtsv7M3_T_le_eabi.lib</file>
         <name>_lock.obj</name>
      </input_file>
      <input_file id="fl-149">
         <path>C:\TI_CodeComposer\ccsv6\tools\compiler\ti-cgt-arm_5.2.2\lib\</path>
         <kind>archive</kind>
         <file>rtsv7M3_T_le_eabi.lib</file>
         <name>args_main.obj</name>
      </input_file>
      <input_file id="fl-14a">
         <path>C:\TI_CodeComposer\ccsv6\tools\compiler\ti-cgt-arm_5.2.2\lib\</path>
         <kind>archive</kind>
         <file>rtsv7M3_T_le_eabi.lib</file>
         <name>autoinit.obj</name>
      </input_file>
      <input_file id="fl-14b">
         <path>C:\TI_CodeComposer\ccsv6\tools\compiler\ti-cgt-arm_5.2.2\lib\</path>
         <kind>archive</kind>
         <file>rtsv7M3_T_le_eabi.lib</file>
         <name>cpy_tbl.obj</name>
      </input_file>
      <input_file id="fl-14c">
         <path>C:\TI_CodeComposer\StellarisWare-LM3S1968\driverlib\ccs-cm3\Debug\</path>
         <kind>archive</kind>
         <file>driverlib-cm3.lib</file>
         <name>systick.obj</name>
      </input_file>
      <input_file id="fl-14d">
         <path>C:\TI_CodeComposer\StellarisWare-LM3S1968\driverlib\ccs-cm3\Debug\</path>
         <kind>archive</kind>
         <file>driverlib-cm3.lib</file>
         <name>sysctl.obj</name>
      </input_file>
      <input_file id="fl-14e">
         <path>C:\TI_CodeComposer\StellarisWare-LM3S1968\driverlib\ccs-cm3\Debug\</path>
         <kind>archive</kind>
         <file>driverlib-cm3.lib</file>
         <name>ssi.obj</name>
      </input_file>
      <input_file id="fl-14f">
         <path>C:\TI_CodeComposer\StellarisWare-LM3S1968\driverlib\ccs-cm3\Debug\</path>
         <kind>archive</kind>
         <file>driverlib-cm3.lib</file>
         <name>interrupt.obj</name>
      </input_file>
      <input_file id="fl-150">
         <path>C:\TI_CodeComposer\StellarisWare-LM3S1968\driverlib\ccs-cm3\Debug\</path>
         <kind>archive</kind>
         <file>driverlib-cm3.lib</file>
         <name>gpio.obj</name>
      </input_file>
      <input_file id="fl-151">
         <path>C:\TI_CodeComposer\StellarisWare-LM3S1968\driverlib\ccs-cm3\Debug\</path>
         <kind>archive</kind>
         <file>driverlib-cm3.lib</file>
         <name>cpu.obj</name>
      </input_file>
      <input_file id="fl-152">
         <path>C:\TI_CodeComposer\StellarisWare-LM3S1968\driverlib\ccs-cm3\Debug\</path>
         <kind>archive</kind>
         <file>driverlib-cm3.lib</file>
         <name>adc.obj</name>
      </input_file>
   </input_file_list>
   <object_component_list>
      <object_component id="oc-f">
         <name>.intvecs</name>
         <load_address>0x0</load_address>
         <run_address>0x0</run_address>
         <size>0xf0</size>
         <input_file_ref idref="fl-3"/>
      </object_component>
      <object_component id="oc-be">
         <name>.text</name>
         <load_address>0xf0</load_address>
         <run_address>0xf0</run_address>
         <size>0x900</size>
         <input_file_ref idref="fl-d"/>
      </object_component>
      <object_component id="oc-13d">
         <name>.text</name>
         <load_address>0x9f0</load_address>
         <run_address>0x9f0</run_address>
         <size>0x510</size>
         <input_file_ref idref="fl-8"/>
      </object_component>
      <object_component id="oc-ca">
         <name>.text</name>
         <load_address>0xf00</load_address>
         <run_address>0xf00</run_address>
         <size>0x2cc</size>
         <input_file_ref idref="fl-5"/>
      </object_component>
      <object_component id="oc-115">
         <name>.text</name>
         <load_address>0x11cc</load_address>
         <run_address>0x11cc</run_address>
         <size>0x1b4</size>
         <input_file_ref idref="fl-15"/>
      </object_component>
      <object_component id="oc-209">
         <name>.text:SysCtlClockGet</name>
         <load_address>0x1380</load_address>
         <run_address>0x1380</run_address>
         <size>0x198</size>
         <input_file_ref idref="fl-14d"/>
      </object_component>
      <object_component id="oc-d6">
         <name>.text</name>
         <load_address>0x1518</load_address>
         <run_address>0x1518</run_address>
         <size>0x174</size>
         <input_file_ref idref="fl-6"/>
      </object_component>
      <object_component id="oc-128">
         <name>.text:SysCtlClockSet</name>
         <load_address>0x168c</load_address>
         <run_address>0x168c</run_address>
         <size>0x144</size>
         <input_file_ref idref="fl-14d"/>
      </object_component>
      <object_component id="oc-19f">
         <name>.text</name>
         <load_address>0x17d0</load_address>
         <run_address>0x17d0</run_address>
         <size>0x136</size>
         <input_file_ref idref="fl-141"/>
      </object_component>
      <object_component id="oc-ff">
         <name>.text</name>
         <load_address>0x1906</load_address>
         <run_address>0x1906</run_address>
         <size>0x12a</size>
         <input_file_ref idref="fl-b"/>
      </object_component>
      <object_component id="oc-f9">
         <name>.text</name>
         <load_address>0x1a30</load_address>
         <run_address>0x1a30</run_address>
         <size>0xf0</size>
         <input_file_ref idref="fl-11"/>
      </object_component>
      <object_component id="oc-17a">
         <name>.text:GPIOPadConfigSet</name>
         <load_address>0x1b20</load_address>
         <run_address>0x1b20</run_address>
         <size>0xc8</size>
         <input_file_ref idref="fl-150"/>
      </object_component>
      <object_component id="oc-9d">
         <name>.text</name>
         <load_address>0x1be8</load_address>
         <run_address>0x1be8</run_address>
         <size>0x9c</size>
         <input_file_ref idref="fl-2"/>
      </object_component>
      <object_component id="oc-36">
         <name>.text</name>
         <load_address>0x1c84</load_address>
         <run_address>0x1c84</run_address>
         <size>0x9c</size>
         <input_file_ref idref="fl-143"/>
      </object_component>
      <object_component id="oc-14f">
         <name>.text:SysCtlPeripheralReset</name>
         <load_address>0x1d20</load_address>
         <run_address>0x1d20</run_address>
         <size>0x88</size>
         <input_file_ref idref="fl-14d"/>
      </object_component>
      <object_component id="oc-105">
         <name>.text</name>
         <load_address>0x1da8</load_address>
         <run_address>0x1da8</run_address>
         <size>0x80</size>
         <input_file_ref idref="fl-12"/>
      </object_component>
      <object_component id="oc-4f">
         <name>.text</name>
         <load_address>0x1e28</load_address>
         <run_address>0x1e28</run_address>
         <size>0x7a</size>
         <input_file_ref idref="fl-144"/>
      </object_component>
      <object_component id="oc-182">
         <name>.text:ADCSequenceStepConfigure</name>
         <load_address>0x1ea2</load_address>
         <run_address>0x1ea2</run_address>
         <size>0x6c</size>
         <input_file_ref idref="fl-152"/>
      </object_component>
      <object_component id="oc-61">
         <name>.text</name>
         <load_address>0x1f10</load_address>
         <run_address>0x1f10</run_address>
         <size>0x6c</size>
         <input_file_ref idref="fl-14a"/>
      </object_component>
      <object_component id="oc-42">
         <name>.text</name>
         <load_address>0x1f7c</load_address>
         <run_address>0x1f7c</run_address>
         <size>0x6a</size>
         <input_file_ref idref="fl-13e"/>
      </object_component>
      <object_component id="oc-153">
         <name>.text:SysCtlPeripheralDisable</name>
         <load_address>0x1fe8</load_address>
         <run_address>0x1fe8</run_address>
         <size>0x58</size>
         <input_file_ref idref="fl-14d"/>
      </object_component>
      <object_component id="oc-143">
         <name>.text:SysCtlPeripheralEnable</name>
         <load_address>0x2040</load_address>
         <run_address>0x2040</run_address>
         <size>0x58</size>
         <input_file_ref idref="fl-14d"/>
      </object_component>
      <object_component id="oc-95">
         <name>.text</name>
         <load_address>0x2098</load_address>
         <run_address>0x2098</run_address>
         <size>0x4c</size>
         <input_file_ref idref="fl-14b"/>
      </object_component>
      <object_component id="oc-20d">
         <name>.text:SSIConfigSetExpClk</name>
         <load_address>0x20e4</load_address>
         <run_address>0x20e4</run_address>
         <size>0x44</size>
         <input_file_ref idref="fl-14e"/>
      </object_component>
      <object_component id="oc-d0">
         <name>.text</name>
         <load_address>0x2128</load_address>
         <run_address>0x2128</run_address>
         <size>0x44</size>
         <input_file_ref idref="fl-4"/>
      </object_component>
      <object_component id="oc-6d">
         <name>.text</name>
         <load_address>0x216c</load_address>
         <run_address>0x216c</run_address>
         <size>0x44</size>
         <input_file_ref idref="fl-140"/>
      </object_component>
      <object_component id="oc-1a4">
         <name>.text</name>
         <load_address>0x21b0</load_address>
         <run_address>0x21b0</run_address>
         <size>0x44</size>
         <input_file_ref idref="fl-142"/>
      </object_component>
      <object_component id="oc-24">
         <name>.text</name>
         <load_address>0x21f4</load_address>
         <run_address>0x21f4</run_address>
         <size>0x3c</size>
         <input_file_ref idref="fl-13c"/>
      </object_component>
      <object_component id="oc-c4">
         <name>.text</name>
         <load_address>0x2230</load_address>
         <run_address>0x2230</run_address>
         <size>0x38</size>
         <input_file_ref idref="fl-7"/>
      </object_component>
      <object_component id="oc-12c">
         <name>.text:IntRegister</name>
         <load_address>0x2268</load_address>
         <run_address>0x2268</run_address>
         <size>0x34</size>
         <input_file_ref idref="fl-14f"/>
      </object_component>
      <object_component id="oc-192">
         <name>.text:ADCIntStatus</name>
         <load_address>0x229c</load_address>
         <run_address>0x229c</run_address>
         <size>0x2e</size>
         <input_file_ref idref="fl-152"/>
      </object_component>
      <object_component id="oc-22b">
         <name>.text:GPIODirModeSet</name>
         <load_address>0x22ca</load_address>
         <run_address>0x22ca</run_address>
         <size>0x2e</size>
         <input_file_ref idref="fl-150"/>
      </object_component>
      <object_component id="oc-17e">
         <name>.text:ADCSequenceConfigure</name>
         <load_address>0x22f8</load_address>
         <run_address>0x22f8</run_address>
         <size>0x2a</size>
         <input_file_ref idref="fl-152"/>
      </object_component>
      <object_component id="oc-196">
         <name>.text:ADCSequenceDataGet</name>
         <load_address>0x2322</load_address>
         <run_address>0x2322</run_address>
         <size>0x20</size>
         <input_file_ref idref="fl-152"/>
      </object_component>
      <object_component id="oc-19a">
         <name>.text</name>
         <load_address>0x2342</load_address>
         <run_address>0x2342</run_address>
         <size>0x20</size>
         <input_file_ref idref="fl-147"/>
      </object_component>
      <object_component id="oc-130">
         <name>.text:SysTickIntRegister</name>
         <load_address>0x2364</load_address>
         <run_address>0x2364</run_address>
         <size>0x1c</size>
         <input_file_ref idref="fl-14c"/>
      </object_component>
      <object_component id="oc-67">
         <name>.text</name>
         <load_address>0x2380</load_address>
         <run_address>0x2380</run_address>
         <size>0x18</size>
         <input_file_ref idref="fl-149"/>
      </object_component>
      <object_component id="oc-18e">
         <name>.text:ADCProcessorTrigger</name>
         <load_address>0x2398</load_address>
         <run_address>0x2398</run_address>
         <size>0x16</size>
         <input_file_ref idref="fl-152"/>
      </object_component>
      <object_component id="oc-138">
         <name>.text:SysTickEnable</name>
         <load_address>0x23b0</load_address>
         <run_address>0x23b0</run_address>
         <size>0x14</size>
         <input_file_ref idref="fl-14c"/>
      </object_component>
      <object_component id="oc-134">
         <name>.text:SysTickIntEnable</name>
         <load_address>0x23c4</load_address>
         <run_address>0x23c4</run_address>
         <size>0x14</size>
         <input_file_ref idref="fl-14c"/>
      </object_component>
      <object_component id="oc-e4">
         <name>.text</name>
         <load_address>0x23d8</load_address>
         <run_address>0x23d8</run_address>
         <size>0x14</size>
         <input_file_ref idref="fl-148"/>
      </object_component>
      <object_component id="oc-147">
         <name>.text:GPIOPinTypeGPIOInput</name>
         <load_address>0x23ec</load_address>
         <run_address>0x23ec</run_address>
         <size>0x12</size>
         <input_file_ref idref="fl-150"/>
      </object_component>
      <object_component id="oc-170">
         <name>.text:GPIOPinTypeGPIOOutput</name>
         <load_address>0x23fe</load_address>
         <run_address>0x23fe</run_address>
         <size>0x12</size>
         <input_file_ref idref="fl-150"/>
      </object_component>
      <object_component id="oc-211">
         <name>.text:GPIOPinTypeSSI</name>
         <load_address>0x2410</load_address>
         <run_address>0x2410</run_address>
         <size>0x12</size>
         <input_file_ref idref="fl-150"/>
      </object_component>
      <object_component id="oc-219">
         <name>.text:SSIDataGetNonBlocking</name>
         <load_address>0x2422</load_address>
         <run_address>0x2422</run_address>
         <size>0x12</size>
         <input_file_ref idref="fl-14e"/>
      </object_component>
      <object_component id="oc-186">
         <name>.text:ADCSequenceEnable</name>
         <load_address>0x2434</load_address>
         <run_address>0x2434</run_address>
         <size>0xe</size>
         <input_file_ref idref="fl-152"/>
      </object_component>
      <object_component id="oc-12">
         <name>.text:decompress:none</name>
         <load_address>0x2442</load_address>
         <run_address>0x2442</run_address>
         <size>0xe</size>
         <input_file_ref idref="fl-13d"/>
      </object_component>
      <object_component id="oc-1e">
         <name>.text:decompress:ZI</name>
         <load_address>0x2450</load_address>
         <run_address>0x2450</run_address>
         <size>0xc</size>
         <input_file_ref idref="fl-13f"/>
      </object_component>
      <object_component id="oc-2d">
         <name>.text</name>
         <load_address>0x245c</load_address>
         <run_address>0x245c</run_address>
         <size>0xc</size>
         <input_file_ref idref="fl-3"/>
      </object_component>
      <object_component id="oc-18a">
         <name>.text:ADCIntClear</name>
         <load_address>0x2468</load_address>
         <run_address>0x2468</run_address>
         <size>0xa</size>
         <input_file_ref idref="fl-152"/>
      </object_component>
      <object_component id="oc-1fe">
         <name>.text:SSIDataPut</name>
         <load_address>0x2472</load_address>
         <run_address>0x2472</run_address>
         <size>0xa</size>
         <input_file_ref idref="fl-14e"/>
      </object_component>
      <object_component id="oc-205">
         <name>.text:SSIDisable</name>
         <load_address>0x247c</load_address>
         <run_address>0x247c</run_address>
         <size>0xa</size>
         <input_file_ref idref="fl-14e"/>
      </object_component>
      <object_component id="oc-215">
         <name>.text:SSIEnable</name>
         <load_address>0x2486</load_address>
         <run_address>0x2486</run_address>
         <size>0xa</size>
         <input_file_ref idref="fl-14e"/>
      </object_component>
      <object_component id="oc-1fa">
         <name>.text:SSIBusy</name>
         <load_address>0x2490</load_address>
         <run_address>0x2490</run_address>
         <size>0x8</size>
         <input_file_ref idref="fl-14e"/>
      </object_component>
      <object_component id="oc-14b">
         <name>.text:GPIOPinRead</name>
         <load_address>0x2498</load_address>
         <run_address>0x2498</run_address>
         <size>0x6</size>
         <input_file_ref idref="fl-150"/>
      </object_component>
      <object_component id="oc-174">
         <name>.text:GPIOPinWrite</name>
         <load_address>0x249e</load_address>
         <run_address>0x249e</run_address>
         <size>0x6</size>
         <input_file_ref idref="fl-150"/>
      </object_component>
      <object_component id="oc-1eb">
         <name>.text:SysCtlDelay</name>
         <load_address>0x24a4</load_address>
         <run_address>0x24a4</run_address>
         <size>0x6</size>
         <input_file_ref idref="fl-14d"/>
      </object_component>
      <object_component id="oc-18">
         <name>.text:decompress:rle24</name>
         <load_address>0x24aa</load_address>
         <run_address>0x24aa</run_address>
         <size>0x6</size>
         <input_file_ref idref="fl-13e"/>
      </object_component>
      <object_component id="oc-5b">
         <name>.text</name>
         <load_address>0x24b0</load_address>
         <run_address>0x24b0</run_address>
         <size>0x4</size>
         <input_file_ref idref="fl-145"/>
      </object_component>
      <object_component id="oc-221">
         <name>.const:g_pucFont</name>
         <load_address>0x24b4</load_address>
         <run_address>0x24b4</run_address>
         <size>0x1e0</size>
         <input_file_ref idref="fl-8"/>
      </object_component>
      <object_component id="oc-283">
         <name>.const:g_pulXtals</name>
         <load_address>0x2694</load_address>
         <run_address>0x2694</run_address>
         <size>0x6c</size>
         <input_file_ref idref="fl-14d"/>
      </object_component>
      <object_component id="oc-224">
         <name>.const:.string:g_pucRIT128x96x4Init</name>
         <load_address>0x2700</load_address>
         <run_address>0x2700</run_address>
         <size>0x4f</size>
         <input_file_ref idref="fl-8"/>
      </object_component>
      <object_component id="oc-228">
         <name>.const</name>
         <load_address>0x2750</load_address>
         <run_address>0x2750</run_address>
         <size>0x40</size>
         <input_file_ref idref="fl-14d"/>
      </object_component>
      <object_component id="oc-21e">
         <name>.const:.string</name>
         <load_address>0x2790</load_address>
         <run_address>0x2790</run_address>
         <size>0xc</size>
         <input_file_ref idref="fl-8"/>
      </object_component>
      <object_component id="oc-1e6">
         <name>.const</name>
         <load_address>0x279c</load_address>
         <run_address>0x279c</run_address>
         <size>0x2</size>
         <input_file_ref idref="fl-15"/>
      </object_component>
      <object_component id="oc-2cb">
         <name>.cinit..data.load</name>
         <load_address>0x27a0</load_address>
         <run_address>0x27a0</run_address>
         <size>0x22</size>
      </object_component>
      <object_component id="oc-2c8">
         <name>__TI_handler_table</name>
         <load_address>0x27c4</load_address>
         <run_address>0x27c4</run_address>
         <size>0xc</size>
      </object_component>
      <object_component id="oc-2cc">
         <name>.cinit..bss.load</name>
         <load_address>0x27d0</load_address>
         <run_address>0x27d0</run_address>
         <size>0x8</size>
      </object_component>
      <object_component id="oc-2ca">
         <name>.cinit..vtable.load</name>
         <load_address>0x27d8</load_address>
         <run_address>0x27d8</run_address>
         <size>0x8</size>
      </object_component>
      <object_component id="oc-2c9">
         <name>__TI_cinit_table</name>
         <load_address>0x27e0</load_address>
         <run_address>0x27e0</run_address>
         <size>0x18</size>
      </object_component>
      <object_component id="oc-1f2">
         <name>.vtable</name>
         <uninitialized>true</uninitialized>
         <run_address>0x20000000</run_address>
         <size>0x26c</size>
         <input_file_ref idref="fl-14f"/>
      </object_component>
      <object_component id="oc-29">
         <name>.stack</name>
         <uninitialized>true</uninitialized>
         <run_address>0x20002964</run_address>
         <size>0x0</size>
         <input_file_ref idref="fl-13c"/>
      </object_component>
      <object_component id="oc-2cd">
         <name>.stack</name>
         <uninitialized>true</uninitialized>
         <run_address>0x20002964</run_address>
         <size>0x0</size>
      </object_component>
      <object_component id="oc-2a">
         <name>.bss:pulStack</name>
         <uninitialized>true</uninitialized>
         <run_address>0x20002670</run_address>
         <size>0x100</size>
         <input_file_ref idref="fl-3"/>
      </object_component>
      <object_component id="oc-15d">
         <name>.bss:lframe</name>
         <uninitialized>true</uninitialized>
         <run_address>0x20002770</run_address>
         <size>0x60</size>
         <input_file_ref idref="fl-5"/>
      </object_component>
      <object_component id="oc-163">
         <name>.bss:rframe</name>
         <uninitialized>true</uninitialized>
         <run_address>0x200027d0</run_address>
         <size>0x60</size>
         <input_file_ref idref="fl-5"/>
      </object_component>
      <object_component id="oc-160">
         <name>.bss:hframe</name>
         <uninitialized>true</uninitialized>
         <run_address>0x20002880</run_address>
         <size>0x40</size>
         <input_file_ref idref="fl-5"/>
      </object_component>
      <object_component id="oc-15a">
         <name>.bss:blank</name>
         <uninitialized>true</uninitialized>
         <run_address>0x20002470</run_address>
         <size>0x200</size>
         <input_file_ref idref="fl-5"/>
      </object_component>
      <object_component id="oc-166">
         <name>.bss:bar</name>
         <uninitialized>true</uninitialized>
         <run_address>0x20002270</run_address>
         <size>0x200</size>
         <input_file_ref idref="fl-5"/>
      </object_component>
      <object_component id="oc-16c">
         <name>.bss:Queue</name>
         <uninitialized>true</uninitialized>
         <run_address>0x200028c0</run_address>
         <size>0x3c</size>
         <input_file_ref idref="fl-6"/>
      </object_component>
      <object_component id="oc-10d">
         <name>.bss:pxReadyTasksLists</name>
         <uninitialized>true</uninitialized>
         <run_address>0x20002830</run_address>
         <size>0x50</size>
         <input_file_ref idref="fl-d"/>
      </object_component>
      <object_component id="oc-1e2">
         <name>.bss:xHeap</name>
         <uninitialized>true</uninitialized>
         <run_address>0x20000270</run_address>
         <size>0x2000</size>
         <input_file_ref idref="fl-15"/>
      </object_component>
      <object_component id="oc-157">
         <name>.common:i</name>
         <uninitialized>true</uninitialized>
         <run_address>0x20002954</run_address>
         <size>0x4</size>
      </object_component>
      <object_component id="oc-1a9">
         <name>.common:sample</name>
         <uninitialized>true</uninitialized>
         <run_address>0x20002960</run_address>
         <size>0x4</size>
      </object_component>
      <object_component id="oc-202">
         <name>.common:g_ulSSIFlags</name>
         <uninitialized>true</uninitialized>
         <run_address>0x20002950</run_address>
         <size>0x4</size>
      </object_component>
      <object_component id="oc-21d">
         <name>.common:g_pucBuffer</name>
         <uninitialized>true</uninitialized>
         <run_address>0x20002938</run_address>
         <size>0x8</size>
      </object_component>
      <object_component id="oc-11b">
         <name>.common:xDelayedTaskList1</name>
         <uninitialized>true</uninitialized>
         <run_address>0x200028fc</run_address>
         <size>0x14</size>
      </object_component>
      <object_component id="oc-11c">
         <name>.common:xDelayedTaskList2</name>
         <uninitialized>true</uninitialized>
         <run_address>0x20002910</run_address>
         <size>0x14</size>
      </object_component>
      <object_component id="oc-113">
         <name>.common:pxDelayedTaskList</name>
         <uninitialized>true</uninitialized>
         <run_address>0x20002958</run_address>
         <size>0x4</size>
      </object_component>
      <object_component id="oc-114">
         <name>.common:pxOverflowDelayedTaskList</name>
         <uninitialized>true</uninitialized>
         <run_address>0x2000295c</run_address>
         <size>0x4</size>
      </object_component>
      <object_component id="oc-110">
         <name>.common:xPendingReadyList</name>
         <uninitialized>true</uninitialized>
         <run_address>0x20002924</run_address>
         <size>0x14</size>
      </object_component>
      <object_component id="oc-1df">
         <name>.common:xStart</name>
         <uninitialized>true</uninitialized>
         <run_address>0x20002948</run_address>
         <size>0x8</size>
      </object_component>
      <object_component id="oc-1e5">
         <name>.common:xEnd</name>
         <uninitialized>true</uninitialized>
         <run_address>0x20002940</run_address>
         <size>0x8</size>
      </object_component>
      <object_component id="oc-169">
         <name>.data</name>
         <load_address>0x20003990</load_address>
         <run_address>0x20003990</run_address>
         <size>0xc</size>
         <input_file_ref idref="fl-6"/>
      </object_component>
      <object_component id="oc-10a">
         <name>.data</name>
         <load_address>0x20003964</load_address>
         <run_address>0x20003964</run_address>
         <size>0x2c</size>
         <input_file_ref idref="fl-d"/>
      </object_component>
      <object_component id="oc-1b0">
         <name>.data</name>
         <load_address>0x2000399c</load_address>
         <run_address>0x2000399c</run_address>
         <size>0x8</size>
         <input_file_ref idref="fl-11"/>
      </object_component>
      <object_component id="oc-1dc">
         <name>.data</name>
         <load_address>0x200039a4</load_address>
         <run_address>0x200039a4</run_address>
         <size>0x8</size>
         <input_file_ref idref="fl-15"/>
      </object_component>
      <object_component id="oc-a8">
         <name>.data</name>
         <load_address>0x200039b4</load_address>
         <run_address>0x200039b4</run_address>
         <size>0x8</size>
         <input_file_ref idref="fl-140"/>
      </object_component>
      <object_component id="oc-73">
         <name>.data</name>
         <load_address>0x200039bc</load_address>
         <run_address>0x200039bc</run_address>
         <size>0x4</size>
         <input_file_ref idref="fl-146"/>
      </object_component>
      <object_component id="oc-a5">
         <name>.data</name>
         <load_address>0x200039ac</load_address>
         <run_address>0x200039ac</run_address>
         <size>0x8</size>
         <input_file_ref idref="fl-148"/>
      </object_component>
      <object_component id="oc-1ea">
         <name>.debug_info</name>
         <load_address>0x0</load_address>
         <run_address>0x0</run_address>
         <size>0x26b</size>
         <input_file_ref idref="fl-2"/>
      </object_component>
      <object_component id="oc-9e">
         <name>.debug_info</name>
         <load_address>0x26b</load_address>
         <run_address>0x26b</run_address>
         <size>0x169</size>
         <input_file_ref idref="fl-2"/>
      </object_component>
      <object_component id="oc-1be">
         <name>.debug_info</name>
         <load_address>0x3d4</load_address>
         <run_address>0x3d4</run_address>
         <size>0x2ab</size>
         <input_file_ref idref="fl-2"/>
      </object_component>
      <object_component id="oc-7c">
         <name>.debug_info</name>
         <load_address>0x67f</load_address>
         <run_address>0x67f</run_address>
         <size>0x84</size>
         <input_file_ref idref="fl-2"/>
      </object_component>
      <object_component id="oc-123">
         <name>.debug_info</name>
         <load_address>0x703</load_address>
         <run_address>0x703</run_address>
         <size>0x2c</size>
         <input_file_ref idref="fl-2"/>
      </object_component>
      <object_component id="oc-1c8">
         <name>.debug_info</name>
         <load_address>0x72f</load_address>
         <run_address>0x72f</run_address>
         <size>0x18b</size>
         <input_file_ref idref="fl-2"/>
      </object_component>
      <object_component id="oc-25a">
         <name>.debug_info</name>
         <load_address>0x8ba</load_address>
         <run_address>0x8ba</run_address>
         <size>0x2c</size>
         <input_file_ref idref="fl-2"/>
      </object_component>
      <object_component id="oc-11e">
         <name>.debug_info</name>
         <load_address>0x8e6</load_address>
         <run_address>0x8e6</run_address>
         <size>0xae</size>
         <input_file_ref idref="fl-2"/>
      </object_component>
      <object_component id="oc-1d2">
         <name>.debug_info</name>
         <load_address>0x994</load_address>
         <run_address>0x994</run_address>
         <size>0x14c</size>
         <input_file_ref idref="fl-2"/>
      </object_component>
      <object_component id="oc-35">
         <name>.debug_info</name>
         <load_address>0xae0</load_address>
         <run_address>0xae0</run_address>
         <size>0xf2</size>
         <input_file_ref idref="fl-3"/>
      </object_component>
      <object_component id="oc-2b">
         <name>.debug_info</name>
         <load_address>0xbd2</load_address>
         <run_address>0xbd2</run_address>
         <size>0xe2</size>
         <input_file_ref idref="fl-3"/>
      </object_component>
      <object_component id="oc-10">
         <name>.debug_info</name>
         <load_address>0xcb4</load_address>
         <run_address>0xcb4</run_address>
         <size>0xeb</size>
         <input_file_ref idref="fl-3"/>
      </object_component>
      <object_component id="oc-2e">
         <name>.debug_info</name>
         <load_address>0xd9f</load_address>
         <run_address>0xd9f</run_address>
         <size>0x2ae</size>
         <input_file_ref idref="fl-3"/>
      </object_component>
      <object_component id="oc-179">
         <name>.debug_info</name>
         <load_address>0x104d</load_address>
         <run_address>0x104d</run_address>
         <size>0x222</size>
         <input_file_ref idref="fl-4"/>
      </object_component>
      <object_component id="oc-d1">
         <name>.debug_info</name>
         <load_address>0x126f</load_address>
         <run_address>0x126f</run_address>
         <size>0x1b5</size>
         <input_file_ref idref="fl-4"/>
      </object_component>
      <object_component id="oc-158">
         <name>.debug_info</name>
         <load_address>0x1424</load_address>
         <run_address>0x1424</run_address>
         <size>0x3c4</size>
         <input_file_ref idref="fl-5"/>
      </object_component>
      <object_component id="oc-15e">
         <name>.debug_info</name>
         <load_address>0x17e8</load_address>
         <run_address>0x17e8</run_address>
         <size>0xc5</size>
         <input_file_ref idref="fl-5"/>
      </object_component>
      <object_component id="oc-164">
         <name>.debug_info</name>
         <load_address>0x18ad</load_address>
         <run_address>0x18ad</run_address>
         <size>0xc5</size>
         <input_file_ref idref="fl-5"/>
      </object_component>
      <object_component id="oc-161">
         <name>.debug_info</name>
         <load_address>0x1972</load_address>
         <run_address>0x1972</run_address>
         <size>0xc5</size>
         <input_file_ref idref="fl-5"/>
      </object_component>
      <object_component id="oc-15b">
         <name>.debug_info</name>
         <load_address>0x1a37</load_address>
         <run_address>0x1a37</run_address>
         <size>0xc3</size>
         <input_file_ref idref="fl-5"/>
      </object_component>
      <object_component id="oc-167">
         <name>.debug_info</name>
         <load_address>0x1afa</load_address>
         <run_address>0x1afa</run_address>
         <size>0xbf</size>
         <input_file_ref idref="fl-5"/>
      </object_component>
      <object_component id="oc-cb">
         <name>.debug_info</name>
         <load_address>0x1bb9</load_address>
         <run_address>0x1bb9</run_address>
         <size>0x4b1</size>
         <input_file_ref idref="fl-5"/>
      </object_component>
      <object_component id="oc-1aa">
         <name>.debug_info</name>
         <load_address>0x206a</load_address>
         <run_address>0x206a</run_address>
         <size>0x428</size>
         <input_file_ref idref="fl-6"/>
      </object_component>
      <object_component id="oc-16a">
         <name>.debug_info</name>
         <load_address>0x2492</load_address>
         <run_address>0x2492</run_address>
         <size>0x120</size>
         <input_file_ref idref="fl-6"/>
      </object_component>
      <object_component id="oc-16d">
         <name>.debug_info</name>
         <load_address>0x25b2</load_address>
         <run_address>0x25b2</run_address>
         <size>0xcc</size>
         <input_file_ref idref="fl-6"/>
      </object_component>
      <object_component id="oc-d7">
         <name>.debug_info</name>
         <load_address>0x267e</load_address>
         <run_address>0x267e</run_address>
         <size>0x30c</size>
         <input_file_ref idref="fl-6"/>
      </object_component>
      <object_component id="oc-c5">
         <name>.debug_info</name>
         <load_address>0x298a</load_address>
         <run_address>0x298a</run_address>
         <size>0x182</size>
         <input_file_ref idref="fl-7"/>
      </object_component>
      <object_component id="oc-203">
         <name>.debug_info</name>
         <load_address>0x2b0c</load_address>
         <run_address>0x2b0c</run_address>
         <size>0x419</size>
         <input_file_ref idref="fl-8"/>
      </object_component>
      <object_component id="oc-21f">
         <name>.debug_info</name>
         <load_address>0x2f25</load_address>
         <run_address>0x2f25</run_address>
         <size>0x15f</size>
         <input_file_ref idref="fl-8"/>
      </object_component>
      <object_component id="oc-222">
         <name>.debug_info</name>
         <load_address>0x3084</load_address>
         <run_address>0x3084</run_address>
         <size>0xf1</size>
         <input_file_ref idref="fl-8"/>
      </object_component>
      <object_component id="oc-225">
         <name>.debug_info</name>
         <load_address>0x3175</load_address>
         <run_address>0x3175</run_address>
         <size>0x107</size>
         <input_file_ref idref="fl-8"/>
      </object_component>
      <object_component id="oc-13e">
         <name>.debug_info</name>
         <load_address>0x327c</load_address>
         <run_address>0x327c</run_address>
         <size>0xef9</size>
         <input_file_ref idref="fl-8"/>
      </object_component>
      <object_component id="oc-265">
         <name>.debug_info</name>
         <load_address>0x4175</load_address>
         <run_address>0x4175</run_address>
         <size>0x48c</size>
         <input_file_ref idref="fl-a"/>
      </object_component>
      <object_component id="oc-1d7">
         <name>.debug_info</name>
         <load_address>0x4601</load_address>
         <run_address>0x4601</run_address>
         <size>0x110</size>
         <input_file_ref idref="fl-a"/>
      </object_component>
      <object_component id="oc-299">
         <name>.debug_info</name>
         <load_address>0x4711</load_address>
         <run_address>0x4711</run_address>
         <size>0x39</size>
         <input_file_ref idref="fl-a"/>
      </object_component>
      <object_component id="oc-1c3">
         <name>.debug_info</name>
         <load_address>0x474a</load_address>
         <run_address>0x474a</run_address>
         <size>0x46</size>
         <input_file_ref idref="fl-a"/>
      </object_component>
      <object_component id="oc-29e">
         <name>.debug_info</name>
         <load_address>0x4790</load_address>
         <run_address>0x4790</run_address>
         <size>0x70</size>
         <input_file_ref idref="fl-a"/>
      </object_component>
      <object_component id="oc-1b6">
         <name>.debug_info</name>
         <load_address>0x4800</load_address>
         <run_address>0x4800</run_address>
         <size>0x138</size>
         <input_file_ref idref="fl-b"/>
      </object_component>
      <object_component id="oc-100">
         <name>.debug_info</name>
         <load_address>0x4938</load_address>
         <run_address>0x4938</run_address>
         <size>0x5a5</size>
         <input_file_ref idref="fl-b"/>
      </object_component>
      <object_component id="oc-111">
         <name>.debug_info</name>
         <load_address>0x4edd</load_address>
         <run_address>0x4edd</run_address>
         <size>0x636</size>
         <input_file_ref idref="fl-d"/>
      </object_component>
      <object_component id="oc-10b">
         <name>.debug_info</name>
         <load_address>0x5513</load_address>
         <run_address>0x5513</run_address>
         <size>0x2d8</size>
         <input_file_ref idref="fl-d"/>
      </object_component>
      <object_component id="oc-10e">
         <name>.debug_info</name>
         <load_address>0x57eb</load_address>
         <run_address>0x57eb</run_address>
         <size>0xf9</size>
         <input_file_ref idref="fl-d"/>
      </object_component>
      <object_component id="oc-bf">
         <name>.debug_info</name>
         <load_address>0x58e4</load_address>
         <run_address>0x58e4</run_address>
         <size>0x23cc</size>
         <input_file_ref idref="fl-d"/>
      </object_component>
      <object_component id="oc-1cd">
         <name>.debug_info</name>
         <load_address>0x7cb0</load_address>
         <run_address>0x7cb0</run_address>
         <size>0xcd</size>
         <input_file_ref idref="fl-d"/>
      </object_component>
      <object_component id="oc-1b4">
         <name>.debug_info</name>
         <load_address>0x7d7d</load_address>
         <run_address>0x7d7d</run_address>
         <size>0x222</size>
         <input_file_ref idref="fl-11"/>
      </object_component>
      <object_component id="oc-1b1">
         <name>.debug_info</name>
         <load_address>0x7f9f</load_address>
         <run_address>0x7f9f</run_address>
         <size>0x140</size>
         <input_file_ref idref="fl-11"/>
      </object_component>
      <object_component id="oc-fa">
         <name>.debug_info</name>
         <load_address>0x80df</load_address>
         <run_address>0x80df</run_address>
         <size>0x8a0</size>
         <input_file_ref idref="fl-11"/>
      </object_component>
      <object_component id="oc-106">
         <name>.debug_info</name>
         <load_address>0x897f</load_address>
         <run_address>0x897f</run_address>
         <size>0x181</size>
         <input_file_ref idref="fl-12"/>
      </object_component>
      <object_component id="oc-1e0">
         <name>.debug_info</name>
         <load_address>0x8b00</load_address>
         <run_address>0x8b00</run_address>
         <size>0x217</size>
         <input_file_ref idref="fl-15"/>
      </object_component>
      <object_component id="oc-1e3">
         <name>.debug_info</name>
         <load_address>0x8d17</load_address>
         <run_address>0x8d17</run_address>
         <size>0xe9</size>
         <input_file_ref idref="fl-15"/>
      </object_component>
      <object_component id="oc-1e7">
         <name>.debug_info</name>
         <load_address>0x8e00</load_address>
         <run_address>0x8e00</run_address>
         <size>0xfd</size>
         <input_file_ref idref="fl-15"/>
      </object_component>
      <object_component id="oc-1dd">
         <name>.debug_info</name>
         <load_address>0x8efd</load_address>
         <run_address>0x8efd</run_address>
         <size>0x105</size>
         <input_file_ref idref="fl-15"/>
      </object_component>
      <object_component id="oc-116">
         <name>.debug_info</name>
         <load_address>0x9002</load_address>
         <run_address>0x9002</run_address>
         <size>0x5df</size>
         <input_file_ref idref="fl-15"/>
      </object_component>
      <object_component id="oc-26a">
         <name>.debug_info</name>
         <load_address>0x95e1</load_address>
         <run_address>0x95e1</run_address>
         <size>0xa7</size>
         <input_file_ref idref="fl-15"/>
      </object_component>
      <object_component id="oc-27">
         <name>.debug_info</name>
         <load_address>0x9688</load_address>
         <run_address>0x9688</run_address>
         <size>0x138</size>
         <input_file_ref idref="fl-13c"/>
      </object_component>
      <object_component id="oc-41">
         <name>.debug_info</name>
         <load_address>0x97c0</load_address>
         <run_address>0x97c0</run_address>
         <size>0x123</size>
         <input_file_ref idref="fl-13d"/>
      </object_component>
      <object_component id="oc-16">
         <name>.debug_info</name>
         <load_address>0x98e3</load_address>
         <run_address>0x98e3</run_address>
         <size>0x1c2</size>
         <input_file_ref idref="fl-13d"/>
      </object_component>
      <object_component id="oc-3c">
         <name>.debug_info</name>
         <load_address>0x9aa5</load_address>
         <run_address>0x9aa5</run_address>
         <size>0x46</size>
         <input_file_ref idref="fl-13d"/>
      </object_component>
      <object_component id="oc-82">
         <name>.debug_info</name>
         <load_address>0x9aeb</load_address>
         <run_address>0x9aeb</run_address>
         <size>0x2c</size>
         <input_file_ref idref="fl-13d"/>
      </object_component>
      <object_component id="oc-49">
         <name>.debug_info</name>
         <load_address>0x9b17</load_address>
         <run_address>0x9b17</run_address>
         <size>0x117</size>
         <input_file_ref idref="fl-13e"/>
      </object_component>
      <object_component id="oc-46">
         <name>.debug_info</name>
         <load_address>0x9c2e</load_address>
         <run_address>0x9c2e</run_address>
         <size>0x22a</size>
         <input_file_ref idref="fl-13e"/>
      </object_component>
      <object_component id="oc-1a">
         <name>.debug_info</name>
         <load_address>0x9e58</load_address>
         <run_address>0x9e58</run_address>
         <size>0x1bc</size>
         <input_file_ref idref="fl-13e"/>
      </object_component>
      <object_component id="oc-4a">
         <name>.debug_info</name>
         <load_address>0xa014</load_address>
         <run_address>0xa014</run_address>
         <size>0x39</size>
         <input_file_ref idref="fl-13e"/>
      </object_component>
      <object_component id="oc-8c">
         <name>.debug_info</name>
         <load_address>0xa04d</load_address>
         <run_address>0xa04d</run_address>
         <size>0x2c</size>
         <input_file_ref idref="fl-13e"/>
      </object_component>
      <object_component id="oc-5a">
         <name>.debug_info</name>
         <load_address>0xa079</load_address>
         <run_address>0xa079</run_address>
         <size>0x112</size>
         <input_file_ref idref="fl-13f"/>
      </object_component>
      <object_component id="oc-21">
         <name>.debug_info</name>
         <load_address>0xa18b</load_address>
         <run_address>0xa18b</run_address>
         <size>0x18d</size>
         <input_file_ref idref="fl-13f"/>
      </object_component>
      <object_component id="oc-55">
         <name>.debug_info</name>
         <load_address>0xa318</load_address>
         <run_address>0xa318</run_address>
         <size>0x46</size>
         <input_file_ref idref="fl-13f"/>
      </object_component>
      <object_component id="oc-ac">
         <name>.debug_info</name>
         <load_address>0xa35e</load_address>
         <run_address>0xa35e</run_address>
         <size>0x174</size>
         <input_file_ref idref="fl-140"/>
      </object_component>
      <object_component id="oc-a9">
         <name>.debug_info</name>
         <load_address>0xa4d2</load_address>
         <run_address>0xa4d2</run_address>
         <size>0x119</size>
         <input_file_ref idref="fl-140"/>
      </object_component>
      <object_component id="oc-70">
         <name>.debug_info</name>
         <load_address>0xa5eb</load_address>
         <run_address>0xa5eb</run_address>
         <size>0x1f0</size>
         <input_file_ref idref="fl-140"/>
      </object_component>
      <object_component id="oc-1a0">
         <name>.debug_info</name>
         <load_address>0xa7db</load_address>
         <run_address>0xa7db</run_address>
         <size>0x11b</size>
         <input_file_ref idref="fl-141"/>
      </object_component>
      <object_component id="oc-1a5">
         <name>.debug_info</name>
         <load_address>0xa8f6</load_address>
         <run_address>0xa8f6</run_address>
         <size>0x11a</size>
         <input_file_ref idref="fl-142"/>
      </object_component>
      <object_component id="oc-39">
         <name>.debug_info</name>
         <load_address>0xaa10</load_address>
         <run_address>0xaa10</run_address>
         <size>0xfa</size>
         <input_file_ref idref="fl-143"/>
      </object_component>
      <object_component id="oc-52">
         <name>.debug_info</name>
         <load_address>0xab0a</load_address>
         <run_address>0xab0a</run_address>
         <size>0x12a</size>
         <input_file_ref idref="fl-144"/>
      </object_component>
      <object_component id="oc-5e">
         <name>.debug_info</name>
         <load_address>0xac34</load_address>
         <run_address>0xac34</run_address>
         <size>0x12b</size>
         <input_file_ref idref="fl-145"/>
      </object_component>
      <object_component id="oc-74">
         <name>.debug_info</name>
         <load_address>0xad5f</load_address>
         <run_address>0xad5f</run_address>
         <size>0xec</size>
         <input_file_ref idref="fl-146"/>
      </object_component>
      <object_component id="oc-19d">
         <name>.debug_info</name>
         <load_address>0xae4b</load_address>
         <run_address>0xae4b</run_address>
         <size>0x10f</size>
         <input_file_ref idref="fl-147"/>
      </object_component>
      <object_component id="oc-ec">
         <name>.debug_info</name>
         <load_address>0xaf5a</load_address>
         <run_address>0xaf5a</run_address>
         <size>0x107</size>
         <input_file_ref idref="fl-148"/>
      </object_component>
      <object_component id="oc-a6">
         <name>.debug_info</name>
         <load_address>0xb061</load_address>
         <run_address>0xb061</run_address>
         <size>0xf6</size>
         <input_file_ref idref="fl-148"/>
      </object_component>
      <object_component id="oc-e8">
         <name>.debug_info</name>
         <load_address>0xb157</load_address>
         <run_address>0xb157</run_address>
         <size>0x202</size>
         <input_file_ref idref="fl-148"/>
      </object_component>
      <object_component id="oc-a4">
         <name>.debug_info</name>
         <load_address>0xb359</load_address>
         <run_address>0xb359</run_address>
         <size>0x149</size>
         <input_file_ref idref="fl-149"/>
      </object_component>
      <object_component id="oc-6b">
         <name>.debug_info</name>
         <load_address>0xb4a2</load_address>
         <run_address>0xb4a2</run_address>
         <size>0x14a</size>
         <input_file_ref idref="fl-149"/>
      </object_component>
      <object_component id="oc-df">
         <name>.debug_info</name>
         <load_address>0xb5ec</load_address>
         <run_address>0xb5ec</run_address>
         <size>0x5e</size>
         <input_file_ref idref="fl-149"/>
      </object_component>
      <object_component id="oc-9c">
         <name>.debug_info</name>
         <load_address>0xb64a</load_address>
         <run_address>0xb64a</run_address>
         <size>0x2a0</size>
         <input_file_ref idref="fl-14a"/>
      </object_component>
      <object_component id="oc-65">
         <name>.debug_info</name>
         <load_address>0xb8ea</load_address>
         <run_address>0xb8ea</run_address>
         <size>0x194</size>
         <input_file_ref idref="fl-14a"/>
      </object_component>
      <object_component id="oc-b4">
         <name>.debug_info</name>
         <load_address>0xba7e</load_address>
         <run_address>0xba7e</run_address>
         <size>0x39</size>
         <input_file_ref idref="fl-14a"/>
      </object_component>
      <object_component id="oc-b9">
         <name>.debug_info</name>
         <load_address>0xbab7</load_address>
         <run_address>0xbab7</run_address>
         <size>0xcd</size>
         <input_file_ref idref="fl-14a"/>
      </object_component>
      <object_component id="oc-b1">
         <name>.debug_info</name>
         <load_address>0xbb84</load_address>
         <run_address>0xbb84</run_address>
         <size>0x1c3</size>
         <input_file_ref idref="fl-14b"/>
      </object_component>
      <object_component id="oc-99">
         <name>.debug_info</name>
         <load_address>0xbd47</load_address>
         <run_address>0xbd47</run_address>
         <size>0x17f</size>
         <input_file_ref idref="fl-14b"/>
      </object_component>
      <object_component id="oc-f4">
         <name>.debug_info</name>
         <load_address>0xbec6</load_address>
         <run_address>0xbec6</run_address>
         <size>0x2c</size>
         <input_file_ref idref="fl-14b"/>
      </object_component>
      <object_component id="oc-1f7">
         <name>.debug_info</name>
         <load_address>0xbef2</load_address>
         <run_address>0xbef2</run_address>
         <size>0x413</size>
         <input_file_ref idref="fl-14c"/>
      </object_component>
      <object_component id="oc-131">
         <name>.debug_info</name>
         <load_address>0xc305</load_address>
         <run_address>0xc305</run_address>
         <size>0x1ec</size>
         <input_file_ref idref="fl-14c"/>
      </object_component>
      <object_component id="oc-135">
         <name>.debug_info</name>
         <load_address>0xc4f1</load_address>
         <run_address>0xc4f1</run_address>
         <size>0x19c</size>
         <input_file_ref idref="fl-14c"/>
      </object_component>
      <object_component id="oc-139">
         <name>.debug_info</name>
         <load_address>0xc68d</load_address>
         <run_address>0xc68d</run_address>
         <size>0x196</size>
         <input_file_ref idref="fl-14c"/>
      </object_component>
      <object_component id="oc-1ed">
         <name>.debug_info</name>
         <load_address>0xc823</load_address>
         <run_address>0xc823</run_address>
         <size>0x84</size>
         <input_file_ref idref="fl-14c"/>
      </object_component>
      <object_component id="oc-250">
         <name>.debug_info</name>
         <load_address>0xc8a7</load_address>
         <run_address>0xc8a7</run_address>
         <size>0x2c</size>
         <input_file_ref idref="fl-14c"/>
      </object_component>
      <object_component id="oc-1f1">
         <name>.debug_info</name>
         <load_address>0xc8d3</load_address>
         <run_address>0xc8d3</run_address>
         <size>0x4cc</size>
         <input_file_ref idref="fl-14d"/>
      </object_component>
      <object_component id="oc-229">
         <name>.debug_info</name>
         <load_address>0xcd9f</load_address>
         <run_address>0xcd9f</run_address>
         <size>0x1b8</size>
         <input_file_ref idref="fl-14d"/>
      </object_component>
      <object_component id="oc-284">
         <name>.debug_info</name>
         <load_address>0xcf57</load_address>
         <run_address>0xcf57</run_address>
         <size>0x10e</size>
         <input_file_ref idref="fl-14d"/>
      </object_component>
      <object_component id="oc-152">
         <name>.debug_info</name>
         <load_address>0xd065</load_address>
         <run_address>0xd065</run_address>
         <size>0x325</size>
         <input_file_ref idref="fl-14d"/>
      </object_component>
      <object_component id="oc-146">
         <name>.debug_info</name>
         <load_address>0xd38a</load_address>
         <run_address>0xd38a</run_address>
         <size>0x1ea</size>
         <input_file_ref idref="fl-14d"/>
      </object_component>
      <object_component id="oc-156">
         <name>.debug_info</name>
         <load_address>0xd574</load_address>
         <run_address>0xd574</run_address>
         <size>0x1ec</size>
         <input_file_ref idref="fl-14d"/>
      </object_component>
      <object_component id="oc-12b">
         <name>.debug_info</name>
         <load_address>0xd760</load_address>
         <run_address>0xd760</run_address>
         <size>0x2e4</size>
         <input_file_ref idref="fl-14d"/>
      </object_component>
      <object_component id="oc-20c">
         <name>.debug_info</name>
         <load_address>0xda44</load_address>
         <run_address>0xda44</run_address>
         <size>0x1ea</size>
         <input_file_ref idref="fl-14d"/>
      </object_component>
      <object_component id="oc-27e">
         <name>.debug_info</name>
         <load_address>0xdc2e</load_address>
         <run_address>0xdc2e</run_address>
         <size>0x477</size>
         <input_file_ref idref="fl-14e"/>
      </object_component>
      <object_component id="oc-216">
         <name>.debug_info</name>
         <load_address>0xe0a5</load_address>
         <run_address>0xe0a5</run_address>
         <size>0x1af</size>
         <input_file_ref idref="fl-14e"/>
      </object_component>
      <object_component id="oc-206">
         <name>.debug_info</name>
         <load_address>0xe254</load_address>
         <run_address>0xe254</run_address>
         <size>0x1b1</size>
         <input_file_ref idref="fl-14e"/>
      </object_component>
      <object_component id="oc-1ff">
         <name>.debug_info</name>
         <load_address>0xe405</load_address>
         <run_address>0xe405</run_address>
         <size>0x261</size>
         <input_file_ref idref="fl-14e"/>
      </object_component>
      <object_component id="oc-21a">
         <name>.debug_info</name>
         <load_address>0xe666</load_address>
         <run_address>0xe666</run_address>
         <size>0x1f9</size>
         <input_file_ref idref="fl-14e"/>
      </object_component>
      <object_component id="oc-20e">
         <name>.debug_info</name>
         <load_address>0xe85f</load_address>
         <run_address>0xe85f</run_address>
         <size>0x396</size>
         <input_file_ref idref="fl-14e"/>
      </object_component>
      <object_component id="oc-1fb">
         <name>.debug_info</name>
         <load_address>0xebf5</load_address>
         <run_address>0xebf5</run_address>
         <size>0x1af</size>
         <input_file_ref idref="fl-14e"/>
      </object_component>
      <object_component id="oc-1f5">
         <name>.debug_info</name>
         <load_address>0xeda4</load_address>
         <run_address>0xeda4</run_address>
         <size>0x478</size>
         <input_file_ref idref="fl-14f"/>
      </object_component>
      <object_component id="oc-1f3">
         <name>.debug_info</name>
         <load_address>0xf21c</load_address>
         <run_address>0xf21c</run_address>
         <size>0x11c</size>
         <input_file_ref idref="fl-14f"/>
      </object_component>
      <object_component id="oc-12d">
         <name>.debug_info</name>
         <load_address>0xf338</load_address>
         <run_address>0xf338</run_address>
         <size>0x2b6</size>
         <input_file_ref idref="fl-14f"/>
      </object_component>
      <object_component id="oc-231">
         <name>.debug_info</name>
         <load_address>0xf5ee</load_address>
         <run_address>0xf5ee</run_address>
         <size>0x471</size>
         <input_file_ref idref="fl-150"/>
      </object_component>
      <object_component id="oc-175">
         <name>.debug_info</name>
         <load_address>0xfa5f</load_address>
         <run_address>0xfa5f</run_address>
         <size>0x208</size>
         <input_file_ref idref="fl-150"/>
      </object_component>
      <object_component id="oc-22c">
         <name>.debug_info</name>
         <load_address>0xfc67</load_address>
         <run_address>0xfc67</run_address>
         <size>0x214</size>
         <input_file_ref idref="fl-150"/>
      </object_component>
      <object_component id="oc-17b">
         <name>.debug_info</name>
         <load_address>0xfe7b</load_address>
         <run_address>0xfe7b</run_address>
         <size>0x25a</size>
         <input_file_ref idref="fl-150"/>
      </object_component>
      <object_component id="oc-212">
         <name>.debug_info</name>
         <load_address>0x100d5</load_address>
         <run_address>0x100d5</run_address>
         <size>0x1e8</size>
         <input_file_ref idref="fl-150"/>
      </object_component>
      <object_component id="oc-171">
         <name>.debug_info</name>
         <load_address>0x102bd</load_address>
         <run_address>0x102bd</run_address>
         <size>0x1f6</size>
         <input_file_ref idref="fl-150"/>
      </object_component>
      <object_component id="oc-148">
         <name>.debug_info</name>
         <load_address>0x104b3</load_address>
         <run_address>0x104b3</run_address>
         <size>0x1f4</size>
         <input_file_ref idref="fl-150"/>
      </object_component>
      <object_component id="oc-14c">
         <name>.debug_info</name>
         <load_address>0x106a7</load_address>
         <run_address>0x106a7</run_address>
         <size>0x1e4</size>
         <input_file_ref idref="fl-150"/>
      </object_component>
      <object_component id="oc-24a">
         <name>.debug_info</name>
         <load_address>0x1088b</load_address>
         <run_address>0x1088b</run_address>
         <size>0x466</size>
         <input_file_ref idref="fl-152"/>
      </object_component>
      <object_component id="oc-183">
         <name>.debug_info</name>
         <load_address>0x10cf1</load_address>
         <run_address>0x10cf1</run_address>
         <size>0x2ae</size>
         <input_file_ref idref="fl-152"/>
      </object_component>
      <object_component id="oc-187">
         <name>.debug_info</name>
         <load_address>0x10f9f</load_address>
         <run_address>0x10f9f</run_address>
         <size>0x205</size>
         <input_file_ref idref="fl-152"/>
      </object_component>
      <object_component id="oc-197">
         <name>.debug_info</name>
         <load_address>0x111a4</load_address>
         <run_address>0x111a4</run_address>
         <size>0x2f1</size>
         <input_file_ref idref="fl-152"/>
      </object_component>
      <object_component id="oc-17f">
         <name>.debug_info</name>
         <load_address>0x11495</load_address>
         <run_address>0x11495</run_address>
         <size>0x27b</size>
         <input_file_ref idref="fl-152"/>
      </object_component>
      <object_component id="oc-18f">
         <name>.debug_info</name>
         <load_address>0x11710</load_address>
         <run_address>0x11710</run_address>
         <size>0x209</size>
         <input_file_ref idref="fl-152"/>
      </object_component>
      <object_component id="oc-193">
         <name>.debug_info</name>
         <load_address>0x11919</load_address>
         <run_address>0x11919</run_address>
         <size>0x240</size>
         <input_file_ref idref="fl-152"/>
      </object_component>
      <object_component id="oc-18b">
         <name>.debug_info</name>
         <load_address>0x11b59</load_address>
         <run_address>0x11b59</run_address>
         <size>0x1f9</size>
         <input_file_ref idref="fl-152"/>
      </object_component>
      <object_component id="oc-2ce">
         <name>.debug_info</name>
         <load_address>0x11d52</load_address>
         <run_address>0x11d52</run_address>
         <size>0x9b</size>
      </object_component>
      <object_component id="oc-274">
         <name>.debug_line</name>
         <load_address>0x0</load_address>
         <run_address>0x0</run_address>
         <size>0xa4</size>
         <input_file_ref idref="fl-2"/>
      </object_component>
      <object_component id="oc-a1">
         <name>.debug_line</name>
         <load_address>0xa4</load_address>
         <run_address>0xa4</run_address>
         <size>0x49</size>
         <input_file_ref idref="fl-2"/>
      </object_component>
      <object_component id="oc-1c1">
         <name>.debug_line</name>
         <load_address>0xed</load_address>
         <run_address>0xed</run_address>
         <size>0x56</size>
         <input_file_ref idref="fl-2"/>
      </object_component>
      <object_component id="oc-7f">
         <name>.debug_line</name>
         <load_address>0x143</load_address>
         <run_address>0x143</run_address>
         <size>0x20</size>
         <input_file_ref idref="fl-2"/>
      </object_component>
      <object_component id="oc-126">
         <name>.debug_line</name>
         <load_address>0x163</load_address>
         <run_address>0x163</run_address>
         <size>0x5a</size>
         <input_file_ref idref="fl-2"/>
      </object_component>
      <object_component id="oc-1cb">
         <name>.debug_line</name>
         <load_address>0x1bd</load_address>
         <run_address>0x1bd</run_address>
         <size>0x6d</size>
         <input_file_ref idref="fl-2"/>
      </object_component>
      <object_component id="oc-25d">
         <name>.debug_line</name>
         <load_address>0x22a</load_address>
         <run_address>0x22a</run_address>
         <size>0x5c</size>
         <input_file_ref idref="fl-2"/>
      </object_component>
      <object_component id="oc-121">
         <name>.debug_line</name>
         <load_address>0x286</load_address>
         <run_address>0x286</run_address>
         <size>0x80</size>
         <input_file_ref idref="fl-2"/>
      </object_component>
      <object_component id="oc-1d5">
         <name>.debug_line</name>
         <load_address>0x306</load_address>
         <run_address>0x306</run_address>
         <size>0x56</size>
         <input_file_ref idref="fl-2"/>
      </object_component>
      <object_component id="oc-7b">
         <name>.debug_line</name>
         <load_address>0x35c</load_address>
         <run_address>0x35c</run_address>
         <size>0x20</size>
         <input_file_ref idref="fl-3"/>
      </object_component>
      <object_component id="oc-78">
         <name>.debug_line</name>
         <load_address>0x37c</load_address>
         <run_address>0x37c</run_address>
         <size>0x4b</size>
         <input_file_ref idref="fl-3"/>
      </object_component>
      <object_component id="oc-34">
         <name>.debug_line</name>
         <load_address>0x3c7</load_address>
         <run_address>0x3c7</run_address>
         <size>0x4b</size>
         <input_file_ref idref="fl-3"/>
      </object_component>
      <object_component id="oc-31">
         <name>.debug_line</name>
         <load_address>0x412</load_address>
         <run_address>0x412</run_address>
         <size>0xab</size>
         <input_file_ref idref="fl-3"/>
      </object_component>
      <object_component id="oc-247">
         <name>.debug_line</name>
         <load_address>0x4bd</load_address>
         <run_address>0x4bd</run_address>
         <size>0xd4</size>
         <input_file_ref idref="fl-4"/>
      </object_component>
      <object_component id="oc-d4">
         <name>.debug_line</name>
         <load_address>0x591</load_address>
         <run_address>0x591</run_address>
         <size>0x54</size>
         <input_file_ref idref="fl-4"/>
      </object_component>
      <object_component id="oc-235">
         <name>.debug_line</name>
         <load_address>0x5e5</load_address>
         <run_address>0x5e5</run_address>
         <size>0x137</size>
         <input_file_ref idref="fl-5"/>
      </object_component>
      <object_component id="oc-239">
         <name>.debug_line</name>
         <load_address>0x71c</load_address>
         <run_address>0x71c</run_address>
         <size>0x31</size>
         <input_file_ref idref="fl-5"/>
      </object_component>
      <object_component id="oc-23d">
         <name>.debug_line</name>
         <load_address>0x74d</load_address>
         <run_address>0x74d</run_address>
         <size>0x31</size>
         <input_file_ref idref="fl-5"/>
      </object_component>
      <object_component id="oc-23b">
         <name>.debug_line</name>
         <load_address>0x77e</load_address>
         <run_address>0x77e</run_address>
         <size>0x31</size>
         <input_file_ref idref="fl-5"/>
      </object_component>
      <object_component id="oc-237">
         <name>.debug_line</name>
         <load_address>0x7af</load_address>
         <run_address>0x7af</run_address>
         <size>0x31</size>
         <input_file_ref idref="fl-5"/>
      </object_component>
      <object_component id="oc-23f">
         <name>.debug_line</name>
         <load_address>0x7e0</load_address>
         <run_address>0x7e0</run_address>
         <size>0x31</size>
         <input_file_ref idref="fl-5"/>
      </object_component>
      <object_component id="oc-ce">
         <name>.debug_line</name>
         <load_address>0x811</load_address>
         <run_address>0x811</run_address>
         <size>0x14b</size>
         <input_file_ref idref="fl-5"/>
      </object_component>
      <object_component id="oc-259">
         <name>.debug_line</name>
         <load_address>0x95c</load_address>
         <run_address>0x95c</run_address>
         <size>0x12b</size>
         <input_file_ref idref="fl-6"/>
      </object_component>
      <object_component id="oc-241">
         <name>.debug_line</name>
         <load_address>0xa87</load_address>
         <run_address>0xa87</run_address>
         <size>0x3a</size>
         <input_file_ref idref="fl-6"/>
      </object_component>
      <object_component id="oc-243">
         <name>.debug_line</name>
         <load_address>0xac1</load_address>
         <run_address>0xac1</run_address>
         <size>0x3a</size>
         <input_file_ref idref="fl-6"/>
      </object_component>
      <object_component id="oc-da">
         <name>.debug_line</name>
         <load_address>0xafb</load_address>
         <run_address>0xafb</run_address>
         <size>0xb9</size>
         <input_file_ref idref="fl-6"/>
      </object_component>
      <object_component id="oc-c8">
         <name>.debug_line</name>
         <load_address>0xbb4</load_address>
         <run_address>0xbb4</run_address>
         <size>0x4d</size>
         <input_file_ref idref="fl-7"/>
      </object_component>
      <object_component id="oc-281">
         <name>.debug_line</name>
         <load_address>0xc01</load_address>
         <run_address>0xc01</run_address>
         <size>0x113</size>
         <input_file_ref idref="fl-8"/>
      </object_component>
      <object_component id="oc-28b">
         <name>.debug_line</name>
         <load_address>0xd14</load_address>
         <run_address>0xd14</run_address>
         <size>0x58</size>
         <input_file_ref idref="fl-8"/>
      </object_component>
      <object_component id="oc-28d">
         <name>.debug_line</name>
         <load_address>0xd6c</load_address>
         <run_address>0xd6c</run_address>
         <size>0x58</size>
         <input_file_ref idref="fl-8"/>
      </object_component>
      <object_component id="oc-28f">
         <name>.debug_line</name>
         <load_address>0xdc4</load_address>
         <run_address>0xdc4</run_address>
         <size>0x58</size>
         <input_file_ref idref="fl-8"/>
      </object_component>
      <object_component id="oc-141">
         <name>.debug_line</name>
         <load_address>0xe1c</load_address>
         <run_address>0xe1c</run_address>
         <size>0x2a3</size>
         <input_file_ref idref="fl-8"/>
      </object_component>
      <object_component id="oc-298">
         <name>.debug_line</name>
         <load_address>0x10bf</load_address>
         <run_address>0x10bf</run_address>
         <size>0x126</size>
         <input_file_ref idref="fl-a"/>
      </object_component>
      <object_component id="oc-1da">
         <name>.debug_line</name>
         <load_address>0x11e5</load_address>
         <run_address>0x11e5</run_address>
         <size>0x6d</size>
         <input_file_ref idref="fl-a"/>
      </object_component>
      <object_component id="oc-29c">
         <name>.debug_line</name>
         <load_address>0x1252</load_address>
         <run_address>0x1252</run_address>
         <size>0x5e</size>
         <input_file_ref idref="fl-a"/>
      </object_component>
      <object_component id="oc-1c6">
         <name>.debug_line</name>
         <load_address>0x12b0</load_address>
         <run_address>0x12b0</run_address>
         <size>0x58</size>
         <input_file_ref idref="fl-a"/>
      </object_component>
      <object_component id="oc-2a1">
         <name>.debug_line</name>
         <load_address>0x1308</load_address>
         <run_address>0x1308</run_address>
         <size>0x56</size>
         <input_file_ref idref="fl-a"/>
      </object_component>
      <object_component id="oc-264">
         <name>.debug_line</name>
         <load_address>0x135e</load_address>
         <run_address>0x135e</run_address>
         <size>0x20</size>
         <input_file_ref idref="fl-b"/>
      </object_component>
      <object_component id="oc-103">
         <name>.debug_line</name>
         <load_address>0x137e</load_address>
         <run_address>0x137e</run_address>
         <size>0x106</size>
         <input_file_ref idref="fl-b"/>
      </object_component>
      <object_component id="oc-1bd">
[...]
         <object_component_ref idref="oc-ff"/>
      </symbol>
      <symbol id="sm-299">
         <name>xDelayedTaskList1</name>
         <value>0x200028fc</value>
      </symbol>
      <symbol id="sm-29a">
         <name>xDelayedTaskList2</name>
         <value>0x20002910</value>
      </symbol>
      <symbol id="sm-29b">
         <name>pxDelayedTaskList</name>
         <value>0x20002958</value>
      </symbol>
      <symbol id="sm-29c">
         <name>pxOverflowDelayedTaskList</name>
         <value>0x2000295c</value>
      </symbol>
      <symbol id="sm-29d">
         <name>xPendingReadyList</name>
         <value>0x20002924</value>
      </symbol>
      <symbol id="sm-29e">
         <name>vTaskDelay</name>
         <value>0x287</value>
         <object_component_ref idref="oc-be"/>
      </symbol>
      <symbol id="sm-29f">
         <name>vTaskSuspendAll</name>
         <value>0x31f</value>
         <object_component_ref idref="oc-be"/>
      </symbol>
      <symbol id="sm-2a0">
         <name>uxCurrentNumberOfTasks</name>
         <value>0x20003968</value>
         <object_component_ref idref="oc-10a"/>
      </symbol>
      <symbol id="sm-2a1">
         <name>vTaskPlaceOnEventList</name>
         <value>0x5e9</value>
         <object_component_ref idref="oc-be"/>
      </symbol>
      <symbol id="sm-2a2">
         <name>xNumOfOverflows</name>
         <value>0x20003980</value>
         <object_component_ref idref="oc-10a"/>
      </symbol>
      <symbol id="sm-2a3">
         <name>xTaskCheckForTimeOut</name>
         <value>0x799</value>
         <object_component_ref idref="oc-be"/>
      </symbol>
      <symbol id="sm-2a4">
         <name>uxTaskNumber</name>
         <value>0x20003984</value>
         <object_component_ref idref="oc-10a"/>
      </symbol>
      <symbol id="sm-2a5">
         <name>pxReadyTasksLists</name>
         <value>0x20002830</value>
         <object_component_ref idref="oc-10d"/>
      </symbol>
      <symbol id="sm-2a6">
         <name>xYieldPending</name>
         <value>0x2000397c</value>
         <object_component_ref idref="oc-10a"/>
      </symbol>
      <symbol id="sm-2a7">
         <name>xTaskRemoveFromUnorderedEventList</name>
         <value>0x6fd</value>
         <object_component_ref idref="oc-be"/>
      </symbol>
      <symbol id="sm-2a8">
         <name>vTaskStartScheduler</name>
         <value>0x2c7</value>
         <object_component_ref idref="oc-be"/>
      </symbol>
      <symbol id="sm-2a9">
         <name>uxPendedTicks</name>
         <value>0x20003978</value>
         <object_component_ref idref="oc-10a"/>
      </symbol>
      <symbol id="sm-2aa">
         <name>uxTopReadyPriority</name>
         <value>0x20003970</value>
         <object_component_ref idref="oc-10a"/>
      </symbol>
      <symbol id="sm-2ab">
         <name>vTaskDelayUntil</name>
         <value>0x1fb</value>
         <object_component_ref idref="oc-be"/>
      </symbol>
      <symbol id="sm-2ac">
         <name>vTaskEndScheduler</name>
         <value>0x30d</value>
         <object_component_ref idref="oc-be"/>
      </symbol>
      <symbol id="sm-2ad">
         <name>vTaskMissedYield</name>
         <value>0x803</value>
         <object_component_ref idref="oc-be"/>
      </symbol>
      <symbol id="sm-2ae">
         <name>uxTaskGetNumberOfTasks</name>
         <value>0x439</value>
         <object_component_ref idref="oc-be"/>
      </symbol>
      <symbol id="sm-2af">
         <name>xSchedulerRunning</name>
         <value>0x20003974</value>
         <object_component_ref idref="oc-10a"/>
      </symbol>
      <symbol id="sm-2b0">
         <name>xTaskResumeAll</name>
         <value>0x329</value>
         <object_component_ref idref="oc-be"/>
      </symbol>
      <symbol id="sm-2b1">
         <name>xTaskGetTickCount</name>
         <value>0x405</value>
         <object_component_ref idref="oc-be"/>
      </symbol>
      <symbol id="sm-2b2">
         <name>xTaskGenericCreate</name>
         <value>0xf1</value>
         <object_component_ref idref="oc-be"/>
      </symbol>
      <symbol id="sm-2b3">
         <name>pxCurrentTCB</name>
         <value>0x20003964</value>
         <object_component_ref idref="oc-10a"/>
      </symbol>
      <symbol id="sm-2b4">
         <name>xTaskGetTickCountFromISR</name>
         <value>0x421</value>
         <object_component_ref idref="oc-be"/>
      </symbol>
      <symbol id="sm-2b5">
         <name>vTaskSetTimeOutState</name>
         <value>0x773</value>
         <object_component_ref idref="oc-be"/>
      </symbol>
      <symbol id="sm-2b6">
         <name>xTaskIncrementTick</name>
         <value>0x445</value>
         <object_component_ref idref="oc-be"/>
      </symbol>
      <symbol id="sm-2b7">
         <name>xTickCount</name>
         <value>0x2000396c</value>
         <object_component_ref idref="oc-10a"/>
      </symbol>
      <symbol id="sm-2b8">
         <name>vTaskSwitchContext</name>
         <value>0x565</value>
         <object_component_ref idref="oc-be"/>
      </symbol>
      <symbol id="sm-2b9">
         <name>uxTaskResetEventItemValue</name>
         <value>0x9ab</value>
         <object_component_ref idref="oc-be"/>
      </symbol>
      <symbol id="sm-2ba">
         <name>xNextTaskUnblockTime</name>
         <value>0x20003988</value>
         <object_component_ref idref="oc-10a"/>
      </symbol>
      <symbol id="sm-2bb">
         <name>vTaskPlaceOnUnorderedEventList</name>
         <value>0x629</value>
         <object_component_ref idref="oc-be"/>
      </symbol>
      <symbol id="sm-2bc">
         <name>xTaskRemoveFromEventList</name>
         <value>0x66f</value>
         <object_component_ref idref="oc-be"/>
      </symbol>
      <symbol id="sm-2e3">
         <name>vPortSetupTimerInterrupt</name>
         <value>0x1af7</value>
         <object_component_ref idref="oc-f9"/>
      </symbol>
      <symbol id="sm-2e4">
         <name>vPortEndScheduler</name>
         <value>0x1aa1</value>
         <object_component_ref idref="oc-f9"/>
      </symbol>
      <symbol id="sm-2e5">
         <name>xPortSysTickCount</name>
         <value>0x200039a0</value>
         <object_component_ref idref="oc-1b0"/>
      </symbol>
      <symbol id="sm-2e6">
         <name>xPortSysTickHandler</name>
         <value>0x1ad5</value>
         <object_component_ref idref="oc-f9"/>
      </symbol>
      <symbol id="sm-2e7">
         <name>vPortYieldFromISR</name>
         <value>0x1aa3</value>
         <object_component_ref idref="oc-f9"/>
      </symbol>
      <symbol id="sm-2e8">
         <name>pxPortInitialiseStack</name>
         <value>0x1a31</value>
         <object_component_ref idref="oc-f9"/>
      </symbol>
      <symbol id="sm-2e9">
         <name>vPortExitCritical</name>
         <value>0x1abd</value>
         <object_component_ref idref="oc-f9"/>
      </symbol>
      <symbol id="sm-2ea">
         <name>xPortStartScheduler</name>
         <value>0x1a79</value>
         <object_component_ref idref="oc-f9"/>
      </symbol>
      <symbol id="sm-2eb">
         <name>vPortEnterCritical</name>
         <value>0x1aad</value>
         <object_component_ref idref="oc-f9"/>
      </symbol>
      <symbol id="sm-2f9">
         <name>vPortStartFirstTask</name>
         <value>0x1e17</value>
         <object_component_ref idref="oc-105"/>
      </symbol>
      <symbol id="sm-2fa">
         <name>xPortPendSVHandler</name>
         <value>0x1da9</value>
         <object_component_ref idref="oc-105"/>
      </symbol>
      <symbol id="sm-2fb">
         <name>vPortClearInterruptMask</name>
         <value>0x1df3</value>
         <object_component_ref idref="oc-105"/>
      </symbol>
      <symbol id="sm-2fc">
         <name>ulPortSetInterruptMask</name>
         <value>0x1de5</value>
         <object_component_ref idref="oc-105"/>
      </symbol>
      <symbol id="sm-2fd">
         <name>vPortSVCHandler</name>
         <value>0x1df9</value>
         <object_component_ref idref="oc-105"/>
      </symbol>
      <symbol id="sm-342">
         <name>vPortInitialiseBlocks</name>
         <value>0x135d</value>
         <object_component_ref idref="oc-115"/>
      </symbol>
      <symbol id="sm-343">
         <name>xPortGetFreeHeapSize</name>
         <value>0x1357</value>
         <object_component_ref idref="oc-115"/>
      </symbol>
      <symbol id="sm-344">
         <name>pvPortMalloc</name>
         <value>0x11cd</value>
         <object_component_ref idref="oc-115"/>
      </symbol>
      <symbol id="sm-345">
         <name>vPortFree</name>
         <value>0x12f5</value>
         <object_component_ref idref="oc-115"/>
      </symbol>
      <symbol id="sm-355">
         <name>_c_int00</name>
         <value>0x21f5</value>
         <object_component_ref idref="oc-24"/>
      </symbol>
      <symbol id="sm-356">
         <name>__stack</name>
         <value>0x20002964</value>
         <object_component_ref idref="oc-29"/>
      </symbol>
      <symbol id="sm-36d">
         <name>__TI_decompress_none</name>
         <value>0x2443</value>
         <object_component_ref idref="oc-12"/>
      </symbol>
      <symbol id="sm-395">
         <name>__TI_decompress_rle24</name>
         <value>0x24ab</value>
         <object_component_ref idref="oc-18"/>
      </symbol>
      <symbol id="sm-3a7">
         <name>__TI_zero_init</name>
         <value>0x2451</value>
         <object_component_ref idref="oc-1e"/>
      </symbol>
      <symbol id="sm-3c6">
         <name>C$$EXIT</name>
         <value>0x216d</value>
         <object_component_ref idref="oc-6d"/>
      </symbol>
      <symbol id="sm-3c7">
         <name>abort</name>
         <value>0x2171</value>
         <object_component_ref idref="oc-6d"/>
      </symbol>
      <symbol id="sm-3c8">
         <name>exit</name>
         <value>0x2179</value>
         <object_component_ref idref="oc-6d"/>
      </symbol>
      <symbol id="sm-3c9">
         <name>__TI_dtors_ptr</name>
         <value>0x200039b8</value>
         <object_component_ref idref="oc-a8"/>
      </symbol>
      <symbol id="sm-3ca">
         <name>__TI_cleanup_ptr</name>
         <value>0x200039b4</value>
         <object_component_ref idref="oc-a8"/>
      </symbol>
      <symbol id="sm-3ea">
         <name>__aeabi_ddiv</name>
         <value>0x17d1</value>
         <object_component_ref idref="oc-19f"/>
      </symbol>
      <symbol id="sm-3f7">
         <name>__aeabi_d2uiz</name>
         <value>0x21b1</value>
         <object_component_ref idref="oc-1a4"/>
      </symbol>
      <symbol id="sm-412">
         <name>memcpy</name>
         <value>0x1c85</value>
         <object_component_ref idref="oc-36"/>
      </symbol>
      <symbol id="sm-413">
         <name>__aeabi_memcpy</name>
         <value>0x1c85</value>
         <object_component_ref idref="oc-36"/>
      </symbol>
      <symbol id="sm-414">
         <name>__aeabi_memcpy8</name>
         <value>0x1c85</value>
         <object_component_ref idref="oc-36"/>
      </symbol>
      <symbol id="sm-415">
         <name>__aeabi_memcpy4</name>
         <value>0x1c85</value>
         <object_component_ref idref="oc-36"/>
      </symbol>
      <symbol id="sm-424">
         <name>__aeabi_memset</name>
         <value>0x1e2b</value>
         <object_component_ref idref="oc-4f"/>
      </symbol>
      <symbol id="sm-425">
         <name>memset</name>
         <value>0x1e31</value>
         <object_component_ref idref="oc-4f"/>
      </symbol>
      <symbol id="sm-426">
         <name>__aeabi_memset8</name>
         <value>0x1e2b</value>
         <object_component_ref idref="oc-4f"/>
      </symbol>
      <symbol id="sm-427">
         <name>__aeabi_memset4</name>
         <value>0x1e2b</value>
         <object_component_ref idref="oc-4f"/>
      </symbol>
      <symbol id="sm-428">
         <name>__aeabi_memclr8</name>
         <value>0x1e29</value>
         <object_component_ref idref="oc-4f"/>
      </symbol>
      <symbol id="sm-429">
         <name>__aeabi_memclr4</name>
         <value>0x1e29</value>
         <object_component_ref idref="oc-4f"/>
      </symbol>
      <symbol id="sm-42a">
         <name>__aeabi_memclr</name>
         <value>0x1e29</value>
         <object_component_ref idref="oc-4f"/>
      </symbol>
      <symbol id="sm-434">
         <name>_system_pre_init</name>
         <value>0x24b1</value>
         <object_component_ref idref="oc-5b"/>
      </symbol>
      <symbol id="sm-43c">
         <name>main_func_sp</name>
         <value>0x200039bc</value>
         <object_component_ref idref="oc-73"/>
      </symbol>
      <symbol id="sm-448">
         <name>__aeabi_ui2d</name>
         <value>0x2343</value>
         <object_component_ref idref="oc-19a"/>
      </symbol>
      <symbol id="sm-461">
         <name>_nop</name>
         <value>0x23e7</value>
         <object_component_ref idref="oc-e4"/>
      </symbol>
      <symbol id="sm-462">
         <name>_lock</name>
         <value>0x200039ac</value>
         <object_component_ref idref="oc-a5"/>
      </symbol>
      <symbol id="sm-463">
         <name>_unlock</name>
         <value>0x200039b0</value>
         <object_component_ref idref="oc-a5"/>
      </symbol>
      <symbol id="sm-464">
         <name>_register_lock</name>
         <value>0x23df</value>
         <object_component_ref idref="oc-e4"/>
      </symbol>
      <symbol id="sm-465">
         <name>_register_unlock</name>
         <value>0x23d9</value>
         <object_component_ref idref="oc-e4"/>
      </symbol>
      <symbol id="sm-47a">
         <name>_args_main</name>
         <value>0x2381</value>
         <object_component_ref idref="oc-67"/>
      </symbol>
      <symbol id="sm-4a0">
         <name>__TI_auto_init</name>
         <value>0x1f11</value>
         <object_component_ref idref="oc-61"/>
      </symbol>
      <symbol id="sm-4ba">
         <name>copy_in</name>
         <value>0x2099</value>
         <object_component_ref idref="oc-95"/>
      </symbol>
      <symbol id="sm-4df">
         <name>SysTickEnable</name>
         <value>0x23b1</value>
         <object_component_ref idref="oc-138"/>
      </symbol>
      <symbol id="sm-4e0">
         <name>SysTickIntRegister</name>
         <value>0x2365</value>
         <object_component_ref idref="oc-130"/>
      </symbol>
      <symbol id="sm-4e1">
         <name>SysTickIntEnable</name>
         <value>0x23c5</value>
         <object_component_ref idref="oc-134"/>
      </symbol>
      <symbol id="sm-574">
         <name>SysCtlClockSet</name>
         <value>0x168d</value>
         <object_component_ref idref="oc-128"/>
      </symbol>
      <symbol id="sm-575">
         <name>SysCtlDelay</name>
         <value>0x24a5</value>
         <object_component_ref idref="oc-1eb"/>
      </symbol>
      <symbol id="sm-576">
         <name>SysCtlPeripheralEnable</name>
         <value>0x2041</value>
         <object_component_ref idref="oc-143"/>
      </symbol>
      <symbol id="sm-577">
         <name>SysCtlClockGet</name>
         <value>0x1381</value>
         <object_component_ref idref="oc-209"/>
      </symbol>
      <symbol id="sm-578">
         <name>SysCtlPeripheralDisable</name>
         <value>0x1fe9</value>
         <object_component_ref idref="oc-153"/>
      </symbol>
      <symbol id="sm-579">
         <name>SysCtlPeripheralReset</name>
         <value>0x1d21</value>
         <object_component_ref idref="oc-14f"/>
      </symbol>
      <symbol id="sm-5ad">
         <name>SSIDataPut</name>
         <value>0x2473</value>
         <object_component_ref idref="oc-1fe"/>
      </symbol>
      <symbol id="sm-5ae">
         <name>SSIDataGetNonBlocking</name>
         <value>0x2423</value>
         <object_component_ref idref="oc-219"/>
      </symbol>
      <symbol id="sm-5af">
         <name>SSIConfigSetExpClk</name>
         <value>0x20e5</value>
         <object_component_ref idref="oc-20d"/>
      </symbol>
      <symbol id="sm-5b0">
         <name>SSIEnable</name>
         <value>0x2487</value>
         <object_component_ref idref="oc-215"/>
      </symbol>
      <symbol id="sm-5b1">
         <name>SSIBusy</name>
         <value>0x2491</value>
         <object_component_ref idref="oc-1fa"/>
      </symbol>
      <symbol id="sm-5b2">
         <name>SSIDisable</name>
         <value>0x247d</value>
         <object_component_ref idref="oc-205"/>
      </symbol>
      <symbol id="sm-5c8">
         <name>IntRegister</name>
         <value>0x2269</value>
         <object_component_ref idref="oc-12c"/>
      </symbol>
      <symbol id="sm-5c9">
         <name>g_pfnRAMVectors</name>
         <value>0x20000000</value>
         <object_component_ref idref="oc-1f2"/>
      </symbol>
      <symbol id="sm-60e">
         <name>GPIOPinTypeGPIOInput</name>
         <value>0x23ed</value>
         <object_component_ref idref="oc-147"/>
      </symbol>
      <symbol id="sm-60f">
         <name>GPIOPinTypeGPIOOutput</name>
         <value>0x23ff</value>
         <object_component_ref idref="oc-170"/>
      </symbol>
      <symbol id="sm-610">
         <name>GPIOPinRead</name>
         <value>0x2499</value>
         <object_component_ref idref="oc-14b"/>
      </symbol>
      <symbol id="sm-611">
         <name>GPIODirModeSet</name>
         <value>0x22cb</value>
         <object_component_ref idref="oc-22b"/>
      </symbol>
      <symbol id="sm-612">
         <name>GPIOPinWrite</name>
         <value>0x249f</value>
         <object_component_ref idref="oc-174"/>
      </symbol>
      <symbol id="sm-613">
         <name>GPIOPadConfigSet</name>
         <value>0x1b21</value>
         <object_component_ref idref="oc-17a"/>
      </symbol>
      <symbol id="sm-614">
         <name>GPIOPinTypeSSI</name>
         <value>0x2411</value>
         <object_component_ref idref="oc-211"/>
      </symbol>
      <symbol id="sm-651">
         <name>ADCProcessorTrigger</name>
         <value>0x2399</value>
         <object_component_ref idref="oc-18e"/>
      </symbol>
      <symbol id="sm-652">
         <name>ADCSequenceEnable</name>
         <value>0x2435</value>
         <object_component_ref idref="oc-186"/>
      </symbol>
      <symbol id="sm-653">
         <name>ADCSequenceConfigure</name>
         <value>0x22f9</value>
         <object_component_ref idref="oc-17e"/>
      </symbol>
      <symbol id="sm-654">
         <name>ADCSequenceStepConfigure</name>
         <value>0x1ea3</value>
         <object_component_ref idref="oc-182"/>
      </symbol>
      <symbol id="sm-655">
         <name>ADCIntClear</name>
         <value>0x2469</value>
         <object_component_ref idref="oc-18a"/>
      </symbol>
      <symbol id="sm-656">
         <name>ADCIntStatus</name>
         <value>0x229d</value>
         <object_component_ref idref="oc-192"/>
      </symbol>
      <symbol id="sm-657">
         <name>ADCSequenceDataGet</name>
         <value>0x2323</value>
         <object_component_ref idref="oc-196"/>
      </symbol>
      <symbol id="sm-658">
         <name>__TI_static_base__</name>
         <value>0x0</value>
      </symbol>
      <symbol id="sm-65b">
         <name>SHT$$INIT_ARRAY$$Limit</name>
         <value>0x0</value>
      </symbol>
      <symbol id="sm-65c">
         <name>SHT$$INIT_ARRAY$$Base</name>
         <value>0x0</value>
      </symbol>
   </symbol_table>
   <title>Link successful</title>
</link_info>
