<?xml version="1.0"?>
<link_info>
   <banner>TI ARM Linker PC v5.2.2</banner>
   <copyright>Copyright (c) 1996-2015 Texas Instruments Incorporated</copyright>
   <link_time>0x5717d359</link_time>
   <link_errors>0x0</link_errors>
   <output_file>EECS_388_P6_2.out</output_file>
   <entry_point>
      <name>_c_int00</name>
      <address>0x3bb1</address>
   </entry_point>
   <input_file_list>
      <input_file id="fl-2">
         <path>.\</path>
         <kind>object</kind>
         <file>main.obj</file>
         <name>main.obj</name>
      </input_file>
      <input_file id="fl-3">
         <path>.\targetConfigs\</path>
         <kind>object</kind>
         <file>lm3s1968_startup_ccs.obj</file>
         <name>lm3s1968_startup_ccs.obj</name>
      </input_file>
      <input_file id="fl-4">
         <path>.\src\</path>
         <kind>object</kind>
         <file>led.obj</file>
         <name>led.obj</name>
      </input_file>
      <input_file id="fl-5">
         <path>.\src\</path>
         <kind>object</kind>
         <file>oled.obj</file>
         <name>oled.obj</name>
      </input_file>
      <input_file id="fl-6">
         <path>.\src\</path>
         <kind>object</kind>
         <file>potentiometer.obj</file>
         <name>potentiometer.obj</name>
      </input_file>
      <input_file id="fl-7">
         <path>.\src\</path>
         <kind>object</kind>
         <file>speaker.obj</file>
         <name>speaker.obj</name>
      </input_file>
      <input_file id="fl-8">
         <path>.\src\</path>
         <kind>object</kind>
         <file>system.obj</file>
         <name>system.obj</name>
      </input_file>
      <input_file id="fl-9">
         <path>.\src\OLED_Driver\</path>
         <kind>object</kind>
         <file>rit128x96x4.obj</file>
         <name>rit128x96x4.obj</name>
      </input_file>
      <input_file id="fl-a">
         <path>.\src\FreeRTOS\</path>
         <kind>object</kind>
         <file>croutine.obj</file>
         <name>croutine.obj</name>
      </input_file>
      <input_file id="fl-b">
         <path>.\src\FreeRTOS\</path>
         <kind>object</kind>
         <file>event_groups.obj</file>
         <name>event_groups.obj</name>
      </input_file>
      <input_file id="fl-c">
         <path>.\src\FreeRTOS\</path>
         <kind>object</kind>
         <file>list.obj</file>
         <name>list.obj</name>
      </input_file>
      <input_file id="fl-d">
         <path>.\src\FreeRTOS\</path>
         <kind>object</kind>
         <file>queue.obj</file>
         <name>queue.obj</name>
      </input_file>
      <input_file id="fl-e">
         <path>.\src\FreeRTOS\</path>
         <kind>object</kind>
         <file>tasks.obj</file>
         <name>tasks.obj</name>
      </input_file>
      <input_file id="fl-f">
         <path>.\src\FreeRTOS\</path>
         <kind>object</kind>
         <file>timers.obj</file>
         <name>timers.obj</name>
      </input_file>
      <input_file id="fl-10">
         <path>.\src\FreeRTOS\portable\CCS6\ARM_CM4F\</path>
         <kind>object</kind>
         <file>port.obj</file>
         <name>port.obj</name>
      </input_file>
      <input_file id="fl-11">
         <path>.\src\FreeRTOS\portable\CCS6\ARM_CM4F\</path>
         <kind>object</kind>
         <file>portasm.obj</file>
         <name>portasm.obj</name>
      </input_file>
      <input_file id="fl-12">
         <path>.\src\FreeRTOS\portable\CCS6\ARM_CM3\</path>
         <kind>object</kind>
         <file>port.obj</file>
         <name>port.obj</name>
      </input_file>
      <input_file id="fl-13">
         <path>.\src\FreeRTOS\portable\CCS6\ARM_CM3\</path>
         <kind>object</kind>
         <file>portasm.obj</file>
         <name>portasm.obj</name>
      </input_file>
      <input_file id="fl-14">
         <path>.\src\FreeRTOS\portable\CCS5\ARM_CM3\</path>
         <kind>object</kind>
         <file>port.obj</file>
         <name>port.obj</name>
      </input_file>
      <input_file id="fl-15">
         <path>.\src\FreeRTOS\portable\CCS5\ARM_CM3\</path>
         <kind>object</kind>
         <file>portasm.obj</file>
         <name>portasm.obj</name>
      </input_file>
      <input_file id="fl-16">
         <path>.\src\FreeRTOS\include\</path>
         <kind>object</kind>
         <file>heap_2.obj</file>
         <name>heap_2.obj</name>
      </input_file>
      <input_file id="fl-13d">
         <path>C:\TI_CodeComposer\ccsv6\tools\compiler\ti-cgt-arm_5.2.2\lib\</path>
         <kind>archive</kind>
         <file>rtsv7M3_T_le_eabi.lib</file>
         <name>boot.obj</name>
      </input_file>
      <input_file id="fl-13e">
         <path>C:\TI_CodeComposer\ccsv6\tools\compiler\ti-cgt-arm_5.2.2\lib\</path>
         <kind>archive</kind>
         <file>rtsv7M3_T_le_eabi.lib</file>
         <name>copy_decompress_none.obj</name>
      </input_file>
      <input_file id="fl-13f">
         <path>C:\TI_CodeComposer\ccsv6\tools\compiler\ti-cgt-arm_5.2.2\lib\</path>
         <kind>archive</kind>
         <file>rtsv7M3_T_le_eabi.lib</file>
         <name>copy_decompress_rle.obj</name>
      </input_file>
      <input_file id="fl-140">
         <path>C:\TI_CodeComposer\ccsv6\tools\compiler\ti-cgt-arm_5.2.2\lib\</path>
         <kind>archive</kind>
         <file>rtsv7M3_T_le_eabi.lib</file>
         <name>copy_zero_init.obj</name>
      </input_file>
      <input_file id="fl-141">
         <path>C:\TI_CodeComposer\ccsv6\tools\compiler\ti-cgt-arm_5.2.2\lib\</path>
         <kind>archive</kind>
         <file>rtsv7M3_T_le_eabi.lib</file>
         <name>exit.obj</name>
      </input_file>
      <input_file id="fl-142">
         <path>C:\TI_CodeComposer\ccsv6\tools\compiler\ti-cgt-arm_5.2.2\lib\</path>
         <kind>archive</kind>
         <file>rtsv7M3_T_le_eabi.lib</file>
         <name>fd_add_t2.obj</name>
      </input_file>
      <input_file id="fl-143">
         <path>C:\TI_CodeComposer\ccsv6\tools\compiler\ti-cgt-arm_5.2.2\lib\</path>
         <kind>archive</kind>
         <file>rtsv7M3_T_le_eabi.lib</file>
         <name>fd_div_t2.obj</name>
      </input_file>
      <input_file id="fl-144">
         <path>C:\TI_CodeComposer\ccsv6\tools\compiler\ti-cgt-arm_5.2.2\lib\</path>
         <kind>archive</kind>
         <file>rtsv7M3_T_le_eabi.lib</file>
         <name>fd_tou_t2.obj</name>
      </input_file>
      <input_file id="fl-145">
         <path>C:\TI_CodeComposer\ccsv6\tools\compiler\ti-cgt-arm_5.2.2\lib\</path>
         <kind>archive</kind>
         <file>rtsv7M3_T_le_eabi.lib</file>
         <name>memcpy_t2.obj</name>
      </input_file>
      <input_file id="fl-146">
         <path>C:\TI_CodeComposer\ccsv6\tools\compiler\ti-cgt-arm_5.2.2\lib\</path>
         <kind>archive</kind>
         <file>rtsv7M3_T_le_eabi.lib</file>
         <name>memset_t2.obj</name>
      </input_file>
      <input_file id="fl-147">
         <path>C:\TI_CodeComposer\ccsv6\tools\compiler\ti-cgt-arm_5.2.2\lib\</path>
         <kind>archive</kind>
         <file>rtsv7M3_T_le_eabi.lib</file>
         <name>pre_init.obj</name>
      </input_file>
      <input_file id="fl-148">
         <path>C:\TI_CodeComposer\ccsv6\tools\compiler\ti-cgt-arm_5.2.2\lib\</path>
         <kind>archive</kind>
         <file>rtsv7M3_T_le_eabi.lib</file>
         <name>sprintf.obj</name>
      </input_file>
      <input_file id="fl-149">
         <path>C:\TI_CodeComposer\ccsv6\tools\compiler\ti-cgt-arm_5.2.2\lib\</path>
         <kind>archive</kind>
         <file>rtsv7M3_T_le_eabi.lib</file>
         <name>stkdepth_vars.obj</name>
      </input_file>
      <input_file id="fl-14a">
         <path>C:\TI_CodeComposer\ccsv6\tools\compiler\ti-cgt-arm_5.2.2\lib\</path>
         <kind>archive</kind>
         <file>rtsv7M3_T_le_eabi.lib</file>
         <name>u_tofd_t2.obj</name>
      </input_file>
      <input_file id="fl-14b">
         <path>C:\TI_CodeComposer\ccsv6\tools\compiler\ti-cgt-arm_5.2.2\lib\</path>
         <kind>archive</kind>
         <file>rtsv7M3_T_le_eabi.lib</file>
         <name>_lock.obj</name>
      </input_file>
      <input_file id="fl-14c">
         <path>C:\TI_CodeComposer\ccsv6\tools\compiler\ti-cgt-arm_5.2.2\lib\</path>
         <kind>archive</kind>
         <file>rtsv7M3_T_le_eabi.lib</file>
         <name>_printfi.obj</name>
      </input_file>
      <input_file id="fl-14d">
         <path>C:\TI_CodeComposer\ccsv6\tools\compiler\ti-cgt-arm_5.2.2\lib\</path>
         <kind>archive</kind>
         <file>rtsv7M3_T_le_eabi.lib</file>
         <name>args_main.obj</name>
      </input_file>
      <input_file id="fl-14e">
         <path>C:\TI_CodeComposer\ccsv6\tools\compiler\ti-cgt-arm_5.2.2\lib\</path>
         <kind>archive</kind>
         <file>rtsv7M3_T_le_eabi.lib</file>
         <name>atoi.obj</name>
      </input_file>
      <input_file id="fl-14f">
         <path>C:\TI_CodeComposer\ccsv6\tools\compiler\ti-cgt-arm_5.2.2\lib\</path>
         <kind>archive</kind>
         <file>rtsv7M3_T_le_eabi.lib</file>
         <name>autoinit.obj</name>
      </input_file>
      <input_file id="fl-150">
         <path>C:\TI_CodeComposer\ccsv6\tools\compiler\ti-cgt-arm_5.2.2\lib\</path>
         <kind>archive</kind>
         <file>rtsv7M3_T_le_eabi.lib</file>
         <name>cpy_tbl.obj</name>
      </input_file>
      <input_file id="fl-151">
         <path>C:\TI_CodeComposer\ccsv6\tools\compiler\ti-cgt-arm_5.2.2\lib\</path>
         <kind>archive</kind>
         <file>rtsv7M3_T_le_eabi.lib</file>
         <name>ctype.obj</name>
      </input_file>
      <input_file id="fl-152">
         <path>C:\TI_CodeComposer\ccsv6\tools\compiler\ti-cgt-arm_5.2.2\lib\</path>
         <kind>archive</kind>
         <file>rtsv7M3_T_le_eabi.lib</file>
         <name>fd_cmp_t2.obj</name>
      </input_file>
      <input_file id="fl-153">
         <path>C:\TI_CodeComposer\ccsv6\tools\compiler\ti-cgt-arm_5.2.2\lib\</path>
         <kind>archive</kind>
         <file>rtsv7M3_T_le_eabi.lib</file>
         <name>fd_mul_t2.obj</name>
      </input_file>
      <input_file id="fl-154">
         <path>C:\TI_CodeComposer\ccsv6\tools\compiler\ti-cgt-arm_5.2.2\lib\</path>
         <kind>archive</kind>
         <file>rtsv7M3_T_le_eabi.lib</file>
         <name>fd_toi_t2.obj</name>
      </input_file>
      <input_file id="fl-155">
         <path>C:\TI_CodeComposer\ccsv6\tools\compiler\ti-cgt-arm_5.2.2\lib\</path>
         <kind>archive</kind>
         <file>rtsv7M3_T_le_eabi.lib</file>
         <name>frexp.obj</name>
      </input_file>
      <input_file id="fl-156">
         <path>C:\TI_CodeComposer\ccsv6\tools\compiler\ti-cgt-arm_5.2.2\lib\</path>
         <kind>archive</kind>
         <file>rtsv7M3_T_le_eabi.lib</file>
         <name>i_tofd_t2.obj</name>
      </input_file>
      <input_file id="fl-157">
         <path>C:\TI_CodeComposer\ccsv6\tools\compiler\ti-cgt-arm_5.2.2\lib\</path>
         <kind>archive</kind>
         <file>rtsv7M3_T_le_eabi.lib</file>
         <name>ldexp.obj</name>
      </input_file>
      <input_file id="fl-158">
         <path>C:\TI_CodeComposer\ccsv6\tools\compiler\ti-cgt-arm_5.2.2\lib\</path>
         <kind>archive</kind>
         <file>rtsv7M3_T_le_eabi.lib</file>
         <name>ltoa.obj</name>
      </input_file>
      <input_file id="fl-159">
         <path>C:\TI_CodeComposer\ccsv6\tools\compiler\ti-cgt-arm_5.2.2\lib\</path>
         <kind>archive</kind>
         <file>rtsv7M3_T_le_eabi.lib</file>
         <name>memccpy.obj</name>
      </input_file>
      <input_file id="fl-15a">
         <path>C:\TI_CodeComposer\ccsv6\tools\compiler\ti-cgt-arm_5.2.2\lib\</path>
         <kind>archive</kind>
         <file>rtsv7M3_T_le_eabi.lib</file>
         <name>strchr.obj</name>
      </input_file>
      <input_file id="fl-15b">
         <path>C:\TI_CodeComposer\ccsv6\tools\compiler\ti-cgt-arm_5.2.2\lib\</path>
         <kind>archive</kind>
         <file>rtsv7M3_T_le_eabi.lib</file>
         <name>strlen.obj</name>
      </input_file>
      <input_file id="fl-15c">
         <path>C:\TI_CodeComposer\ccsv6\tools\compiler\ti-cgt-arm_5.2.2\lib\</path>
         <kind>archive</kind>
         <file>rtsv7M3_T_le_eabi.lib</file>
         <name>ull_div_t2.obj</name>
      </input_file>
      <input_file id="fl-15d">
         <path>C:\TI_CodeComposer\ccsv6\tools\compiler\ti-cgt-arm_5.2.2\lib\</path>
         <kind>archive</kind>
         <file>rtsv7M3_T_le_eabi.lib</file>
         <name>xdclass.obj</name>
      </input_file>
      <input_file id="fl-15e">
         <path>C:\TI_CodeComposer\ccsv6\tools\compiler\ti-cgt-arm_5.2.2\lib\</path>
         <kind>archive</kind>
         <file>rtsv7M3_T_le_eabi.lib</file>
         <name>xdscale.obj</name>
      </input_file>
      <input_file id="fl-15f">
         <path>C:\TI_CodeComposer\ccsv6\tools\compiler\ti-cgt-arm_5.2.2\lib\</path>
         <kind>archive</kind>
         <file>rtsv7M3_T_le_eabi.lib</file>
         <name>xdunscal.obj</name>
      </input_file>
      <input_file id="fl-160">
         <path>C:\TI_CodeComposer\ccsv6\tools\compiler\ti-cgt-arm_5.2.2\lib\</path>
         <kind>archive</kind>
         <file>rtsv7M3_T_le_eabi.lib</file>
         <name>xferaise.obj</name>
      </input_file>
      <input_file id="fl-161">
         <path>C:\TI_CodeComposer\ccsv6\tools\compiler\ti-cgt-arm_5.2.2\lib\</path>
         <kind>archive</kind>
         <file>rtsv7M3_T_le_eabi.lib</file>
         <name>xvalues.obj</name>
      </input_file>
      <input_file id="fl-162">
         <path>C:\TI_CodeComposer\ccsv6\tools\compiler\ti-cgt-arm_5.2.2\lib\</path>
         <kind>archive</kind>
         <file>rtsv7M3_T_le_eabi.lib</file>
         <name>errno.obj</name>
      </input_file>
      <input_file id="fl-163">
         <path>C:\TI_CodeComposer\ccsv6\tools\compiler\ti-cgt-arm_5.2.2\lib\</path>
         <kind>archive</kind>
         <file>rtsv7M3_T_le_eabi.lib</file>
         <name>feraiseexcept.obj</name>
      </input_file>
      <input_file id="fl-164">
         <path>C:\TI_CodeComposer\ccsv6\tools\compiler\ti-cgt-arm_5.2.2\lib\</path>
         <kind>archive</kind>
         <file>rtsv7M3_T_le_eabi.lib</file>
         <name>raise.obj</name>
      </input_file>
      <input_file id="fl-165">
         <path>C:\TI_CodeComposer\ccsv6\tools\compiler\ti-cgt-arm_5.2.2\lib\</path>
         <kind>archive</kind>
         <file>rtsv7M3_T_le_eabi.lib</file>
         <name>signal.obj</name>
      </input_file>
      <input_file id="fl-166">
         <path>C:\TI_CodeComposer\ccsv6\tools\compiler\ti-cgt-arm_5.2.2\lib\</path>
         <kind>archive</kind>
         <file>rtsv7M3_T_le_eabi.lib</file>
         <name>xdnorm.obj</name>
      </input_file>
      <input_file id="fl-167">
         <path>C:\TI_CodeComposer\StellarisWare-LM3S1968\driverlib\ccs-cm3\Debug\</path>
         <kind>archive</kind>
         <file>driverlib-cm3.lib</file>
         <name>systick.obj</name>
      </input_file>
      <input_file id="fl-168">
         <path>C:\TI_CodeComposer\StellarisWare-LM3S1968\driverlib\ccs-cm3\Debug\</path>
         <kind>archive</kind>
         <file>driverlib-cm3.lib</file>
         <name>sysctl.obj</name>
      </input_file>
      <input_file id="fl-169">
         <path>C:\TI_CodeComposer\StellarisWare-LM3S1968\driverlib\ccs-cm3\Debug\</path>
         <kind>archive</kind>
         <file>driverlib-cm3.lib</file>
         <name>ssi.obj</name>
      </input_file>
      <input_file id="fl-16a">
         <path>C:\TI_CodeComposer\StellarisWare-LM3S1968\driverlib\ccs-cm3\Debug\</path>
         <kind>archive</kind>
         <file>driverlib-cm3.lib</file>
         <name>interrupt.obj</name>
      </input_file>
      <input_file id="fl-16b">
         <path>C:\TI_CodeComposer\StellarisWare-LM3S1968\driverlib\ccs-cm3\Debug\</path>
         <kind>archive</kind>
         <file>driverlib-cm3.lib</file>
         <name>gpio.obj</name>
      </input_file>
      <input_file id="fl-16c">
         <path>C:\TI_CodeComposer\StellarisWare-LM3S1968\driverlib\ccs-cm3\Debug\</path>
         <kind>archive</kind>
         <file>driverlib-cm3.lib</file>
         <name>cpu.obj</name>
      </input_file>
      <input_file id="fl-16d">
         <path>C:\TI_CodeComposer\StellarisWare-LM3S1968\driverlib\ccs-cm3\Debug\</path>
         <kind>archive</kind>
         <file>driverlib-cm3.lib</file>
         <name>adc.obj</name>
      </input_file>
   </input_file_list>
   <object_component_list>
      <object_component id="oc-f">
         <name>.intvecs</name>
         <load_address>0x0</load_address>
         <run_address>0x0</run_address>
         <size>0xf0</size>
         <input_file_ref idref="fl-3"/>
      </object_component>
      <object_component id="oc-233">
         <name>.text</name>
         <load_address>0xf0</load_address>
         <run_address>0xf0</run_address>
         <size>0x109a</size>
         <input_file_ref idref="fl-14c"/>
      </object_component>
      <object_component id="oc-be">
         <name>.text</name>
         <load_address>0x118c</load_address>
         <run_address>0x118c</run_address>
         <size>0x900</size>
         <input_file_ref idref="fl-e"/>
      </object_component>
      <object_component id="oc-143">
         <name>.text</name>
         <load_address>0x1a8c</load_address>
         <run_address>0x1a8c</run_address>
         <size>0x510</size>
         <input_file_ref idref="fl-9"/>
      </object_component>
      <object_component id="oc-29d">
         <name>.text</name>
         <load_address>0x1f9c</load_address>
         <run_address>0x1f9c</run_address>
         <size>0x1f4</size>
         <input_file_ref idref="fl-15c"/>
      </object_component>
      <object_component id="oc-ca">
         <name>.text</name>
         <load_address>0x2190</load_address>
         <run_address>0x2190</run_address>
         <size>0x1c0</size>
         <input_file_ref idref="fl-5"/>
      </object_component>
      <object_component id="oc-1a8">
         <name>.text</name>
         <load_address>0x2350</load_address>
         <run_address>0x2350</run_address>
         <size>0x1b6</size>
         <input_file_ref idref="fl-142"/>
      </object_component>
      <object_component id="oc-11b">
         <name>.text</name>
         <load_address>0x2508</load_address>
         <run_address>0x2508</run_address>
         <size>0x1b4</size>
         <input_file_ref idref="fl-16"/>
      </object_component>
      <object_component id="oc-208">
         <name>.text:SysCtlClockGet</name>
         <load_address>0x26bc</load_address>
         <run_address>0x26bc</run_address>
         <size>0x198</size>
         <input_file_ref idref="fl-168"/>
      </object_component>
      <object_component id="oc-12e">
         <name>.text:SysCtlClockSet</name>
         <load_address>0x2854</load_address>
         <run_address>0x2854</run_address>
         <size>0x144</size>
         <input_file_ref idref="fl-168"/>
      </object_component>
      <object_component id="oc-196">
         <name>.text</name>
         <load_address>0x2998</load_address>
         <run_address>0x2998</run_address>
         <size>0x136</size>
         <input_file_ref idref="fl-143"/>
      </object_component>
      <object_component id="oc-105">
         <name>.text</name>
         <load_address>0x2ace</load_address>
         <run_address>0x2ace</run_address>
         <size>0x12a</size>
         <input_file_ref idref="fl-c"/>
      </object_component>
      <object_component id="oc-322">
         <name>.text</name>
         <load_address>0x2bf8</load_address>
         <run_address>0x2bf8</run_address>
         <size>0x110</size>
         <input_file_ref idref="fl-15e"/>
      </object_component>
      <object_component id="oc-2ad">
         <name>.text</name>
         <load_address>0x2d08</load_address>
         <run_address>0x2d08</run_address>
         <size>0xfc</size>
         <input_file_ref idref="fl-153"/>
      </object_component>
      <object_component id="oc-d6">
         <name>.text</name>
         <load_address>0x2e04</load_address>
         <run_address>0x2e04</run_address>
         <size>0xf4</size>
         <input_file_ref idref="fl-6"/>
      </object_component>
      <object_component id="oc-ff">
         <name>.text</name>
         <load_address>0x2ef8</load_address>
         <run_address>0x2ef8</run_address>
         <size>0xf0</size>
         <input_file_ref idref="fl-12"/>
      </object_component>
      <object_component id="oc-1a4">
         <name>.text:GPIOPadConfigSet</name>
         <load_address>0x2fe8</load_address>
         <run_address>0x2fe8</run_address>
         <size>0xc8</size>
         <input_file_ref idref="fl-16b"/>
      </object_component>
      <object_component id="oc-9d">
         <name>.text</name>
         <load_address>0x30b0</load_address>
         <run_address>0x30b0</run_address>
         <size>0xc8</size>
         <input_file_ref idref="fl-2"/>
      </object_component>
      <object_component id="oc-dc">
         <name>.text</name>
         <load_address>0x3178</load_address>
         <run_address>0x3178</run_address>
         <size>0xc4</size>
         <input_file_ref idref="fl-7"/>
      </object_component>
      <object_component id="oc-346">
         <name>.text</name>
         <load_address>0x323c</load_address>
         <run_address>0x323c</run_address>
         <size>0xbe</size>
         <input_file_ref idref="fl-166"/>
      </object_component>
      <object_component id="oc-36">
         <name>.text</name>
         <load_address>0x32fa</load_address>
         <run_address>0x32fa</run_address>
         <size>0x9c</size>
         <input_file_ref idref="fl-145"/>
      </object_component>
      <object_component id="oc-155">
         <name>.text:SysCtlPeripheralReset</name>
         <load_address>0x3398</load_address>
         <run_address>0x3398</run_address>
         <size>0x88</size>
         <input_file_ref idref="fl-168"/>
      </object_component>
      <object_component id="oc-2a8">
         <name>.text:__aeabi_cdcmple</name>
         <load_address>0x3420</load_address>
         <run_address>0x3420</run_address>
         <size>0x86</size>
         <input_file_ref idref="fl-152"/>
      </object_component>
      <object_component id="oc-2b2">
         <name>.text:__aeabi_cdrcmple</name>
         <load_address>0x34a6</load_address>
         <run_address>0x34a6</run_address>
         <size>0x86</size>
         <input_file_ref idref="fl-152"/>
      </object_component>
      <object_component id="oc-10b">
         <name>.text</name>
         <load_address>0x352c</load_address>
         <run_address>0x352c</run_address>
         <size>0x80</size>
         <input_file_ref idref="fl-13"/>
      </object_component>
      <object_component id="oc-4f">
         <name>.text</name>
         <load_address>0x35ac</load_address>
         <run_address>0x35ac</run_address>
         <size>0x7a</size>
         <input_file_ref idref="fl-146"/>
      </object_component>
      <object_component id="oc-179">
         <name>.text:ADCSequenceStepConfigure</name>
         <load_address>0x3626</load_address>
         <run_address>0x3626</run_address>
         <size>0x6c</size>
         <input_file_ref idref="fl-16d"/>
      </object_component>
      <object_component id="oc-61">
         <name>.text</name>
         <load_address>0x3694</load_address>
         <run_address>0x3694</run_address>
         <size>0x6c</size>
         <input_file_ref idref="fl-14f"/>
      </object_component>
      <object_component id="oc-42">
         <name>.text</name>
         <load_address>0x3700</load_address>
         <run_address>0x3700</run_address>
         <size>0x6a</size>
         <input_file_ref idref="fl-13f"/>
      </object_component>
      <object_component id="oc-31a">
         <name>.text</name>
         <load_address>0x376a</load_address>
         <run_address>0x376a</run_address>
         <size>0x66</size>
         <input_file_ref idref="fl-15f"/>
      </object_component>
      <object_component id="oc-15d">
         <name>.text</name>
         <load_address>0x37d0</load_address>
         <run_address>0x37d0</run_address>
         <size>0x60</size>
         <input_file_ref idref="fl-148"/>
      </object_component>
      <object_component id="oc-159">
         <name>.text:SysCtlPeripheralDisable</name>
         <load_address>0x3830</load_address>
         <run_address>0x3830</run_address>
         <size>0x58</size>
         <input_file_ref idref="fl-168"/>
      </object_component>
      <object_component id="oc-149">
         <name>.text:SysCtlPeripheralEnable</name>
         <load_address>0x3888</load_address>
         <run_address>0x3888</run_address>
         <size>0x58</size>
         <input_file_ref idref="fl-168"/>
      </object_component>
      <object_component id="oc-2bc">
         <name>.text</name>
         <load_address>0x38e0</load_address>
         <run_address>0x38e0</run_address>
         <size>0x56</size>
         <input_file_ref idref="fl-158"/>
      </object_component>
      <object_component id="oc-2e5">
         <name>.text</name>
         <load_address>0x3938</load_address>
         <run_address>0x3938</run_address>
         <size>0x4c</size>
         <input_file_ref idref="fl-14e"/>
      </object_component>
      <object_component id="oc-95">
         <name>.text</name>
         <load_address>0x3984</load_address>
         <run_address>0x3984</run_address>
         <size>0x4c</size>
         <input_file_ref idref="fl-150"/>
      </object_component>
      <object_component id="oc-2b7">
         <name>.text</name>
         <load_address>0x39d0</load_address>
         <run_address>0x39d0</run_address>
         <size>0x48</size>
         <input_file_ref idref="fl-154"/>
      </object_component>
      <object_component id="oc-2cd">
         <name>.text</name>
         <load_address>0x3a18</load_address>
         <run_address>0x3a18</run_address>
         <size>0x46</size>
         <input_file_ref idref="fl-157"/>
      </object_component>
      <object_component id="oc-20c">
         <name>.text:SSIConfigSetExpClk</name>
         <load_address>0x3a5e</load_address>
         <run_address>0x3a5e</run_address>
         <size>0x44</size>
         <input_file_ref idref="fl-169"/>
      </object_component>
      <object_component id="oc-d0">
         <name>.text</name>
         <load_address>0x3aa4</load_address>
         <run_address>0x3aa4</run_address>
         <size>0x44</size>
         <input_file_ref idref="fl-4"/>
      </object_component>
      <object_component id="oc-6d">
         <name>.text</name>
         <load_address>0x3ae8</load_address>
         <run_address>0x3ae8</run_address>
         <size>0x44</size>
         <input_file_ref idref="fl-141"/>
      </object_component>
      <object_component id="oc-19b">
         <name>.text</name>
         <load_address>0x3b2c</load_address>
         <run_address>0x3b2c</run_address>
         <size>0x44</size>
         <input_file_ref idref="fl-144"/>
      </object_component>
      <object_component id="oc-389">
         <name>.text</name>
         <load_address>0x3b70</load_address>
         <run_address>0x3b70</run_address>
         <size>0x40</size>
         <input_file_ref idref="fl-165"/>
      </object_component>
      <object_component id="oc-24">
         <name>.text</name>
         <load_address>0x3bb0</load_address>
         <run_address>0x3bb0</run_address>
         <size>0x3c</size>
         <input_file_ref idref="fl-13d"/>
      </object_component>
      <object_component id="oc-c4">
         <name>.text</name>
         <load_address>0x3bec</load_address>
         <run_address>0x3bec</run_address>
         <size>0x38</size>
         <input_file_ref idref="fl-8"/>
      </object_component>
      <object_component id="oc-132">
         <name>.text:IntRegister</name>
         <load_address>0x3c24</load_address>
         <run_address>0x3c24</run_address>
         <size>0x34</size>
         <input_file_ref idref="fl-16a"/>
      </object_component>
      <object_component id="oc-355">
         <name>.text</name>
         <load_address>0x3c58</load_address>
         <run_address>0x3c58</run_address>
         <size>0x34</size>
         <input_file_ref idref="fl-163"/>
      </object_component>
      <object_component id="oc-328">
         <name>.text</name>
         <load_address>0x3c8c</load_address>
         <run_address>0x3c8c</run_address>
         <size>0x30</size>
         <input_file_ref idref="fl-160"/>
      </object_component>
      <object_component id="oc-189">
         <name>.text:ADCIntStatus</name>
         <load_address>0x3cbc</load_address>
         <run_address>0x3cbc</run_address>
         <size>0x2e</size>
         <input_file_ref idref="fl-16d"/>
      </object_component>
      <object_component id="oc-22a">
         <name>.text:GPIODirModeSet</name>
         <load_address>0x3cea</load_address>
         <run_address>0x3cea</run_address>
         <size>0x2e</size>
         <input_file_ref idref="fl-16b"/>
      </object_component>
      <object_component id="oc-2c2">
         <name>.text</name>
         <load_address>0x3d18</load_address>
         <run_address>0x3d18</run_address>
         <size>0x2e</size>
         <input_file_ref idref="fl-156"/>
      </object_component>
      <object_component id="oc-379">
         <name>.text</name>
         <load_address>0x3d46</load_address>
         <run_address>0x3d46</run_address>
         <size>0x2e</size>
         <input_file_ref idref="fl-164"/>
      </object_component>
      <object_component id="oc-175">
         <name>.text:ADCSequenceConfigure</name>
         <load_address>0x3d74</load_address>
         <run_address>0x3d74</run_address>
         <size>0x2a</size>
         <input_file_ref idref="fl-16d"/>
      </object_component>
      <object_component id="oc-2d9">
         <name>.text</name>
         <load_address>0x3d9e</load_address>
         <run_address>0x3d9e</run_address>
         <size>0x2a</size>
         <input_file_ref idref="fl-15d"/>
      </object_component>
      <object_component id="oc-2c7">
         <name>.text</name>
         <load_address>0x3dc8</load_address>
         <run_address>0x3dc8</run_address>
         <size>0x22</size>
         <input_file_ref idref="fl-155"/>
      </object_component>
      <object_component id="oc-18d">
         <name>.text:ADCSequenceDataGet</name>
         <load_address>0x3dea</load_address>
         <run_address>0x3dea</run_address>
         <size>0x20</size>
         <input_file_ref idref="fl-16d"/>
      </object_component>
      <object_component id="oc-191">
         <name>.text</name>
         <load_address>0x3e0a</load_address>
         <run_address>0x3e0a</run_address>
         <size>0x20</size>
         <input_file_ref idref="fl-14a"/>
      </object_component>
      <object_component id="oc-136">
         <name>.text:SysTickIntRegister</name>
         <load_address>0x3e2c</load_address>
         <run_address>0x3e2c</run_address>
         <size>0x1c</size>
         <input_file_ref idref="fl-167"/>
      </object_component>
      <object_component id="oc-2df">
         <name>.text</name>
         <load_address>0x3e48</load_address>
         <run_address>0x3e48</run_address>
         <size>0x1a</size>
         <input_file_ref idref="fl-159"/>
      </object_component>
      <object_component id="oc-67">
         <name>.text</name>
         <load_address>0x3e64</load_address>
         <run_address>0x3e64</run_address>
         <size>0x18</size>
         <input_file_ref idref="fl-14d"/>
      </object_component>
      <object_component id="oc-185">
         <name>.text:ADCProcessorTrigger</name>
         <load_address>0x3e7c</load_address>
         <run_address>0x3e7c</run_address>
         <size>0x16</size>
         <input_file_ref idref="fl-16d"/>
      </object_component>
      <object_component id="oc-2d3">
         <name>.text</name>
         <load_address>0x3e92</load_address>
         <run_address>0x3e92</run_address>
         <size>0x16</size>
         <input_file_ref idref="fl-15a"/>
      </object_component>
      <object_component id="oc-13e">
         <name>.text:SysTickEnable</name>
         <load_address>0x3ea8</load_address>
         <run_address>0x3ea8</run_address>
         <size>0x14</size>
         <input_file_ref idref="fl-167"/>
      </object_component>
      <object_component id="oc-13a">
         <name>.text:SysTickIntEnable</name>
         <load_address>0x3ebc</load_address>
         <run_address>0x3ebc</run_address>
         <size>0x14</size>
         <input_file_ref idref="fl-167"/>
      </object_component>
      <object_component id="oc-ea">
         <name>.text</name>
         <load_address>0x3ed0</load_address>
         <run_address>0x3ed0</run_address>
         <size>0x14</size>
         <input_file_ref idref="fl-14b"/>
      </object_component>
      <object_component id="oc-2a2">
         <name>.text</name>
         <load_address>0x3ee4</load_address>
         <run_address>0x3ee4</run_address>
         <size>0x14</size>
         <input_file_ref idref="fl-15b"/>
      </object_component>
      <object_component id="oc-14d">
         <name>.text:GPIOPinTypeGPIOInput</name>
         <load_address>0x3ef8</load_address>
         <run_address>0x3ef8</run_address>
         <size>0x12</size>
         <input_file_ref idref="fl-16b"/>
      </object_component>
      <object_component id="oc-16b">
         <name>.text:GPIOPinTypeGPIOOutput</name>
         <load_address>0x3f0a</load_address>
         <run_address>0x3f0a</run_address>
         <size>0x12</size>
         <input_file_ref idref="fl-16b"/>
      </object_component>
      <object_component id="oc-210">
         <name>.text:GPIOPinTypeSSI</name>
         <load_address>0x3f1c</load_address>
         <run_address>0x3f1c</run_address>
         <size>0x12</size>
         <input_file_ref idref="fl-16b"/>
      </object_component>
      <object_component id="oc-218">
         <name>.text:SSIDataGetNonBlocking</name>
         <load_address>0x3f2e</load_address>
         <run_address>0x3f2e</run_address>
         <size>0x12</size>
         <input_file_ref idref="fl-169"/>
      </object_component>
      <object_component id="oc-17d">
         <name>.text:ADCSequenceEnable</name>
         <load_address>0x3f40</load_address>
         <run_address>0x3f40</run_address>
         <size>0xe</size>
         <input_file_ref idref="fl-16d"/>
      </object_component>
      <object_component id="oc-12">
         <name>.text:decompress:none</name>
         <load_address>0x3f4e</load_address>
         <run_address>0x3f4e</run_address>
         <size>0xe</size>
         <input_file_ref idref="fl-13e"/>
      </object_component>
      <object_component id="oc-1e">
         <name>.text:decompress:ZI</name>
         <load_address>0x3f5c</load_address>
         <run_address>0x3f5c</run_address>
         <size>0xc</size>
         <input_file_ref idref="fl-140"/>
      </object_component>
      <object_component id="oc-2d">
         <name>.text</name>
         <load_address>0x3f68</load_address>
         <run_address>0x3f68</run_address>
         <size>0xc</size>
         <input_file_ref idref="fl-3"/>
      </object_component>
      <object_component id="oc-181">
         <name>.text:ADCIntClear</name>
         <load_address>0x3f74</load_address>
         <run_address>0x3f74</run_address>
         <size>0xa</size>
         <input_file_ref idref="fl-16d"/>
      </object_component>
      <object_component id="oc-1fd">
         <name>.text:SSIDataPut</name>
         <load_address>0x3f7e</load_address>
         <run_address>0x3f7e</run_address>
         <size>0xa</size>
         <input_file_ref idref="fl-169"/>
      </object_component>
      <object_component id="oc-204">
         <name>.text:SSIDisable</name>
         <load_address>0x3f88</load_address>
         <run_address>0x3f88</run_address>
         <size>0xa</size>
         <input_file_ref idref="fl-169"/>
      </object_component>
      <object_component id="oc-214">
         <name>.text:SSIEnable</name>
         <load_address>0x3f92</load_address>
         <run_address>0x3f92</run_address>
         <size>0xa</size>
         <input_file_ref idref="fl-169"/>
      </object_component>
      <object_component id="oc-1f9">
         <name>.text:SSIBusy</name>
         <load_address>0x3f9c</load_address>
         <run_address>0x3f9c</run_address>
         <size>0x8</size>
         <input_file_ref idref="fl-169"/>
      </object_component>
      <object_component id="oc-151">
         <name>.text:GPIOPinRead</name>
         <load_address>0x3fa4</load_address>
         <run_address>0x3fa4</run_address>
         <size>0x6</size>
         <input_file_ref idref="fl-16b"/>
      </object_component>
      <object_component id="oc-16f">
         <name>.text:GPIOPinWrite</name>
         <load_address>0x3faa</load_address>
         <run_address>0x3faa</run_address>
         <size>0x6</size>
         <input_file_ref idref="fl-16b"/>
      </object_component>
      <object_component id="oc-1ea">
         <name>.text:SysCtlDelay</name>
         <load_address>0x3fb0</load_address>
         <run_address>0x3fb0</run_address>
         <size>0x6</size>
         <input_file_ref idref="fl-168"/>
      </object_component>
      <object_component id="oc-18">
         <name>.text:decompress:rle24</name>
         <load_address>0x3fb6</load_address>
         <run_address>0x3fb6</run_address>
         <size>0x6</size>
         <input_file_ref idref="fl-13f"/>
      </object_component>
      <object_component id="oc-5b">
         <name>.text</name>
         <load_address>0x3fbc</load_address>
         <run_address>0x3fbc</run_address>
         <size>0x4</size>
         <input_file_ref idref="fl-147"/>
      </object_component>
      <object_component id="oc-220">
         <name>.const:g_pucFont</name>
         <load_address>0x3fc0</load_address>
         <run_address>0x3fc0</run_address>
         <size>0x1e0</size>
         <input_file_ref idref="fl-9"/>
      </object_component>
      <object_component id="oc-336">
         <name>.const:.string:_ctypes_</name>
         <load_address>0x41a0</load_address>
         <run_address>0x41a0</run_address>
         <size>0x101</size>
         <input_file_ref idref="fl-151"/>
      </object_component>
      <object_component id="oc-1e5">
         <name>.const</name>
         <load_address>0x42a2</load_address>
         <run_address>0x42a2</run_address>
         <size>0x2</size>
         <input_file_ref idref="fl-16"/>
      </object_component>
      <object_component id="oc-28b">
         <name>.const:g_pulXtals</name>
         <load_address>0x42a4</load_address>
         <run_address>0x42a4</run_address>
         <size>0x6c</size>
         <input_file_ref idref="fl-168"/>
      </object_component>
      <object_component id="oc-223">
         <name>.const:.string:g_pucRIT128x96x4Init</name>
         <load_address>0x4310</load_address>
         <run_address>0x4310</run_address>
         <size>0x4f</size>
         <input_file_ref idref="fl-9"/>
      </object_component>
      <object_component id="oc-227">
         <name>.const</name>
         <load_address>0x4360</load_address>
         <run_address>0x4360</run_address>
         <size>0x40</size>
         <input_file_ref idref="fl-168"/>
      </object_component>
      <object_component id="oc-21d">
         <name>.const:.string</name>
         <load_address>0x43a0</load_address>
         <run_address>0x43a0</run_address>
         <size>0xc</size>
         <input_file_ref idref="fl-9"/>
      </object_component>
      <object_component id="oc-3d0">
         <name>.cinit..data.load</name>
         <load_address>0x43b0</load_address>
         <run_address>0x43b0</run_address>
         <size>0x56</size>
      </object_component>
      <object_component id="oc-3cd">
         <name>__TI_handler_table</name>
         <load_address>0x4408</load_address>
         <run_address>0x4408</run_address>
         <size>0xc</size>
      </object_component>
      <object_component id="oc-3d1">
         <name>.cinit..bss.load</name>
         <load_address>0x4418</load_address>
         <run_address>0x4418</run_address>
         <size>0x8</size>
      </object_component>
      <object_component id="oc-3cf">
         <name>.cinit..vtable.load</name>
         <load_address>0x4420</load_address>
         <run_address>0x4420</run_address>
         <size>0x8</size>
      </object_component>
      <object_component id="oc-3ce">
         <name>__TI_cinit_table</name>
         <load_address>0x4428</load_address>
         <run_address>0x4428</run_address>
         <size>0x18</size>
      </object_component>
      <object_component id="oc-1f1">
         <name>.vtable</name>
         <uninitialized>true</uninitialized>
         <run_address>0x20000000</run_address>
         <size>0x26c</size>
         <input_file_ref idref="fl-16a"/>
      </object_component>
      <object_component id="oc-29">
         <name>.stack</name>
         <uninitialized>true</uninitialized>
         <run_address>0x20002424</run_address>
         <size>0x0</size>
         <input_file_ref idref="fl-13d"/>
      </object_component>
      <object_component id="oc-3d2">
         <name>.stack</name>
         <uninitialized>true</uninitialized>
         <run_address>0x20002424</run_address>
         <size>0x0</size>
      </object_component>
      <object_component id="oc-2a">
         <name>.bss:pulStack</name>
         <uninitialized>true</uninitialized>
         <run_address>0x20002270</run_address>
         <size>0x100</size>
         <input_file_ref idref="fl-3"/>
      </object_component>
      <object_component id="oc-113">
         <name>.bss:pxReadyTasksLists</name>
         <uninitialized>true</uninitialized>
         <run_address>0x20002370</run_address>
         <size>0x50</size>
         <input_file_ref idref="fl-e"/>
      </object_component>
      <object_component id="oc-1e1">
         <name>.bss:xHeap</name>
         <uninitialized>true</uninitialized>
         <run_address>0x20000270</run_address>
         <size>0x2000</size>
         <input_file_ref idref="fl-16"/>
      </object_component>
      <object_component id="oc-1a0">
         <name>.common:sample</name>
         <uninitialized>true</uninitialized>
         <run_address>0x20002420</run_address>
         <size>0x4</size>
      </object_component>
      <object_component id="oc-201">
         <name>.common:g_ulSSIFlags</name>
         <uninitialized>true</uninitialized>
         <run_address>0x20002414</run_address>
         <size>0x4</size>
      </object_component>
      <object_component id="oc-21c">
         <name>.common:g_pucBuffer</name>
         <uninitialized>true</uninitialized>
         <run_address>0x200023fc</run_address>
         <size>0x8</size>
      </object_component>
      <object_component id="oc-121">
         <name>.common:xDelayedTaskList1</name>
         <uninitialized>true</uninitialized>
         <run_address>0x200023c0</run_address>
         <size>0x14</size>
      </object_component>
      <object_component id="oc-122">
         <name>.common:xDelayedTaskList2</name>
         <uninitialized>true</uninitialized>
         <run_address>0x200023d4</run_address>
         <size>0x14</size>
      </object_component>
      <object_component id="oc-119">
         <name>.common:pxDelayedTaskList</name>
         <uninitialized>true</uninitialized>
         <run_address>0x20002418</run_address>
         <size>0x4</size>
      </object_component>
      <object_component id="oc-11a">
         <name>.common:pxOverflowDelayedTaskList</name>
         <uninitialized>true</uninitialized>
         <run_address>0x2000241c</run_address>
         <size>0x4</size>
      </object_component>
      <object_component id="oc-116">
         <name>.common:xPendingReadyList</name>
         <uninitialized>true</uninitialized>
         <run_address>0x200023e8</run_address>
         <size>0x14</size>
      </object_component>
      <object_component id="oc-1de">
         <name>.common:xStart</name>
         <uninitialized>true</uninitialized>
         <run_address>0x2000240c</run_address>
         <size>0x8</size>
      </object_component>
      <object_component id="oc-1e4">
         <name>.common:xEnd</name>
         <uninitialized>true</uninitialized>
         <run_address>0x20002404</run_address>
         <size>0x8</size>
      </object_component>
      <object_component id="oc-166">
         <name>.data</name>
         <load_address>0x20003584</load_address>
         <run_address>0x20003584</run_address>
         <size>0xc</size>
         <input_file_ref idref="fl-6"/>
      </object_component>
      <object_component id="oc-110">
         <name>.data</name>
         <load_address>0x20003558</load_address>
         <run_address>0x20003558</run_address>
         <size>0x2c</size>
         <input_file_ref idref="fl-e"/>
      </object_component>
      <object_component id="oc-163">
         <name>.data</name>
         <load_address>0x20003590</load_address>
         <run_address>0x20003590</run_address>
         <size>0x8</size>
         <input_file_ref idref="fl-12"/>
      </object_component>
      <object_component id="oc-1db">
         <name>.data</name>
         <load_address>0x20003598</load_address>
         <run_address>0x20003598</run_address>
         <size>0x8</size>
         <input_file_ref idref="fl-16"/>
      </object_component>
      <object_component id="oc-a8">
         <name>.data</name>
         <load_address>0x200035a8</load_address>
         <run_address>0x200035a8</run_address>
         <size>0x8</size>
         <input_file_ref idref="fl-141"/>
      </object_component>
      <object_component id="oc-73">
         <name>.data</name>
         <load_address>0x200035bc</load_address>
         <run_address>0x200035bc</run_address>
         <size>0x4</size>
         <input_file_ref idref="fl-149"/>
      </object_component>
      <object_component id="oc-a5">
         <name>.data</name>
         <load_address>0x200035a0</load_address>
         <run_address>0x200035a0</run_address>
         <size>0x8</size>
         <input_file_ref idref="fl-14b"/>
      </object_component>
      <object_component id="oc-350">
         <name>.data</name>
         <load_address>0x200034d8</load_address>
         <run_address>0x200034d8</run_address>
         <size>0x80</size>
         <input_file_ref idref="fl-161"/>
      </object_component>
      <object_component id="oc-35b">
         <name>.data</name>
         <load_address>0x200035b8</load_address>
         <run_address>0x200035b8</run_address>
         <size>0x4</size>
         <input_file_ref idref="fl-162"/>
      </object_component>
      <object_component id="oc-37f">
         <name>.data</name>
         <load_address>0x200035b0</load_address>
         <run_address>0x200035b0</run_address>
         <size>0x8</size>
         <input_file_ref idref="fl-163"/>
      </object_component>
      <object_component id="oc-39a">
         <name>.data:sigtable</name>
         <load_address>0x20003428</load_address>
         <run_address>0x20003428</run_address>
         <size>0xb0</size>
         <input_file_ref idref="fl-165"/>
      </object_component>
      <object_component id="oc-1e9">
         <name>.debug_info</name>
         <load_address>0x0</load_address>
         <run_address>0x0</run_address>
         <size>0x295</size>
         <input_file_ref idref="fl-2"/>
      </object_component>
      <object_component id="oc-9e">
         <name>.debug_info</name>
         <load_address>0x295</load_address>
         <run_address>0x295</run_address>
         <size>0x184</size>
         <input_file_ref idref="fl-2"/>
      </object_component>
      <object_component id="oc-1bd">
         <name>.debug_info</name>
         <load_address>0x419</load_address>
         <run_address>0x419</run_address>
         <size>0x2ab</size>
         <input_file_ref idref="fl-2"/>
      </object_component>
      <object_component id="oc-7c">
         <name>.debug_info</name>
         <load_address>0x6c4</load_address>
         <run_address>0x6c4</run_address>
         <size>0x84</size>
         <input_file_ref idref="fl-2"/>
      </object_component>
      <object_component id="oc-25b">
         <name>.debug_info</name>
         <load_address>0x748</load_address>
         <run_address>0x748</run_address>
         <size>0x46</size>
         <input_file_ref idref="fl-2"/>
      </object_component>
      <object_component id="oc-129">
         <name>.debug_info</name>
         <load_address>0x78e</load_address>
         <run_address>0x78e</run_address>
         <size>0x2c</size>
         <input_file_ref idref="fl-2"/>
      </object_component>
      <object_component id="oc-1c7">
         <name>.debug_info</name>
         <load_address>0x7ba</load_address>
         <run_address>0x7ba</run_address>
         <size>0x18b</size>
         <input_file_ref idref="fl-2"/>
      </object_component>
      <object_component id="oc-260">
         <name>.debug_info</name>
         <load_address>0x945</load_address>
         <run_address>0x945</run_address>
         <size>0x2c</size>
         <input_file_ref idref="fl-2"/>
      </object_component>
      <object_component id="oc-124">
         <name>.debug_info</name>
         <load_address>0x971</load_address>
         <run_address>0x971</run_address>
         <size>0xae</size>
         <input_file_ref idref="fl-2"/>
      </object_component>
      <object_component id="oc-23b">
         <name>.debug_info</name>
         <load_address>0xa1f</load_address>
         <run_address>0xa1f</run_address>
         <size>0x4e</size>
         <input_file_ref idref="fl-2"/>
      </object_component>
      <object_component id="oc-1d1">
         <name>.debug_info</name>
         <load_address>0xa6d</load_address>
         <run_address>0xa6d</run_address>
         <size>0x14c</size>
         <input_file_ref idref="fl-2"/>
      </object_component>
      <object_component id="oc-35">
         <name>.debug_info</name>
         <load_address>0xbb9</load_address>
         <run_address>0xbb9</run_address>
         <size>0xf4</size>
         <input_file_ref idref="fl-3"/>
      </object_component>
      <object_component id="oc-2b">
         <name>.debug_info</name>
         <load_address>0xcad</load_address>
         <run_address>0xcad</run_address>
         <size>0xe4</size>
         <input_file_ref idref="fl-3"/>
      </object_component>
      <object_component id="oc-10">
         <name>.debug_info</name>
         <load_address>0xd91</load_address>
         <run_address>0xd91</run_address>
         <size>0xed</size>
         <input_file_ref idref="fl-3"/>
      </object_component>
      <object_component id="oc-2e">
         <name>.debug_info</name>
         <load_address>0xe7e</load_address>
         <run_address>0xe7e</run_address>
         <size>0x2b0</size>
         <input_file_ref idref="fl-3"/>
      </object_component>
      <object_component id="oc-174">
         <name>.debug_info</name>
         <load_address>0x112e</load_address>
         <run_address>0x112e</run_address>
         <size>0x224</size>
         <input_file_ref idref="fl-4"/>
      </object_component>
      <object_component id="oc-d1">
         <name>.debug_info</name>
         <load_address>0x1352</load_address>
         <run_address>0x1352</run_address>
         <size>0x1b7</size>
         <input_file_ref idref="fl-4"/>
      </object_component>
      <object_component id="oc-16a">
         <name>.debug_info</name>
         <load_address>0x1509</load_address>
         <run_address>0x1509</run_address>
         <size>0x3f4</size>
         <input_file_ref idref="fl-5"/>
      </object_component>
      <object_component id="oc-cb">
         <name>.debug_info</name>
         <load_address>0x18fd</load_address>
         <run_address>0x18fd</run_address>
         <size>0x41e</size>
         <input_file_ref idref="fl-5"/>
      </object_component>
      <object_component id="oc-1a1">
         <name>.debug_info</name>
         <load_address>0x1d1b</load_address>
         <run_address>0x1d1b</run_address>
         <size>0x392</size>
         <input_file_ref idref="fl-6"/>
      </object_component>
      <object_component id="oc-167">
         <name>.debug_info</name>
         <load_address>0x20ad</load_address>
         <run_address>0x20ad</run_address>
         <size>0x110</size>
         <input_file_ref idref="fl-6"/>
      </object_component>
      <object_component id="oc-d7">
         <name>.debug_info</name>
         <load_address>0x21bd</load_address>
         <run_address>0x21bd</run_address>
         <size>0x2bc</size>
         <input_file_ref idref="fl-6"/>
      </object_component>
      <object_component id="oc-1ae">
         <name>.debug_info</name>
         <load_address>0x2479</load_address>
         <run_address>0x2479</run_address>
         <size>0x286</size>
         <input_file_ref idref="fl-7"/>
      </object_component>
      <object_component id="oc-dd">
         <name>.debug_info</name>
         <load_address>0x26ff</load_address>
         <run_address>0x26ff</run_address>
         <size>0x29a</size>
         <input_file_ref idref="fl-7"/>
      </object_component>
      <object_component id="oc-c5">
         <name>.debug_info</name>
         <load_address>0x2999</load_address>
         <run_address>0x2999</run_address>
         <size>0x184</size>
         <input_file_ref idref="fl-8"/>
      </object_component>
      <object_component id="oc-202">
         <name>.debug_info</name>
         <load_address>0x2b1d</load_address>
         <run_address>0x2b1d</run_address>
         <size>0x41b</size>
         <input_file_ref idref="fl-9"/>
      </object_component>
      <object_component id="oc-21e">
         <name>.debug_info</name>
         <load_address>0x2f38</load_address>
         <run_address>0x2f38</run_address>
         <size>0x161</size>
         <input_file_ref idref="fl-9"/>
      </object_component>
      <object_component id="oc-221">
         <name>.debug_info</name>
         <load_address>0x3099</load_address>
         <run_address>0x3099</run_address>
         <size>0xf3</size>
         <input_file_ref idref="fl-9"/>
      </object_component>
      <object_component id="oc-224">
         <name>.debug_info</name>
         <load_address>0x318c</load_address>
         <run_address>0x318c</run_address>
         <size>0x109</size>
         <input_file_ref idref="fl-9"/>
      </object_component>
      <object_component id="oc-144">
         <name>.debug_info</name>
         <load_address>0x3295</load_address>
         <run_address>0x3295</run_address>
         <size>0xefb</size>
         <input_file_ref idref="fl-9"/>
      </object_component>
      <object_component id="oc-26d">
         <name>.debug_info</name>
         <load_address>0x4190</load_address>
         <run_address>0x4190</run_address>
         <size>0x48e</size>
         <input_file_ref idref="fl-b"/>
      </object_component>
      <object_component id="oc-1d6">
         <name>.debug_info</name>
         <load_address>0x461e</load_address>
         <run_address>0x461e</run_address>
         <size>0x110</size>
         <input_file_ref idref="fl-b"/>
      </object_component>
      <object_component id="oc-302">
         <name>.debug_info</name>
         <load_address>0x472e</load_address>
         <run_address>0x472e</run_address>
         <size>0x39</size>
         <input_file_ref idref="fl-b"/>
      </object_component>
      <object_component id="oc-1c2">
         <name>.debug_info</name>
         <load_address>0x4767</load_address>
         <run_address>0x4767</run_address>
         <size>0x46</size>
         <input_file_ref idref="fl-b"/>
      </object_component>
      <object_component id="oc-307">
         <name>.debug_info</name>
         <load_address>0x47ad</load_address>
         <run_address>0x47ad</run_address>
         <size>0x70</size>
         <input_file_ref idref="fl-b"/>
      </object_component>
      <object_component id="oc-1b5">
         <name>.debug_info</name>
         <load_address>0x481d</load_address>
         <run_address>0x481d</run_address>
         <size>0x13a</size>
         <input_file_ref idref="fl-c"/>
      </object_component>
      <object_component id="oc-106">
         <name>.debug_info</name>
         <load_address>0x4957</load_address>
         <run_address>0x4957</run_address>
         <size>0x5a7</size>
         <input_file_ref idref="fl-c"/>
      </object_component>
      <object_component id="oc-117">
         <name>.debug_info</name>
         <load_address>0x4efe</load_address>
         <run_address>0x4efe</run_address>
         <size>0x638</size>
         <input_file_ref idref="fl-e"/>
      </object_component>
      <object_component id="oc-111">
         <name>.debug_info</name>
         <load_address>0x5536</load_address>
         <run_address>0x5536</run_address>
         <size>0x2da</size>
         <input_file_ref idref="fl-e"/>
      </object_component>
      <object_component id="oc-114">
         <name>.debug_info</name>
         <load_address>0x5810</load_address>
         <run_address>0x5810</run_address>
         <size>0xfb</size>
         <input_file_ref idref="fl-e"/>
      </object_component>
      <object_component id="oc-bf">
         <name>.debug_info</name>
         <load_address>0x590b</load_address>
         <run_address>0x590b</run_address>
         <size>0x23ce</size>
         <input_file_ref idref="fl-e"/>
      </object_component>
      <object_component id="oc-1cc">
         <name>.debug_info</name>
         <load_address>0x7cd9</load_address>
         <run_address>0x7cd9</run_address>
         <size>0xcd</size>
         <input_file_ref idref="fl-e"/>
      </object_component>
      <object_component id="oc-1b3">
         <name>.debug_info</name>
         <load_address>0x7da6</load_address>
         <run_address>0x7da6</run_address>
         <size>0x224</size>
         <input_file_ref idref="fl-12"/>
      </object_component>
      <object_component id="oc-164">
         <name>.debug_info</name>
         <load_address>0x7fca</load_address>
         <run_address>0x7fca</run_address>
         <size>0x142</size>
         <input_file_ref idref="fl-12"/>
      </object_component>
      <object_component id="oc-100">
         <name>.debug_info</name>
         <load_address>0x810c</load_address>
         <run_address>0x810c</run_address>
         <size>0x8a2</size>
         <input_file_ref idref="fl-12"/>
      </object_component>
      <object_component id="oc-10c">
         <name>.debug_info</name>
         <load_address>0x89ae</load_address>
         <run_address>0x89ae</run_address>
         <size>0x183</size>
         <input_file_ref idref="fl-13"/>
      </object_component>
      <object_component id="oc-1df">
         <name>.debug_info</name>
         <load_address>0x8b31</load_address>
         <run_address>0x8b31</run_address>
         <size>0x219</size>
         <input_file_ref idref="fl-16"/>
      </object_component>
      <object_component id="oc-1e2">
         <name>.debug_info</name>
         <load_address>0x8d4a</load_address>
         <run_address>0x8d4a</run_address>
         <size>0xeb</size>
         <input_file_ref idref="fl-16"/>
      </object_component>
      <object_component id="oc-1e6">
         <name>.debug_info</name>
         <load_address>0x8e35</load_address>
         <run_address>0x8e35</run_address>
         <size>0xff</size>
         <input_file_ref idref="fl-16"/>
      </object_component>
      <object_component id="oc-1dc">
         <name>.debug_info</name>
         <load_address>0x8f34</load_address>
         <run_address>0x8f34</run_address>
         <size>0x107</size>
         <input_file_ref idref="fl-16"/>
      </object_component>
      <object_component id="oc-11c">
         <name>.debug_info</name>
         <load_address>0x903b</load_address>
         <run_address>0x903b</run_address>
         <size>0x5e1</size>
         <input_file_ref idref="fl-16"/>
      </object_component>
      <object_component id="oc-272">
         <name>.debug_info</name>
         <load_address>0x961c</load_address>
         <run_address>0x961c</run_address>
         <size>0xa7</size>
         <input_file_ref idref="fl-16"/>
      </object_component>
      <object_component id="oc-25">
         <name>.debug_info</name>
         <load_address>0x96c3</load_address>
         <run_address>0x96c3</run_address>
         <size>0x138</size>
         <input_file_ref idref="fl-13d"/>
      </object_component>
      <object_component id="oc-41">
         <name>.debug_info</name>
         <load_address>0x97fb</load_address>
         <run_address>0x97fb</run_address>
         <size>0x123</size>
         <input_file_ref idref="fl-13e"/>
      </object_component>
      <object_component id="oc-15">
         <name>.debug_info</name>
         <load_address>0x991e</load_address>
         <run_address>0x991e</run_address>
         <size>0x1c2</size>
         <input_file_ref idref="fl-13e"/>
      </object_component>
      <object_component id="oc-3c">
         <name>.debug_info</name>
         <load_address>0x9ae0</load_address>
         <run_address>0x9ae0</run_address>
         <size>0x46</size>
         <input_file_ref idref="fl-13e"/>
      </object_component>
      <object_component id="oc-82">
         <name>.debug_info</name>
         <load_address>0x9b26</load_address>
         <run_address>0x9b26</run_address>
         <size>0x2c</size>
         <input_file_ref idref="fl-13e"/>
      </object_component>
      <object_component id="oc-49">
         <name>.debug_info</name>
         <load_address>0x9b52</load_address>
         <run_address>0x9b52</run_address>
         <size>0x117</size>
         <input_file_ref idref="fl-13f"/>
      </object_component>
      <object_component id="oc-44">
         <name>.debug_info</name>
         <load_address>0x9c69</load_address>
         <run_address>0x9c69</run_address>
         <size>0x22a</size>
         <input_file_ref idref="fl-13f"/>
      </object_component>
      <object_component id="oc-1b">
         <name>.debug_info</name>
         <load_address>0x9e93</load_address>
         <run_address>0x9e93</run_address>
         <size>0x1bc</size>
         <input_file_ref idref="fl-13f"/>
      </object_component>
      <object_component id="oc-4a">
         <name>.debug_info</name>
         <load_address>0xa04f</load_address>
         <run_address>0xa04f</run_address>
         <size>0x39</size>
         <input_file_ref idref="fl-13f"/>
      </object_component>
      <object_component id="oc-8c">
         <name>.debug_info</name>
         <load_address>0xa088</load_address>
         <run_address>0xa088</run_address>
         <size>0x2c</size>
         <input_file_ref idref="fl-13f"/>
      </object_component>
      <object_component id="oc-5a">
         <name>.debug_info</name>
         <load_address>0xa0b4</load_address>
         <run_address>0xa0b4</run_address>
         <size>0x112</size>
         <input_file_ref idref="fl-140"/>
      </object_component>
      <object_component id="oc-1f">
         <name>.debug_info</name>
         <load_address>0xa1c6</load_address>
         <run_address>0xa1c6</run_address>
         <size>0x18d</size>
         <input_file_ref idref="fl-140"/>
      </object_component>
      <object_component id="oc-55">
         <name>.debug_info</name>
         <load_address>0xa353</load_address>
         <run_address>0xa353</run_address>
         <size>0x46</size>
         <input_file_ref idref="fl-140"/>
      </object_component>
      <object_component id="oc-ac">
         <name>.debug_info</name>
         <load_address>0xa399</load_address>
         <run_address>0xa399</run_address>
         <size>0x174</size>
         <input_file_ref idref="fl-141"/>
      </object_component>
      <object_component id="oc-a9">
         <name>.debug_info</name>
         <load_address>0xa50d</load_address>
         <run_address>0xa50d</run_address>
         <size>0x119</size>
         <input_file_ref idref="fl-141"/>
      </object_component>
      <object_component id="oc-6e">
         <name>.debug_info</name>
         <load_address>0xa626</load_address>
         <run_address>0xa626</run_address>
         <size>0x1f0</size>
         <input_file_ref idref="fl-141"/>
      </object_component>
      <object_component id="oc-1a9">
         <name>.debug_info</name>
         <load_address>0xa816</load_address>
         <run_address>0xa816</run_address>
         <size>0x12d</size>
         <input_file_ref idref="fl-142"/>
      </object_component>
      <object_component id="oc-197">
         <name>.debug_info</name>
         <load_address>0xa943</load_address>
         <run_address>0xa943</run_address>
         <size>0x11b</size>
         <input_file_ref idref="fl-143"/>
      </object_component>
      <object_component id="oc-19c">
         <name>.debug_info</name>
         <load_address>0xaa5e</load_address>
         <run_address>0xaa5e</run_address>
         <size>0x11a</size>
         <input_file_ref idref="fl-144"/>
      </object_component>
      <object_component id="oc-38">
         <name>.debug_info</name>
         <load_address>0xab78</load_address>
         <run_address>0xab78</run_address>
         <size>0xfa</size>
         <input_file_ref idref="fl-145"/>
      </object_component>
      <object_component id="oc-51">
         <name>.debug_info</name>
         <load_address>0xac72</load_address>
         <run_address>0xac72</run_address>
         <size>0x12a</size>
         <input_file_ref idref="fl-146"/>
      </object_component>
      <object_component id="oc-5f">
         <name>.debug_info</name>
         <load_address>0xad9c</load_address>
         <run_address>0xad9c</run_address>
         <size>0x12b</size>
         <input_file_ref idref="fl-147"/>
      </object_component>
      <object_component id="oc-23a">
         <name>.debug_info</name>
         <load_address>0xaec7</load_address>
         <run_address>0xaec7</run_address>
         <size>0x19e</size>
         <input_file_ref idref="fl-148"/>
      </object_component>
      <object_component id="oc-160">
         <name>.debug_info</name>
         <load_address>0xb065</load_address>
         <run_address>0xb065</run_address>
         <size>0x2e3</size>
         <input_file_ref idref="fl-148"/>
      </object_component>
      <object_component id="oc-2f2">
         <name>.debug_info</name>
         <load_address>0xb348</load_address>
         <run_address>0xb348</run_address>
         <size>0x2c</size>
         <input_file_ref idref="fl-148"/>
      </object_component>
      <object_component id="oc-74">
         <name>.debug_info</name>
         <load_address>0xb374</load_address>
         <run_address>0xb374</run_address>
         <size>0xec</size>
         <input_file_ref idref="fl-149"/>
      </object_component>
      <object_component id="oc-192">
         <name>.debug_info</name>
         <load_address>0xb460</load_address>
         <run_address>0xb460</run_address>
         <size>0x10f</size>
         <input_file_ref idref="fl-14a"/>
      </object_component>
      <object_component id="oc-f2">
         <name>.debug_info</name>
         <load_address>0xb56f</load_address>
         <run_address>0xb56f</run_address>
         <size>0x107</size>
         <input_file_ref idref="fl-14b"/>
      </object_component>
      <object_component id="oc-a6">
         <name>.debug_info</name>
         <load_address>0xb676</load_address>
         <run_address>0xb676</run_address>
         <size>0xf6</size>
         <input_file_ref idref="fl-14b"/>
      </object_component>
      <object_component id="oc-ee">
         <name>.debug_info</name>
         <load_address>0xb76c</load_address>
         <run_address>0xb76c</run_address>
         <size>0x202</size>
         <input_file_ref idref="fl-14b"/>
      </object_component>
      <object_component id="oc-2ec">
         <name>.debug_info</name>
         <load_address>0xb96e</load_address>
         <run_address>0xb96e</run_address>
         <size>0x3ae</size>
         <input_file_ref idref="fl-14c"/>
      </object_component>
      <object_component id="oc-237">
         <name>.debug_info</name>
         <load_address>0xbd1c</load_address>
         <run_address>0xbd1c</run_address>
         <size>0x1811</size>
         <input_file_ref idref="fl-14c"/>
      </object_component>
      <object_component id="oc-2ed">
         <name>.debug_info</name>
         <load_address>0xd52d</load_address>
         <run_address>0xd52d</run_address>
         <size>0x86</size>
         <input_file_ref idref="fl-14c"/>
      </object_component>
      <object_component id="oc-33d">
         <name>.debug_info</name>
         <load_address>0xd5b3</load_address>
         <run_address>0xd5b3</run_address>
         <size>0x46</size>
         <input_file_ref idref="fl-14c"/>
      </object_component>
      <object_component id="oc-2f7">
         <name>.debug_info</name>
         <load_address>0xd5f9</load_address>
         <run_address>0xd5f9</run_address>
         <size>0x39</size>
         <input_file_ref idref="fl-14c"/>
      </object_component>
      <object_component id="oc-a4">
         <name>.debug_info</name>
         <load_address>0xd632</load_address>
         <run_address>0xd632</run_address>
         <size>0x149</size>
         <input_file_ref idref="fl-14d"/>
      </object_component>
      <object_component id="oc-69">
         <name>.debug_info</name>
         <load_address>0xd77b</load_address>
         <run_address>0xd77b</run_address>
         <size>0x14a</size>
         <input_file_ref idref="fl-14d"/>
      </object_component>
      <object_component id="oc-e5">
         <name>.debug_info</name>
         <load_address>0xd8c5</load_address>
         <run_address>0xd8c5</run_address>
         <size>0x5e</size>
         <input_file_ref idref="fl-14d"/>
      </object_component>
      <object_component id="oc-33a">
         <name>.debug_info</name>
         <load_address>0xd923</load_address>
         <run_address>0xd923</run_address>
         <size>0xf7</size>
         <input_file_ref idref="fl-14e"/>
      </object_component>
      <object_component id="oc-2e8">
         <name>.debug_info</name>
         <load_address>0xda1a</load_address>
         <run_address>0xda1a</run_address>
         <size>0x154</size>
         <input_file_ref idref="fl-14e"/>
      </object_component>
      <object_component id="oc-9c">
         <name>.debug_info</name>
         <load_address>0xdb6e</load_address>
         <run_address>0xdb6e</run_address>
         <size>0x2a0</size>
         <input_file_ref idref="fl-14f"/>
      </object_component>
      <object_component id="oc-63">
         <name>.debug_info</name>
         <load_address>0xde0e</load_address>
         <run_address>0xde0e</run_address>
         <size>0x194</size>
         <input_file_ref idref="fl-14f"/>
      </object_component>
      <object_component id="oc-b4">
         <name>.debug_info</name>
         <load_address>0xdfa2</load_address>
         <run_address>0xdfa2</run_address>
         <size>0x39</size>
         <input_file_ref idref="fl-14f"/>
      </object_component>
      <object_component id="oc-b9">
         <name>.debug_info</name>
         <load_address>0xdfdb</load_address>
         <run_address>0xdfdb</run_address>
         <size>0xcd</size>
         <input_file_ref idref="fl-14f"/>
      </object_component>
      <object_component id="oc-b1">
         <name>.debug_info</name>
         <load_address>0xe0a8</load_address>
         <run_address>0xe0a8</run_address>
         <size>0x1c3</size>
         <input_file_ref idref="fl-150"/>
      </object_component>
      <object_component id="oc-99">
         <name>.debug_info</name>
         <load_address>0xe26b</load_address>
         <run_address>0xe26b</run_address>
         <size>0x17f</size>
         <input_file_ref idref="fl-150"/>
      </object_component>
      <object_component id="oc-fa">
         <name>.debug_info</name>
         <load_address>0xe3ea</load_address>
         <run_address>0xe3ea</run_address>
         <size>0x2c</size>
         <input_file_ref idref="fl-150"/>
      </object_component>
      <object_component id="oc-369">
         <name>.debug_info</name>
         <load_address>0xe416</load_address>
         <run_address>0xe416</run_address>
         <size>0xd1</size>
         <input_file_ref idref="fl-151"/>
      </object_component>
      <object_component id="oc-337">
         <name>.debug_info</name>
         <load_address>0xe4e7</load_address>
         <run_address>0xe4e7</run_address>
         <size>0xdd</size>
         <input_file_ref idref="fl-151"/>
      </object_component>
      <object_component id="oc-2ab">
         <name>.debug_info</name>
         <load_address>0xe5c4</load_address>
         <run_address>0xe5c4</run_address>
         <size>0x109</size>
         <input_file_ref idref="fl-152"/>
      </object_component>
      <object_component id="oc-2b5">
         <name>.debug_info</name>
         <load_address>0xe6cd</load_address>
         <run_address>0xe6cd</run_address>
         <size>0x10b</size>
         <input_file_ref idref="fl-152"/>
      </object_component>
      <object_component id="oc-2b0">
         <name>.debug_info</name>
         <load_address>0xe7d8</load_address>
         <run_address>0xe7d8</run_address>
         <size>0x11b</size>
         <input_file_ref idref="fl-153"/>
      </object_component>
      <object_component id="oc-2ba">
         <name>.debug_info</name>
         <load_address>0xe8f3</load_address>
         <run_address>0xe8f3</run_address>
         <size>0x10f</size>
         <input_file_ref idref="fl-154"/>
      </object_component>
      <object_component id="oc-321">
         <name>.debug_info</name>
         <load_address>0xea02</load_address>
         <run_address>0xea02</run_address>
         <size>0x16f</size>
         <input_file_ref idref="fl-155"/>
      </object_component>
      <object_component id="oc-2ca">
         <name>.debug_info</name>
         <load_address>0xeb71</load_address>
         <run_address>0xeb71</run_address>
         <size>0x16f</size>
         <input_file_ref idref="fl-155"/>
      </object_component>
      <object_component id="oc-2c5">
         <name>.debug_info</name>
         <load_address>0xece0</load_address>
         <run_address>0xece0</run_address>
         <size>0x10d</size>
         <input_file_ref idref="fl-156"/>
      </object_component>
      <object_component id="oc-32f">
         <name>.debug_info</name>
         <load_address>0xeded</load_address>
         <run_address>0xeded</run_address>
         <size>0x171</size>
         <input_file_ref idref="fl-157"/>
      </object_component>
      <object_component id="oc-2ce">
         <name>.debug_info</name>
         <load_address>0xef5e</load_address>
         <run_address>0xef5e</run_address>
         <size>0x166</size>
         <input_file_ref idref="fl-157"/>
      </object_component>
      <object_component id="oc-318">
         <name>.debug_info</name>
         <load_address>0xf0c4</load_address>
         <run_address>0xf0c4</run_address>
         <size>0x12f</size>
         <input_file_ref idref="fl-158"/>
      </object_component>
      <object_component id="oc-2c0">
         <name>.debug_info</name>
         <load_address>0xf1f3</load_address>
         <run_address>0xf1f3</run_address>
         <size>0x1a5</size>
         <input_file_ref idref="fl-158"/>
      </object_component>
      <object_component id="oc-335">
         <name>.debug_info</name>
         <load_address>0xf398</load_address>
         <run_address>0xf398</run_address>
         <size>0xd4</size>
         <input_file_ref idref="fl-159"/>
      </object_component>
      <object_component id="oc-2e3">
         <name>.debug_info</name>
         <load_address>0xf46c</load_address>
         <run_address>0xf46c</run_address>
         <size>0x18e</size>
         <input_file_ref idref="fl-159"/>
      </object_component>
      <object_component id="oc-331">
         <name>.debug_info</name>
         <load_address>0xf5fa</load_address>
         <run_address>0xf5fa</run_address>
         <size>0xd8</size>
         <input_file_ref idref="fl-15a"/>
      </object_component>
      <object_component id="oc-2d7">
         <name>.debug_info</name>
         <load_address>0xf6d2</load_address>
         <run_address>0xf6d2</run_address>
         <size>0x1f7</size>
         <input_file_ref idref="fl-15a"/>
      </object_component>
      <object_component id="oc-312">
         <name>.debug_info</name>
         <load_address>0xf8c9</load_address>
         <run_address>0xf8c9</run_address>
         <size>0xcd</size>
         <input_file_ref idref="fl-15b"/>
      </object_component>
      <object_component id="oc-2a3">
         <name>.debug_info</name>
         <load_address>0xf996</load_address>
         <run_address>0xf996</run_address>
         <size>0x1dd</size>
         <input_file_ref idref="fl-15b"/>
      </object_component>
      <object_component id="oc-29e">
         <name>.debug_info</name>
         <load_address>0xfb73</load_address>
         <run_address>0xfb73</run_address>
         <size>0x168</size>
         <input_file_ref idref="fl-15c"/>
      </object_component>
      <object_component id="oc-333">
         <name>.debug_info</name>
         <load_address>0xfcdb</load_address>
         <run_address>0xfcdb</run_address>
         <size>0x122</size>
         <input_file_ref idref="fl-15d"/>
      </object_component>
      <object_component id="oc-2dd">
         <name>.debug_info</name>
         <load_address>0xfdfd</load_address>
         <run_address>0xfdfd</run_address>
         <size>0x157</size>
         <input_file_ref idref="fl-15d"/>
      </object_component>
      <object_component id="oc-354">
[...]
      </symbol>
      <symbol id="sm-2c8">
         <name>xPortSysTickCount</name>
         <value>0x20003594</value>
         <object_component_ref idref="oc-163"/>
      </symbol>
      <symbol id="sm-2c9">
         <name>xPortSysTickHandler</name>
         <value>0x2f9d</value>
         <object_component_ref idref="oc-ff"/>
      </symbol>
      <symbol id="sm-2ca">
         <name>vPortYieldFromISR</name>
         <value>0x2f6b</value>
         <object_component_ref idref="oc-ff"/>
      </symbol>
      <symbol id="sm-2cb">
         <name>pxPortInitialiseStack</name>
         <value>0x2ef9</value>
         <object_component_ref idref="oc-ff"/>
      </symbol>
      <symbol id="sm-2cc">
         <name>vPortExitCritical</name>
         <value>0x2f85</value>
         <object_component_ref idref="oc-ff"/>
      </symbol>
      <symbol id="sm-2cd">
         <name>xPortStartScheduler</name>
         <value>0x2f41</value>
         <object_component_ref idref="oc-ff"/>
      </symbol>
      <symbol id="sm-2ce">
         <name>vPortEnterCritical</name>
         <value>0x2f75</value>
         <object_component_ref idref="oc-ff"/>
      </symbol>
      <symbol id="sm-2dc">
         <name>vPortStartFirstTask</name>
         <value>0x359b</value>
         <object_component_ref idref="oc-10b"/>
      </symbol>
      <symbol id="sm-2dd">
         <name>xPortPendSVHandler</name>
         <value>0x352d</value>
         <object_component_ref idref="oc-10b"/>
      </symbol>
      <symbol id="sm-2de">
         <name>vPortClearInterruptMask</name>
         <value>0x3577</value>
         <object_component_ref idref="oc-10b"/>
      </symbol>
      <symbol id="sm-2df">
         <name>ulPortSetInterruptMask</name>
         <value>0x3569</value>
         <object_component_ref idref="oc-10b"/>
      </symbol>
      <symbol id="sm-2e0">
         <name>vPortSVCHandler</name>
         <value>0x357d</value>
         <object_component_ref idref="oc-10b"/>
      </symbol>
      <symbol id="sm-325">
         <name>vPortInitialiseBlocks</name>
         <value>0x2699</value>
         <object_component_ref idref="oc-11b"/>
      </symbol>
      <symbol id="sm-326">
         <name>xPortGetFreeHeapSize</name>
         <value>0x2693</value>
         <object_component_ref idref="oc-11b"/>
      </symbol>
      <symbol id="sm-327">
         <name>pvPortMalloc</name>
         <value>0x2509</value>
         <object_component_ref idref="oc-11b"/>
      </symbol>
      <symbol id="sm-328">
         <name>vPortFree</name>
         <value>0x2631</value>
         <object_component_ref idref="oc-11b"/>
      </symbol>
      <symbol id="sm-338">
         <name>_c_int00</name>
         <value>0x3bb1</value>
         <object_component_ref idref="oc-24"/>
      </symbol>
      <symbol id="sm-339">
         <name>__stack</name>
         <value>0x20002424</value>
         <object_component_ref idref="oc-29"/>
      </symbol>
      <symbol id="sm-350">
         <name>__TI_decompress_none</name>
         <value>0x3f4f</value>
         <object_component_ref idref="oc-12"/>
      </symbol>
      <symbol id="sm-378">
         <name>__TI_decompress_rle24</name>
         <value>0x3fb7</value>
         <object_component_ref idref="oc-18"/>
      </symbol>
      <symbol id="sm-38a">
         <name>__TI_zero_init</name>
         <value>0x3f5d</value>
         <object_component_ref idref="oc-1e"/>
      </symbol>
      <symbol id="sm-3a9">
         <name>C$$EXIT</name>
         <value>0x3ae9</value>
         <object_component_ref idref="oc-6d"/>
      </symbol>
      <symbol id="sm-3aa">
         <name>abort</name>
         <value>0x3aed</value>
         <object_component_ref idref="oc-6d"/>
      </symbol>
      <symbol id="sm-3ab">
         <name>exit</name>
         <value>0x3af5</value>
         <object_component_ref idref="oc-6d"/>
      </symbol>
      <symbol id="sm-3ac">
         <name>__TI_dtors_ptr</name>
         <value>0x200035ac</value>
         <object_component_ref idref="oc-a8"/>
      </symbol>
      <symbol id="sm-3ad">
         <name>__TI_cleanup_ptr</name>
         <value>0x200035a8</value>
         <object_component_ref idref="oc-a8"/>
      </symbol>
      <symbol id="sm-3d1">
         <name>__aeabi_dsub</name>
         <value>0x2351</value>
         <object_component_ref idref="oc-1a8"/>
      </symbol>
      <symbol id="sm-3d2">
         <name>__aeabi_dadd</name>
         <value>0x235b</value>
         <object_component_ref idref="oc-1a8"/>
      </symbol>
      <symbol id="sm-3f2">
         <name>__aeabi_ddiv</name>
         <value>0x2999</value>
         <object_component_ref idref="oc-196"/>
      </symbol>
      <symbol id="sm-3ff">
         <name>__aeabi_d2uiz</name>
         <value>0x3b2d</value>
         <object_component_ref idref="oc-19b"/>
      </symbol>
      <symbol id="sm-41a">
         <name>memcpy</name>
         <value>0x32fb</value>
         <object_component_ref idref="oc-36"/>
      </symbol>
      <symbol id="sm-41b">
         <name>__aeabi_memcpy</name>
         <value>0x32fb</value>
         <object_component_ref idref="oc-36"/>
      </symbol>
      <symbol id="sm-41c">
         <name>__aeabi_memcpy8</name>
         <value>0x32fb</value>
         <object_component_ref idref="oc-36"/>
      </symbol>
      <symbol id="sm-41d">
         <name>__aeabi_memcpy4</name>
         <value>0x32fb</value>
         <object_component_ref idref="oc-36"/>
      </symbol>
      <symbol id="sm-42c">
         <name>__aeabi_memset</name>
         <value>0x35af</value>
         <object_component_ref idref="oc-4f"/>
      </symbol>
      <symbol id="sm-42d">
         <name>memset</name>
         <value>0x35b5</value>
         <object_component_ref idref="oc-4f"/>
      </symbol>
      <symbol id="sm-42e">
         <name>__aeabi_memset8</name>
         <value>0x35af</value>
         <object_component_ref idref="oc-4f"/>
      </symbol>
      <symbol id="sm-42f">
         <name>__aeabi_memset4</name>
         <value>0x35af</value>
         <object_component_ref idref="oc-4f"/>
      </symbol>
      <symbol id="sm-430">
         <name>__aeabi_memclr8</name>
         <value>0x35ad</value>
         <object_component_ref idref="oc-4f"/>
      </symbol>
      <symbol id="sm-431">
         <name>__aeabi_memclr4</name>
         <value>0x35ad</value>
         <object_component_ref idref="oc-4f"/>
      </symbol>
      <symbol id="sm-432">
         <name>__aeabi_memclr</name>
         <value>0x35ad</value>
         <object_component_ref idref="oc-4f"/>
      </symbol>
      <symbol id="sm-43c">
         <name>_system_pre_init</name>
         <value>0x3fbd</value>
         <object_component_ref idref="oc-5b"/>
      </symbol>
      <symbol id="sm-455">
         <name>sprintf</name>
         <value>0x37d1</value>
         <object_component_ref idref="oc-15d"/>
      </symbol>
      <symbol id="sm-45d">
         <name>main_func_sp</name>
         <value>0x200035bc</value>
         <object_component_ref idref="oc-73"/>
      </symbol>
      <symbol id="sm-469">
         <name>__aeabi_ui2d</name>
         <value>0x3e0b</value>
         <object_component_ref idref="oc-191"/>
      </symbol>
      <symbol id="sm-482">
         <name>_nop</name>
         <value>0x3edf</value>
         <object_component_ref idref="oc-ea"/>
      </symbol>
      <symbol id="sm-483">
         <name>_lock</name>
         <value>0x200035a0</value>
         <object_component_ref idref="oc-a5"/>
      </symbol>
      <symbol id="sm-484">
         <name>_unlock</name>
         <value>0x200035a4</value>
         <object_component_ref idref="oc-a5"/>
      </symbol>
      <symbol id="sm-485">
         <name>_register_lock</name>
         <value>0x3ed7</value>
         <object_component_ref idref="oc-ea"/>
      </symbol>
      <symbol id="sm-486">
         <name>_register_unlock</name>
         <value>0x3ed1</value>
         <object_component_ref idref="oc-ea"/>
      </symbol>
      <symbol id="sm-58b">
         <name>__TI_printfi</name>
         <value>0xe85</value>
         <object_component_ref idref="oc-233"/>
      </symbol>
      <symbol id="sm-5a0">
         <name>_args_main</name>
         <value>0x3e65</value>
         <object_component_ref idref="oc-67"/>
      </symbol>
      <symbol id="sm-5b6">
         <name>atoi</name>
         <value>0x3939</value>
         <object_component_ref idref="oc-2e5"/>
      </symbol>
      <symbol id="sm-5dc">
         <name>__TI_auto_init</name>
         <value>0x3695</value>
         <object_component_ref idref="oc-61"/>
      </symbol>
      <symbol id="sm-5f6">
         <name>copy_in</name>
         <value>0x3985</value>
         <object_component_ref idref="oc-95"/>
      </symbol>
      <symbol id="sm-601">
         <name>_ctypes_</name>
         <value>0x41a0</value>
         <object_component_ref idref="oc-336"/>
      </symbol>
      <symbol id="sm-628">
         <name>__aeabi_cdcmpeq</name>
         <value>0x3421</value>
         <object_component_ref idref="oc-2a8"/>
      </symbol>
      <symbol id="sm-629">
         <name>__aeabi_cdcmple</name>
         <value>0x3421</value>
         <object_component_ref idref="oc-2a8"/>
      </symbol>
      <symbol id="sm-62a">
         <name>__aeabi_cdrcmple</name>
         <value>0x34a7</value>
         <object_component_ref idref="oc-2b2"/>
      </symbol>
      <symbol id="sm-641">
         <name>__aeabi_dmul</name>
         <value>0x2d09</value>
         <object_component_ref idref="oc-2ad"/>
      </symbol>
      <symbol id="sm-64f">
         <name>__aeabi_d2iz</name>
         <value>0x39d1</value>
         <object_component_ref idref="oc-2b7"/>
      </symbol>
      <symbol id="sm-65c">
         <name>frexp</name>
         <value>0x3dc9</value>
         <object_component_ref idref="oc-2c7"/>
      </symbol>
      <symbol id="sm-668">
         <name>__aeabi_i2d</name>
         <value>0x3d19</value>
         <object_component_ref idref="oc-2c2"/>
      </symbol>
      <symbol id="sm-679">
         <name>ldexp</name>
         <value>0x3a19</value>
         <object_component_ref idref="oc-2cd"/>
      </symbol>
      <symbol id="sm-688">
         <name>ltoa</name>
         <value>0x38e1</value>
         <object_component_ref idref="oc-2bc"/>
      </symbol>
      <symbol id="sm-698">
         <name>memccpy</name>
         <value>0x3e49</value>
         <object_component_ref idref="oc-2df"/>
      </symbol>
      <symbol id="sm-6a8">
         <name>strchr</name>
         <value>0x3e93</value>
         <object_component_ref idref="oc-2d3"/>
      </symbol>
      <symbol id="sm-6b6">
         <name>strlen</name>
         <value>0x3ee5</value>
         <object_component_ref idref="oc-2a2"/>
      </symbol>
      <symbol id="sm-6e0">
         <name>__aeabi_uldivmod</name>
         <value>0x1f9d</value>
         <object_component_ref idref="oc-29d"/>
      </symbol>
      <symbol id="sm-6ee">
         <name>_Dclass</name>
         <value>0x3d9f</value>
         <object_component_ref idref="oc-2d9"/>
      </symbol>
      <symbol id="sm-70f">
         <name>_Dscale</name>
         <value>0x2bf9</value>
         <object_component_ref idref="oc-322"/>
      </symbol>
      <symbol id="sm-723">
         <name>_Dunscale</name>
         <value>0x376b</value>
         <object_component_ref idref="oc-31a"/>
      </symbol>
      <symbol id="sm-732">
         <name>_Feraise</name>
         <value>0x3c8d</value>
         <object_component_ref idref="oc-328"/>
      </symbol>
      <symbol id="sm-742">
         <name>_Rteps</name>
         <value>0x20003538</value>
         <object_component_ref idref="oc-350"/>
      </symbol>
      <symbol id="sm-743">
         <name>_Zero</name>
         <value>0x20003550</value>
         <object_component_ref idref="oc-350"/>
      </symbol>
      <symbol id="sm-744">
         <name>_Hugeval</name>
         <value>0x200034f8</value>
         <object_component_ref idref="oc-350"/>
      </symbol>
      <symbol id="sm-745">
         <name>_Snan</name>
         <value>0x20003528</value>
         <object_component_ref idref="oc-350"/>
      </symbol>
      <symbol id="sm-746">
         <name>_Nan</name>
         <value>0x20003518</value>
         <object_component_ref idref="oc-350"/>
      </symbol>
      <symbol id="sm-747">
         <name>_Inf</name>
         <value>0x20003508</value>
         <object_component_ref idref="oc-350"/>
      </symbol>
      <symbol id="sm-748">
         <name>_Xbig</name>
         <value>0x20003548</value>
         <object_component_ref idref="oc-350"/>
      </symbol>
      <symbol id="sm-749">
         <name>_Eps</name>
         <value>0x200034e8</value>
         <object_component_ref idref="oc-350"/>
      </symbol>
      <symbol id="sm-74a">
         <name>_Denorm</name>
         <value>0x200034d8</value>
         <object_component_ref idref="oc-350"/>
      </symbol>
      <symbol id="sm-752">
         <name>_Errno</name>
         <value>0x200035b8</value>
         <object_component_ref idref="oc-35b"/>
      </symbol>
      <symbol id="sm-770">
         <name>feraiseexcept</name>
         <value>0x3c59</value>
         <object_component_ref idref="oc-355"/>
      </symbol>
      <symbol id="sm-771">
         <name>_Tls_setup__Fenv</name>
         <value>0x200035b4</value>
         <object_component_ref idref="oc-37f"/>
      </symbol>
      <symbol id="sm-772">
         <name>_Fenv</name>
         <value>0x200035b0</value>
         <object_component_ref idref="oc-37f"/>
      </symbol>
      <symbol id="sm-786">
         <name>raise</name>
         <value>0x3d47</value>
         <object_component_ref idref="oc-379"/>
      </symbol>
      <symbol id="sm-7a0">
         <name>signal</name>
         <value>0x3b71</value>
         <object_component_ref idref="oc-389"/>
      </symbol>
      <symbol id="sm-7b5">
         <name>_Dnorm</name>
         <value>0x323d</value>
         <object_component_ref idref="oc-346"/>
      </symbol>
      <symbol id="sm-7da">
         <name>SysTickEnable</name>
         <value>0x3ea9</value>
         <object_component_ref idref="oc-13e"/>
      </symbol>
      <symbol id="sm-7db">
         <name>SysTickIntRegister</name>
         <value>0x3e2d</value>
         <object_component_ref idref="oc-136"/>
      </symbol>
      <symbol id="sm-7dc">
         <name>SysTickIntEnable</name>
         <value>0x3ebd</value>
         <object_component_ref idref="oc-13a"/>
      </symbol>
      <symbol id="sm-86f">
         <name>SysCtlClockSet</name>
         <value>0x2855</value>
         <object_component_ref idref="oc-12e"/>
      </symbol>
      <symbol id="sm-870">
         <name>SysCtlDelay</name>
         <value>0x3fb1</value>
         <object_component_ref idref="oc-1ea"/>
      </symbol>
      <symbol id="sm-871">
         <name>SysCtlPeripheralEnable</name>
         <value>0x3889</value>
         <object_component_ref idref="oc-149"/>
      </symbol>
      <symbol id="sm-872">
         <name>SysCtlClockGet</name>
         <value>0x26bd</value>
         <object_component_ref idref="oc-208"/>
      </symbol>
      <symbol id="sm-873">
         <name>SysCtlPeripheralDisable</name>
         <value>0x3831</value>
         <object_component_ref idref="oc-159"/>
      </symbol>
      <symbol id="sm-874">
         <name>SysCtlPeripheralReset</name>
         <value>0x3399</value>
         <object_component_ref idref="oc-155"/>
      </symbol>
      <symbol id="sm-8a8">
         <name>SSIDataPut</name>
         <value>0x3f7f</value>
         <object_component_ref idref="oc-1fd"/>
      </symbol>
      <symbol id="sm-8a9">
         <name>SSIDataGetNonBlocking</name>
         <value>0x3f2f</value>
         <object_component_ref idref="oc-218"/>
      </symbol>
      <symbol id="sm-8aa">
         <name>SSIConfigSetExpClk</name>
         <value>0x3a5f</value>
         <object_component_ref idref="oc-20c"/>
      </symbol>
      <symbol id="sm-8ab">
         <name>SSIEnable</name>
         <value>0x3f93</value>
         <object_component_ref idref="oc-214"/>
      </symbol>
      <symbol id="sm-8ac">
         <name>SSIBusy</name>
         <value>0x3f9d</value>
         <object_component_ref idref="oc-1f9"/>
      </symbol>
      <symbol id="sm-8ad">
         <name>SSIDisable</name>
         <value>0x3f89</value>
         <object_component_ref idref="oc-204"/>
      </symbol>
      <symbol id="sm-8c3">
         <name>IntRegister</name>
         <value>0x3c25</value>
         <object_component_ref idref="oc-132"/>
      </symbol>
      <symbol id="sm-8c4">
         <name>g_pfnRAMVectors</name>
         <value>0x20000000</value>
         <object_component_ref idref="oc-1f1"/>
      </symbol>
      <symbol id="sm-909">
         <name>GPIOPinTypeGPIOInput</name>
         <value>0x3ef9</value>
         <object_component_ref idref="oc-14d"/>
      </symbol>
      <symbol id="sm-90a">
         <name>GPIOPinTypeGPIOOutput</name>
         <value>0x3f0b</value>
         <object_component_ref idref="oc-16b"/>
      </symbol>
      <symbol id="sm-90b">
         <name>GPIOPinRead</name>
         <value>0x3fa5</value>
         <object_component_ref idref="oc-151"/>
      </symbol>
      <symbol id="sm-90c">
         <name>GPIODirModeSet</name>
         <value>0x3ceb</value>
         <object_component_ref idref="oc-22a"/>
      </symbol>
      <symbol id="sm-90d">
         <name>GPIOPinWrite</name>
         <value>0x3fab</value>
         <object_component_ref idref="oc-16f"/>
      </symbol>
      <symbol id="sm-90e">
         <name>GPIOPadConfigSet</name>
         <value>0x2fe9</value>
         <object_component_ref idref="oc-1a4"/>
      </symbol>
      <symbol id="sm-90f">
         <name>GPIOPinTypeSSI</name>
         <value>0x3f1d</value>
         <object_component_ref idref="oc-210"/>
      </symbol>
      <symbol id="sm-94c">
         <name>ADCProcessorTrigger</name>
         <value>0x3e7d</value>
         <object_component_ref idref="oc-185"/>
      </symbol>
      <symbol id="sm-94d">
         <name>ADCSequenceEnable</name>
         <value>0x3f41</value>
         <object_component_ref idref="oc-17d"/>
      </symbol>
      <symbol id="sm-94e">
         <name>ADCSequenceConfigure</name>
         <value>0x3d75</value>
         <object_component_ref idref="oc-175"/>
      </symbol>
      <symbol id="sm-94f">
         <name>ADCSequenceStepConfigure</name>
         <value>0x3627</value>
         <object_component_ref idref="oc-179"/>
      </symbol>
      <symbol id="sm-950">
         <name>ADCIntClear</name>
         <value>0x3f75</value>
         <object_component_ref idref="oc-181"/>
      </symbol>
      <symbol id="sm-951">
         <name>ADCIntStatus</name>
         <value>0x3cbd</value>
         <object_component_ref idref="oc-189"/>
      </symbol>
      <symbol id="sm-952">
         <name>ADCSequenceDataGet</name>
         <value>0x3deb</value>
         <object_component_ref idref="oc-18d"/>
      </symbol>
      <symbol id="sm-953">
         <name>__TI_static_base__</name>
         <value>0x0</value>
      </symbol>
      <symbol id="sm-956">
         <name>SHT$$INIT_ARRAY$$Limit</name>
         <value>0x0</value>
      </symbol>
      <symbol id="sm-957">
         <name>SHT$$INIT_ARRAY$$Base</name>
         <value>0x0</value>
      </symbol>
   </symbol_table>
   <title>Link successful</title>
</link_info>
