******************************************************************************
                  TI ARM Linker PC v5.2.2                      
******************************************************************************
>> Linked Wed Apr 20 14:07:05 2016

OUTPUT FILE NAME:   <EECS_388_P6_2.out>
ENTRY POINT SYMBOL: "_c_int00"  address: 00003bb1


MEMORY CONFIGURATION

         name            origin    length      used     unused   attr    fill
----------------------  --------  ---------  --------  --------  ----  --------
  FLASH                 00000000   00040000  0000443c  0003bbc4  R  X
  SRAM                  20000000   00010000  000035b8  0000ca48  RW X


SEGMENT ALLOCATION MAP

run origin  load origin   length   init length attrs members
----------  ----------- ---------- ----------- ----- -------
00000000    00000000    00004440   00004440    r-x
  00000000    00000000    000000f0   000000f0    r-- .intvecs
  000000f0    000000f0    00003ed0   00003ed0    r-x .text
  00003fc0    00003fc0    000003ec   000003ec    r-- .const
  000043b0    000043b0    00000090   00000090    r-- .cinit
20000000    20000000    000035c0   00000000    rw-
  20000000    20000000    0000026c   00000000    rw- .vtable
  20000270    20000270    000021b4   00000000    rw- .bss
  20002424    20002424    00001000   00000000    rw- .stack
  20003428    20003428    00000198   00000000    rw- .data


SECTION ALLOCATION MAP

 output                                  attributes/
section   page    origin      length       input sections
--------  ----  ----------  ----------   ----------------
.intvecs   0    00000000    000000f0     
                  00000000    000000f0     lm3s1968_startup_ccs.obj (.intvecs)

.text      0    000000f0    00003ed0     
                  000000f0    0000109a     rtsv7M3_T_le_eabi.lib : _printfi.obj (.text)
                  0000118a    00000002     --HOLE-- [fill = 0]
                  0000118c    00000900     tasks.obj (.text)
                  00001a8c    00000510     rit128x96x4.obj (.text)
                  00001f9c    000001f4     rtsv7M3_T_le_eabi.lib : ull_div_t2.obj (.text)
                  00002190    000001c0     oled.obj (.text)
                  00002350    000001b6     rtsv7M3_T_le_eabi.lib : fd_add_t2.obj (.text)
                  00002506    00000002     --HOLE-- [fill = 0]
                  00002508    000001b4     heap_2.obj (.text)
                  000026bc    00000198     driverlib-cm3.lib : sysctl.obj (.text:SysCtlClockGet)
                  00002854    00000144                       : sysctl.obj (.text:SysCtlClockSet)
                  00002998    00000136     rtsv7M3_T_le_eabi.lib : fd_div_t2.obj (.text)
                  00002ace    0000012a     list.obj (.text)
                  00002bf8    00000110     rtsv7M3_T_le_eabi.lib : xdscale.obj (.text)
                  00002d08    000000fc                           : fd_mul_t2.obj (.text)
                  00002e04    000000f4     potentiometer.obj (.text)
                  00002ef8    000000f0     port.obj (.text)
                  00002fe8    000000c8     driverlib-cm3.lib : gpio.obj (.text:GPIOPadConfigSet)
                  000030b0    000000c8     main.obj (.text)
                  00003178    000000c4     speaker.obj (.text)
                  0000323c    000000be     rtsv7M3_T_le_eabi.lib : xdnorm.obj (.text)
                  000032fa    0000009c                           : memcpy_t2.obj (.text)
                  00003396    00000002     --HOLE-- [fill = 0]
                  00003398    00000088     driverlib-cm3.lib : sysctl.obj (.text:SysCtlPeripheralReset)
                  00003420    00000086     rtsv7M3_T_le_eabi.lib : fd_cmp_t2.obj (.text:__aeabi_cdcmple)
                  000034a6    00000086                           : fd_cmp_t2.obj (.text:__aeabi_cdrcmple)
                  0000352c    00000080     portasm.obj (.text)
                  000035ac    0000007a     rtsv7M3_T_le_eabi.lib : memset_t2.obj (.text)
                  00003626    0000006c     driverlib-cm3.lib : adc.obj (.text:ADCSequenceStepConfigure)
                  00003692    00000002     --HOLE-- [fill = 0]
                  00003694    0000006c     rtsv7M3_T_le_eabi.lib : autoinit.obj (.text)
                  00003700    0000006a                           : copy_decompress_rle.obj (.text)
                  0000376a    00000066                           : xdunscal.obj (.text)
                  000037d0    00000060                           : sprintf.obj (.text)
                  00003830    00000058     driverlib-cm3.lib : sysctl.obj (.text:SysCtlPeripheralDisable)
                  00003888    00000058                       : sysctl.obj (.text:SysCtlPeripheralEnable)
                  000038e0    00000056     rtsv7M3_T_le_eabi.lib : ltoa.obj (.text)
                  00003936    00000002     --HOLE-- [fill = 0]
                  00003938    0000004c                           : atoi.obj (.text)
                  00003984    0000004c                           : cpy_tbl.obj (.text)
                  000039d0    00000048                           : fd_toi_t2.obj (.text)
                  00003a18    00000046                           : ldexp.obj (.text)
                  00003a5e    00000044     driverlib-cm3.lib : ssi.obj (.text:SSIConfigSetExpClk)
                  00003aa2    00000002     --HOLE-- [fill = 0]
                  00003aa4    00000044     led.obj (.text)
                  00003ae8    00000044     rtsv7M3_T_le_eabi.lib : exit.obj (.text)
                  00003b2c    00000044                           : fd_tou_t2.obj (.text)
                  00003b70    00000040                           : signal.obj (.text)
                  00003bb0    0000003c                           : boot.obj (.text)
                  00003bec    00000038     system.obj (.text)
                  00003c24    00000034     driverlib-cm3.lib : interrupt.obj (.text:IntRegister)
                  00003c58    00000034     rtsv7M3_T_le_eabi.lib : feraiseexcept.obj (.text)
                  00003c8c    00000030                           : xferaise.obj (.text)
                  00003cbc    0000002e     driverlib-cm3.lib : adc.obj (.text:ADCIntStatus)
                  00003cea    0000002e                       : gpio.obj (.text:GPIODirModeSet)
                  00003d18    0000002e     rtsv7M3_T_le_eabi.lib : i_tofd_t2.obj (.text)
                  00003d46    0000002e                           : raise.obj (.text)
                  00003d74    0000002a     driverlib-cm3.lib : adc.obj (.text:ADCSequenceConfigure)
                  00003d9e    0000002a     rtsv7M3_T_le_eabi.lib : xdclass.obj (.text)
                  00003dc8    00000022                           : frexp.obj (.text)
                  00003dea    00000020     driverlib-cm3.lib : adc.obj (.text:ADCSequenceDataGet)
                  00003e0a    00000020     rtsv7M3_T_le_eabi.lib : u_tofd_t2.obj (.text)
                  00003e2a    00000002     --HOLE-- [fill = 0]
                  00003e2c    0000001c     driverlib-cm3.lib : systick.obj (.text:SysTickIntRegister)
                  00003e48    0000001a     rtsv7M3_T_le_eabi.lib : memccpy.obj (.text)
                  00003e62    00000002     --HOLE-- [fill = 0]
                  00003e64    00000018                           : args_main.obj (.text)
                  00003e7c    00000016     driverlib-cm3.lib : adc.obj (.text:ADCProcessorTrigger)
                  00003e92    00000016     rtsv7M3_T_le_eabi.lib : strchr.obj (.text)
                  00003ea8    00000014     driverlib-cm3.lib : systick.obj (.text:SysTickEnable)
                  00003ebc    00000014                       : systick.obj (.text:SysTickIntEnable)
                  00003ed0    00000014     rtsv7M3_T_le_eabi.lib : _lock.obj (.text)
                  00003ee4    00000014                           : strlen.obj (.text)
                  00003ef8    00000012     driverlib-cm3.lib : gpio.obj (.text:GPIOPinTypeGPIOInput)
                  00003f0a    00000012                       : gpio.obj (.text:GPIOPinTypeGPIOOutput)
                  00003f1c    00000012                       : gpio.obj (.text:GPIOPinTypeSSI)
                  00003f2e    00000012                       : ssi.obj (.text:SSIDataGetNonBlocking)
                  00003f40    0000000e                       : adc.obj (.text:ADCSequenceEnable)
                  00003f4e    0000000e     rtsv7M3_T_le_eabi.lib : copy_decompress_none.obj (.text:decompress:none)
                  00003f5c    0000000c                           : copy_zero_init.obj (.text:decompress:ZI)
                  00003f68    0000000c     lm3s1968_startup_ccs.obj (.text)
                  00003f74    0000000a     driverlib-cm3.lib : adc.obj (.text:ADCIntClear)
                  00003f7e    0000000a                       : ssi.obj (.text:SSIDataPut)
                  00003f88    0000000a                       : ssi.obj (.text:SSIDisable)
                  00003f92    0000000a                       : ssi.obj (.text:SSIEnable)
                  00003f9c    00000008                       : ssi.obj (.text:SSIBusy)
                  00003fa4    00000006                       : gpio.obj (.text:GPIOPinRead)
                  00003faa    00000006                       : gpio.obj (.text:GPIOPinWrite)
                  00003fb0    00000006                       : sysctl.obj (.text:SysCtlDelay)
                  00003fb6    00000006     rtsv7M3_T_le_eabi.lib : copy_decompress_rle.obj (.text:decompress:rle24)
                  00003fbc    00000004                           : pre_init.obj (.text)

.const     0    00003fc0    000003ec     
                  00003fc0    000001e0     rit128x96x4.obj (.const:g_pucFont)
                  000041a0    00000101     rtsv7M3_T_le_eabi.lib : ctype.obj (.const:.string:_ctypes_)
                  000042a1    00000001     --HOLE-- [fill = 0]
                  000042a2    00000002     heap_2.obj (.const)
                  000042a4    0000006c     driverlib-cm3.lib : sysctl.obj (.const:g_pulXtals)
                  00004310    0000004f     rit128x96x4.obj (.const:.string:g_pucRIT128x96x4Init)
                  0000435f    00000001     --HOLE-- [fill = 0]
                  00004360    00000040     driverlib-cm3.lib : sysctl.obj (.const)
                  000043a0    0000000c     rit128x96x4.obj (.const:.string)

.cinit     0    000043b0    00000090     
                  000043b0    00000056     (.cinit..data.load) [load image, compression = rle]
                  00004406    00000002     --HOLE-- [fill = 0]
                  00004408    0000000c     (__TI_handler_table)
                  00004414    00000004     --HOLE-- [fill = 0]
                  00004418    00000008     (.cinit..bss.load) [load image, compression = zero_init]
                  00004420    00000008     (.cinit..vtable.load) [load image, compression = zero_init]
                  00004428    00000018     (__TI_cinit_table)

.init_array 
*          0    00000000    00000000     UNINITIALIZED

.vtable    0    20000000    0000026c     UNINITIALIZED
                  20000000    0000026c     driverlib-cm3.lib : interrupt.obj (.vtable)

.bss       0    20000270    000021b4     UNINITIALIZED
                  20000270    00002000     heap_2.obj (.bss:xHeap)
                  20002270    00000100     lm3s1968_startup_ccs.obj (.bss:pulStack)
                  20002370    00000050     tasks.obj (.bss:pxReadyTasksLists)
                  200023c0    00000014     (.common:xDelayedTaskList1)
                  200023d4    00000014     (.common:xDelayedTaskList2)
                  200023e8    00000014     (.common:xPendingReadyList)
                  200023fc    00000008     (.common:g_pucBuffer)
                  20002404    00000008     (.common:xEnd)
                  2000240c    00000008     (.common:xStart)
                  20002414    00000004     (.common:g_ulSSIFlags)
                  20002418    00000004     (.common:pxDelayedTaskList)
                  2000241c    00000004     (.common:pxOverflowDelayedTaskList)
                  20002420    00000004     (.common:sample)

.TI.noinit 
*          0    20000270    00000000     UNINITIALIZED

.stack     0    20002424    00001000     UNINITIALIZED
                  20002424    00001000     --HOLE--

.data      0    20003428    00000198     UNINITIALIZED
                  20003428    000000b0     rtsv7M3_T_le_eabi.lib : signal.obj (.data:sigtable)
                  200034d8    00000080                           : xvalues.obj (.data)
                  20003558    0000002c     tasks.obj (.data)
                  20003584    0000000c     potentiometer.obj (.data)
                  20003590    00000008     port.obj (.data)
                  20003598    00000008     heap_2.obj (.data)
                  200035a0    00000008     rtsv7M3_T_le_eabi.lib : _lock.obj (.data)
                  200035a8    00000008                           : exit.obj (.data)
                  200035b0    00000008                           : feraiseexcept.obj (.data)
                  200035b8    00000004                           : errno.obj (.data)
                  200035bc    00000004                           : stkdepth_vars.obj (.data)

.TI.persistent 
*          0    20003428    00000000     UNINITIALIZED


LINKER GENERATED COPY TABLES

__TI_cinit_table @ 00004428 records: 3, size/record: 8, table size: 24
	.data: load addr=000043b0, load size=00000056 bytes, run addr=20003428, run size=00000198 bytes, compression=rle
	.bss: load addr=00004418, load size=00000008 bytes, run addr=20000270, run size=000021b4 bytes, compression=zero_init
	.vtable: load addr=00004420, load size=00000008 bytes, run addr=20000000, run size=0000026c bytes, compression=zero_init


LINKER GENERATED HANDLER TABLE

__TI_handler_table @ 00004408 records: 3, size/record: 4, table size: 12
	index: 0, handler: __TI_zero_init
	index: 1, handler: __TI_decompress_rle24
	index: 2, handler: __TI_decompress_none


GLOBAL SYMBOLS: SORTED ALPHABETICALLY BY Name 

address   name                             
-------   ----                             
00003f75  ADCIntClear                      
00003cbd  ADCIntStatus                     
00003e7d  ADCProcessorTrigger              
00003d75  ADCSequenceConfigure             
00003deb  ADCSequenceDataGet               
00003f41  ADCSequenceEnable                
00003627  ADCSequenceStepConfigure         
00003ae9  C$$EXIT                          
00003ceb  GPIODirModeSet                   
00002fe9  GPIOPadConfigSet                 
00003fa5  GPIOPinRead                      
00003ef9  GPIOPinTypeGPIOInput             
00003f0b  GPIOPinTypeGPIOOutput            
00003f1d  GPIOPinTypeSSI                   
00003fab  GPIOPinWrite                     
00003c25  IntRegister                      
00003aa5  LEDTask                          
00002299  OLEDTask                         
00001b95  RIT128x96x4Clear                 
00001e13  RIT128x96x4Disable               
00001f65  RIT128x96x4DisplayOff            
00001f31  RIT128x96x4DisplayOn             
00001db9  RIT128x96x4Enable                
00001d31  RIT128x96x4ImageDraw             
00001e8d  RIT128x96x4Init                  
00001bf1  RIT128x96x4StringDraw            
00003f69  ResetISR                         
UNDEFED   SHT$$INIT_ARRAY$$Base            
UNDEFED   SHT$$INIT_ARRAY$$Limit           
00003f9d  SSIBusy                          
00003a5f  SSIConfigSetExpClk               
00003f2f  SSIDataGetNonBlocking            
00003f7f  SSIDataPut                       
00003f89  SSIDisable                       
00003f93  SSIEnable                        
00002e05  SamplingTask                     
000026bd  SysCtlClockGet                   
00002855  SysCtlClockSet                   
00003fb1  SysCtlDelay                      
00003831  SysCtlPeripheralDisable          
00003889  SysCtlPeripheralEnable           
00003399  SysCtlPeripheralReset            
00003ea9  SysTickEnable                    
00003ebd  SysTickIntEnable                 
00003e2d  SysTickIntRegister               
00003d9f  _Dclass                          
200034d8  _Denorm                          
0000323d  _Dnorm                           
00002bf9  _Dscale                          
0000376b  _Dunscale                        
200034e8  _Eps                             
200035b8  _Errno                           
200035b0  _Fenv                            
00003c8d  _Feraise                         
200034f8  _Hugeval                         
20003508  _Inf                             
20003518  _Nan                             
20003538  _Rteps                           
20003528  _Snan                            
200035b4  _Tls_setup__Fenv                 
20003548  _Xbig                            
20003550  _Zero                            
20003424  __STACK_END                      
00001000  __STACK_SIZE                     
20002624  __STACK_TOP                      
00004428  __TI_CINIT_Base                  
00004440  __TI_CINIT_Limit                 
00004408  __TI_Handler_Table_Base          
00004414  __TI_Handler_Table_Limit         
00003695  __TI_auto_init                   
200035a8  __TI_cleanup_ptr                 
00003f4f  __TI_decompress_none             
00003fb7  __TI_decompress_rle24            
200035ac  __TI_dtors_ptr                   
00000e85  __TI_printfi                     
00000000  __TI_static_base__               
00003f5d  __TI_zero_init                   
00003421  __aeabi_cdcmpeq                  
00003421  __aeabi_cdcmple                  
000034a7  __aeabi_cdrcmple                 
000039d1  __aeabi_d2iz                     
00003b2d  __aeabi_d2uiz                    
0000235b  __aeabi_dadd                     
00002999  __aeabi_ddiv                     
00002d09  __aeabi_dmul                     
00002351  __aeabi_dsub                     
00003d19  __aeabi_i2d                      
000035ad  __aeabi_memclr                   
000035ad  __aeabi_memclr4                  
000035ad  __aeabi_memclr8                  
000032fb  __aeabi_memcpy                   
000032fb  __aeabi_memcpy4                  
000032fb  __aeabi_memcpy8                  
000035af  __aeabi_memset                   
000035af  __aeabi_memset4                  
000035af  __aeabi_memset8                  
00003e0b  __aeabi_ui2d                     
00001f9d  __aeabi_uldivmod                 
ffffffff  __binit__                        
ffffffff  __c_args__                       
20002424  __stack                          
00003e65  _args_main                       
00003bb1  _c_int00                         
000041a0  _ctypes_                         
200035a0  _lock                            
00003edf  _nop                             
00003ed7  _register_lock                   
00003ed1  _register_unlock                 
00003fbd  _system_pre_init                 
200035a4  _unlock                          
00003aed  abort                            
00003939  atoi                             
20003584  average                          
ffffffff  binit                            
00003985  copy_in                          
00003af5  exit                             
00003c59  feraiseexcept                    
00003dc9  frexp                            
20000000  g_pfnRAMVectors                  
00000000  g_pfnVectors                     
00003a19  ldexp                            
000038e1  ltoa                             
000030b1  main                             
200035bc  main_func_sp                     
00003e49  memccpy                          
000032fb  memcpy                           
000035b5  memset                           
20003588  output                           
00002509  pvPortMalloc                     
20003558  pxCurrentTCB                     
20002418  pxDelayedTaskList                
2000241c  pxOverflowDelayedTaskList        
00002ef9  pxPortInitialiseStack            
20002370  pxReadyTasksLists                
00003d47  raise                            
2000358c  recieved                         
20002420  sample                           
00003b71  signal                           
00003179  speakerTask                      
000037d1  sprintf                          
00002191  startScreen                      
00003e93  strchr                           
00003ee5  strlen                           
00003bed  systemInit                       
00003569  ulPortSetInterruptMask           
2000355c  uxCurrentNumberOfTasks           
00002bb1  uxListRemove                     
2000356c  uxPendedTicks                    
000014d5  uxTaskGetNumberOfTasks           
20003578  uxTaskNumber                     
00001a47  uxTaskResetEventItemValue        
20003564  uxTopReadyPriority               
00002acf  vListInitialise                  
00002aff  vListInitialiseItem              
00002b4b  vListInsert                      
00002b0f  vListInsertEnd                   
00003577  vPortClearInterruptMask          
00002f69  vPortEndScheduler                
00002f75  vPortEnterCritical               
00002f85  vPortExitCritical                
00002631  vPortFree                        
00002699  vPortInitialiseBlocks            
0000357d  vPortSVCHandler                  
00002fbf  vPortSetupTimerInterrupt         
0000359b  vPortStartFirstTask              
00002f6b  vPortYieldFromISR                
00001323  vTaskDelay                       
00001297  vTaskDelayUntil                  
000013a9  vTaskEndScheduler                
0000189f  vTaskMissedYield                 
00001685  vTaskPlaceOnEventList            
000016c5  vTaskPlaceOnUnorderedEventList   
0000180f  vTaskSetTimeOutState             
00001363  vTaskStartScheduler              
000013bb  vTaskSuspendAll                  
00001601  vTaskSwitchContext               
200023c0  xDelayedTaskList1                
200023d4  xDelayedTaskList2                
2000357c  xNextTaskUnblockTime             
20003574  xNumOfOverflows                  
200023e8  xPendingReadyList                
00002693  xPortGetFreeHeapSize             
0000352d  xPortPendSVHandler               
00002f41  xPortStartScheduler              
20003594  xPortSysTickCount                
00002f9d  xPortSysTickHandler              
20003568  xSchedulerRunning                
00001835  xTaskCheckForTimeOut             
0000118d  xTaskGenericCreate               
000014a1  xTaskGetTickCount                
000014bd  xTaskGetTickCountFromISR         
000014e1  xTaskIncrementTick               
0000170b  xTaskRemoveFromEventList         
00001799  xTaskRemoveFromUnorderedEventList
000013c5  xTaskResumeAll                   
20003560  xTickCount                       
20003570  xYieldPending                    


GLOBAL SYMBOLS: SORTED BY Symbol Address 

address   name                             
-------   ----                             
00000000  __TI_static_base__               
00000000  g_pfnVectors                     
00000e85  __TI_printfi                     
00001000  __STACK_SIZE                     
0000118d  xTaskGenericCreate               
00001297  vTaskDelayUntil                  
00001323  vTaskDelay                       
00001363  vTaskStartScheduler              
000013a9  vTaskEndScheduler                
000013bb  vTaskSuspendAll                  
000013c5  xTaskResumeAll                   
000014a1  xTaskGetTickCount                
000014bd  xTaskGetTickCountFromISR         
000014d5  uxTaskGetNumberOfTasks           
000014e1  xTaskIncrementTick               
00001601  vTaskSwitchContext               
00001685  vTaskPlaceOnEventList            
000016c5  vTaskPlaceOnUnorderedEventList   
0000170b  xTaskRemoveFromEventList         
00001799  xTaskRemoveFromUnorderedEventList
0000180f  vTaskSetTimeOutState             
00001835  xTaskCheckForTimeOut             
0000189f  vTaskMissedYield                 
00001a47  uxTaskResetEventItemValue        
00001b95  RIT128x96x4Clear                 
00001bf1  RIT128x96x4StringDraw            
00001d31  RIT128x96x4ImageDraw             
00001db9  RIT128x96x4Enable                
00001e13  RIT128x96x4Disable               
00001e8d  RIT128x96x4Init                  
00001f31  RIT128x96x4DisplayOn             
00001f65  RIT128x96x4DisplayOff            
00001f9d  __aeabi_uldivmod                 
00002191  startScreen                      
00002299  OLEDTask                         
00002351  __aeabi_dsub                     
0000235b  __aeabi_dadd                     
00002509  pvPortMalloc                     
00002631  vPortFree                        
00002693  xPortGetFreeHeapSize             
00002699  vPortInitialiseBlocks            
000026bd  SysCtlClockGet                   
00002855  SysCtlClockSet                   
00002999  __aeabi_ddiv                     
00002acf  vListInitialise                  
00002aff  vListInitialiseItem              
00002b0f  vListInsertEnd                   
00002b4b  vListInsert                      
00002bb1  uxListRemove                     
00002bf9  _Dscale                          
00002d09  __aeabi_dmul                     
00002e05  SamplingTask                     
00002ef9  pxPortInitialiseStack            
00002f41  xPortStartScheduler              
00002f69  vPortEndScheduler                
00002f6b  vPortYieldFromISR                
00002f75  vPortEnterCritical               
00002f85  vPortExitCritical                
00002f9d  xPortSysTickHandler              
00002fbf  vPortSetupTimerInterrupt         
00002fe9  GPIOPadConfigSet                 
000030b1  main                             
00003179  speakerTask                      
0000323d  _Dnorm                           
000032fb  __aeabi_memcpy                   
000032fb  __aeabi_memcpy4                  
000032fb  __aeabi_memcpy8                  
000032fb  memcpy                           
00003399  SysCtlPeripheralReset            
00003421  __aeabi_cdcmpeq                  
00003421  __aeabi_cdcmple                  
000034a7  __aeabi_cdrcmple                 
0000352d  xPortPendSVHandler               
00003569  ulPortSetInterruptMask           
00003577  vPortClearInterruptMask          
0000357d  vPortSVCHandler                  
0000359b  vPortStartFirstTask              
000035ad  __aeabi_memclr                   
000035ad  __aeabi_memclr4                  
000035ad  __aeabi_memclr8                  
000035af  __aeabi_memset                   
000035af  __aeabi_memset4                  
000035af  __aeabi_memset8                  
000035b5  memset                           
00003627  ADCSequenceStepConfigure         
00003695  __TI_auto_init                   
0000376b  _Dunscale                        
000037d1  sprintf                          
00003831  SysCtlPeripheralDisable          
00003889  SysCtlPeripheralEnable           
000038e1  ltoa                             
00003939  atoi                             
00003985  copy_in                          
000039d1  __aeabi_d2iz                     
00003a19  ldexp                            
00003a5f  SSIConfigSetExpClk               
00003aa5  LEDTask                          
00003ae9  C$$EXIT                          
00003aed  abort                            
00003af5  exit                             
00003b2d  __aeabi_d2uiz                    
00003b71  signal                           
00003bb1  _c_int00                         
00003bed  systemInit                       
00003c25  IntRegister                      
00003c59  feraiseexcept                    
00003c8d  _Feraise                         
00003cbd  ADCIntStatus                     
00003ceb  GPIODirModeSet                   
00003d19  __aeabi_i2d                      
00003d47  raise                            
00003d75  ADCSequenceConfigure             
00003d9f  _Dclass                          
00003dc9  frexp                            
00003deb  ADCSequenceDataGet               
00003e0b  __aeabi_ui2d                     
00003e2d  SysTickIntRegister               
00003e49  memccpy                          
00003e65  _args_main                       
00003e7d  ADCProcessorTrigger              
00003e93  strchr                           
00003ea9  SysTickEnable                    
00003ebd  SysTickIntEnable                 
00003ed1  _register_unlock                 
00003ed7  _register_lock                   
00003edf  _nop                             
00003ee5  strlen                           
00003ef9  GPIOPinTypeGPIOInput             
00003f0b  GPIOPinTypeGPIOOutput            
00003f1d  GPIOPinTypeSSI                   
00003f2f  SSIDataGetNonBlocking            
00003f41  ADCSequenceEnable                
00003f4f  __TI_decompress_none             
00003f5d  __TI_zero_init                   
00003f69  ResetISR                         
00003f75  ADCIntClear                      
00003f7f  SSIDataPut                       
00003f89  SSIDisable                       
00003f93  SSIEnable                        
00003f9d  SSIBusy                          
00003fa5  GPIOPinRead                      
00003fab  GPIOPinWrite                     
00003fb1  SysCtlDelay                      
00003fb7  __TI_decompress_rle24            
00003fbd  _system_pre_init                 
000041a0  _ctypes_                         
00004408  __TI_Handler_Table_Base          
00004414  __TI_Handler_Table_Limit         
00004428  __TI_CINIT_Base                  
00004440  __TI_CINIT_Limit                 
20000000  g_pfnRAMVectors                  
20002370  pxReadyTasksLists                
200023c0  xDelayedTaskList1                
200023d4  xDelayedTaskList2                
200023e8  xPendingReadyList                
20002418  pxDelayedTaskList                
2000241c  pxOverflowDelayedTaskList        
20002420  sample                           
20002424  __stack                          
20002624  __STACK_TOP                      
20003424  __STACK_END                      
200034d8  _Denorm                          
200034e8  _Eps                             
200034f8  _Hugeval                         
20003508  _Inf                             
20003518  _Nan                             
20003528  _Snan                            
20003538  _Rteps                           
20003548  _Xbig                            
20003550  _Zero                            
20003558  pxCurrentTCB                     
2000355c  uxCurrentNumberOfTasks           
20003560  xTickCount                       
20003564  uxTopReadyPriority               
20003568  xSchedulerRunning                
2000356c  uxPendedTicks                    
20003570  xYieldPending                    
20003574  xNumOfOverflows                  
20003578  uxTaskNumber                     
2000357c  xNextTaskUnblockTime             
20003584  average                          
20003588  output                           
2000358c  recieved                         
20003594  xPortSysTickCount                
200035a0  _lock                            
200035a4  _unlock                          
200035a8  __TI_cleanup_ptr                 
200035ac  __TI_dtors_ptr                   
200035b0  _Fenv                            
200035b4  _Tls_setup__Fenv                 
200035b8  _Errno                           
200035bc  main_func_sp                     
ffffffff  __binit__                        
ffffffff  __c_args__                       
ffffffff  binit                            
UNDEFED   SHT$$INIT_ARRAY$$Base            
UNDEFED   SHT$$INIT_ARRAY$$Limit           

[197 symbols]
