******************************************************************************
                  TI ARM Linker PC v5.2.2                      
******************************************************************************
>> Linked Thu Apr 28 12:52:54 2016

OUTPUT FILE NAME:   <EECS_388_P8.out>
ENTRY POINT SYMBOL: "_c_int00"  address: 000021f5


MEMORY CONFIGURATION

         name            origin    length      used     unused   attr    fill
----------------------  --------  ---------  --------  --------  ----  --------
  FLASH                 00000000   00040000  000027f6  0003d80a  R  X
  SRAM                  20000000   00010000  000039bc  0000c644  RW X


SEGMENT ALLOCATION MAP

run origin  load origin   length   init length attrs members
----------  ----------- ---------- ----------- ----- -------
00000000    00000000    000027f8   000027f8    r-x
  00000000    00000000    000000f0   000000f0    r-- .intvecs
  000000f0    000000f0    000023c4   000023c4    r-x .text
  000024b4    000024b4    000002ea   000002ea    r-- .const
  000027a0    000027a0    00000058   00000058    r-- .cinit
20000000    20000000    000039c0   00000000    rw-
  20000000    20000000    0000026c   00000000    rw- .vtable
  20000270    20000270    000026f4   00000000    rw- .bss
  20002964    20002964    00001000   00000000    rw- .stack
  20003964    20003964    0000005c   00000000    rw- .data


SECTION ALLOCATION MAP

 output                                  attributes/
section   page    origin      length       input sections
--------  ----  ----------  ----------   ----------------
.intvecs   0    00000000    000000f0     
                  00000000    000000f0     lm3s1968_startup_ccs.obj (.intvecs)

.text      0    000000f0    000023c4     
                  000000f0    00000900     tasks.obj (.text)
                  000009f0    00000510     rit128x96x4.obj (.text)
                  00000f00    000002cc     oled.obj (.text)
                  000011cc    000001b4     heap_2.obj (.text)
                  00001380    00000198     driverlib-cm3.lib : sysctl.obj (.text:SysCtlClockGet)
                  00001518    00000174     potentiometer.obj (.text)
                  0000168c    00000144     driverlib-cm3.lib : sysctl.obj (.text:SysCtlClockSet)
                  000017d0    00000136     rtsv7M3_T_le_eabi.lib : fd_div_t2.obj (.text)
                  00001906    0000012a     list.obj (.text)
                  00001a30    000000f0     port.obj (.text)
                  00001b20    000000c8     driverlib-cm3.lib : gpio.obj (.text:GPIOPadConfigSet)
                  00001be8    0000009c     main.obj (.text)
                  00001c84    0000009c     rtsv7M3_T_le_eabi.lib : memcpy_t2.obj (.text)
                  00001d20    00000088     driverlib-cm3.lib : sysctl.obj (.text:SysCtlPeripheralReset)
                  00001da8    00000080     portasm.obj (.text)
                  00001e28    0000007a     rtsv7M3_T_le_eabi.lib : memset_t2.obj (.text)
                  00001ea2    0000006c     driverlib-cm3.lib : adc.obj (.text:ADCSequenceStepConfigure)
                  00001f0e    00000002     --HOLE-- [fill = 0]
                  00001f10    0000006c     rtsv7M3_T_le_eabi.lib : autoinit.obj (.text)
                  00001f7c    0000006a                           : copy_decompress_rle.obj (.text)
                  00001fe6    00000002     --HOLE-- [fill = 0]
                  00001fe8    00000058     driverlib-cm3.lib : sysctl.obj (.text:SysCtlPeripheralDisable)
                  00002040    00000058                       : sysctl.obj (.text:SysCtlPeripheralEnable)
                  00002098    0000004c     rtsv7M3_T_le_eabi.lib : cpy_tbl.obj (.text)
                  000020e4    00000044     driverlib-cm3.lib : ssi.obj (.text:SSIConfigSetExpClk)
                  00002128    00000044     led.obj (.text)
                  0000216c    00000044     rtsv7M3_T_le_eabi.lib : exit.obj (.text)
                  000021b0    00000044                           : fd_tou_t2.obj (.text)
                  000021f4    0000003c                           : boot.obj (.text)
                  00002230    00000038     system.obj (.text)
                  00002268    00000034     driverlib-cm3.lib : interrupt.obj (.text:IntRegister)
                  0000229c    0000002e                       : adc.obj (.text:ADCIntStatus)
                  000022ca    0000002e                       : gpio.obj (.text:GPIODirModeSet)
                  000022f8    0000002a                       : adc.obj (.text:ADCSequenceConfigure)
                  00002322    00000020                       : adc.obj (.text:ADCSequenceDataGet)
                  00002342    00000020     rtsv7M3_T_le_eabi.lib : u_tofd_t2.obj (.text)
                  00002362    00000002     --HOLE-- [fill = 0]
                  00002364    0000001c     driverlib-cm3.lib : systick.obj (.text:SysTickIntRegister)
                  00002380    00000018     rtsv7M3_T_le_eabi.lib : args_main.obj (.text)
                  00002398    00000016     driverlib-cm3.lib : adc.obj (.text:ADCProcessorTrigger)
                  000023ae    00000002     --HOLE-- [fill = 0]
                  000023b0    00000014                       : systick.obj (.text:SysTickEnable)
                  000023c4    00000014                       : systick.obj (.text:SysTickIntEnable)
                  000023d8    00000014     rtsv7M3_T_le_eabi.lib : _lock.obj (.text)
                  000023ec    00000012     driverlib-cm3.lib : gpio.obj (.text:GPIOPinTypeGPIOInput)
                  000023fe    00000012                       : gpio.obj (.text:GPIOPinTypeGPIOOutput)
                  00002410    00000012                       : gpio.obj (.text:GPIOPinTypeSSI)
                  00002422    00000012                       : ssi.obj (.text:SSIDataGetNonBlocking)
                  00002434    0000000e                       : adc.obj (.text:ADCSequenceEnable)
                  00002442    0000000e     rtsv7M3_T_le_eabi.lib : copy_decompress_none.obj (.text:decompress:none)
                  00002450    0000000c                           : copy_zero_init.obj (.text:decompress:ZI)
                  0000245c    0000000c     lm3s1968_startup_ccs.obj (.text)
                  00002468    0000000a     driverlib-cm3.lib : adc.obj (.text:ADCIntClear)
                  00002472    0000000a                       : ssi.obj (.text:SSIDataPut)
                  0000247c    0000000a                       : ssi.obj (.text:SSIDisable)
                  00002486    0000000a                       : ssi.obj (.text:SSIEnable)
                  00002490    00000008                       : ssi.obj (.text:SSIBusy)
                  00002498    00000006                       : gpio.obj (.text:GPIOPinRead)
                  0000249e    00000006                       : gpio.obj (.text:GPIOPinWrite)
                  000024a4    00000006                       : sysctl.obj (.text:SysCtlDelay)
                  000024aa    00000006     rtsv7M3_T_le_eabi.lib : copy_decompress_rle.obj (.text:decompress:rle24)
                  000024b0    00000004                           : pre_init.obj (.text)

.const     0    000024b4    000002ea     
                  000024b4    000001e0     rit128x96x4.obj (.const:g_pucFont)
                  00002694    0000006c     driverlib-cm3.lib : sysctl.obj (.const:g_pulXtals)
                  00002700    0000004f     rit128x96x4.obj (.const:.string:g_pucRIT128x96x4Init)
                  0000274f    00000001     --HOLE-- [fill = 0]
                  00002750    00000040     driverlib-cm3.lib : sysctl.obj (.const)
                  00002790    0000000c     rit128x96x4.obj (.const:.string)
                  0000279c    00000002     heap_2.obj (.const)

.cinit     0    000027a0    00000058     
                  000027a0    00000022     (.cinit..data.load) [load image, compression = rle]
                  000027c2    00000002     --HOLE-- [fill = 0]
                  000027c4    0000000c     (__TI_handler_table)
                  000027d0    00000008     (.cinit..bss.load) [load image, compression = zero_init]
                  000027d8    00000008     (.cinit..vtable.load) [load image, compression = zero_init]
                  000027e0    00000018     (__TI_cinit_table)

.init_array 
*          0    00000000    00000000     UNINITIALIZED

.vtable    0    20000000    0000026c     UNINITIALIZED
                  20000000    0000026c     driverlib-cm3.lib : interrupt.obj (.vtable)

.bss       0    20000270    000026f4     UNINITIALIZED
                  20000270    00002000     heap_2.obj (.bss:xHeap)
                  20002270    00000200     oled.obj (.bss:bar)
                  20002470    00000200     oled.obj (.bss:blank)
                  20002670    00000100     lm3s1968_startup_ccs.obj (.bss:pulStack)
                  20002770    00000060     oled.obj (.bss:lframe)
                  200027d0    00000060     oled.obj (.bss:rframe)
                  20002830    00000050     tasks.obj (.bss:pxReadyTasksLists)
                  20002880    00000040     oled.obj (.bss:hframe)
                  200028c0    0000003c     potentiometer.obj (.bss:Queue)
                  200028fc    00000014     (.common:xDelayedTaskList1)
                  20002910    00000014     (.common:xDelayedTaskList2)
                  20002924    00000014     (.common:xPendingReadyList)
                  20002938    00000008     (.common:g_pucBuffer)
                  20002940    00000008     (.common:xEnd)
                  20002948    00000008     (.common:xStart)
                  20002950    00000004     (.common:g_ulSSIFlags)
                  20002954    00000004     (.common:i)
                  20002958    00000004     (.common:pxDelayedTaskList)
                  2000295c    00000004     (.common:pxOverflowDelayedTaskList)
                  20002960    00000004     (.common:sample)

.TI.noinit 
*          0    20000270    00000000     UNINITIALIZED

.stack     0    20002964    00001000     UNINITIALIZED
                  20002964    00001000     --HOLE--

.data      0    20003964    0000005c     UNINITIALIZED
                  20003964    0000002c     tasks.obj (.data)
                  20003990    0000000c     potentiometer.obj (.data)
                  2000399c    00000008     port.obj (.data)
                  200039a4    00000008     heap_2.obj (.data)
                  200039ac    00000008     rtsv7M3_T_le_eabi.lib : _lock.obj (.data)
                  200039b4    00000008                           : exit.obj (.data)
                  200039bc    00000004                           : stkdepth_vars.obj (.data)

.TI.persistent 
*          0    20003964    00000000     UNINITIALIZED


LINKER GENERATED COPY TABLES

__TI_cinit_table @ 000027e0 records: 3, size/record: 8, table size: 24
	.data: load addr=000027a0, load size=00000022 bytes, run addr=20003964, run size=0000005c bytes, compression=rle
	.bss: load addr=000027d0, load size=00000008 bytes, run addr=20000270, run size=000026f4 bytes, compression=zero_init
	.vtable: load addr=000027d8, load size=00000008 bytes, run addr=20000000, run size=0000026c bytes, compression=zero_init


LINKER GENERATED HANDLER TABLE

__TI_handler_table @ 000027c4 records: 3, size/record: 4, table size: 12
	index: 0, handler: __TI_zero_init
	index: 1, handler: __TI_decompress_rle24
	index: 2, handler: __TI_decompress_none


GLOBAL SYMBOLS: SORTED ALPHABETICALLY BY Name 

address   name                             
-------   ----                             
00002469  ADCIntClear                      
0000229d  ADCIntStatus                     
00002399  ADCProcessorTrigger              
000022f9  ADCSequenceConfigure             
00002323  ADCSequenceDataGet               
00002435  ADCSequenceEnable                
00001ea3  ADCSequenceStepConfigure         
0000216d  C$$EXIT                          
000022cb  GPIODirModeSet                   
00001b21  GPIOPadConfigSet                 
00002499  GPIOPinRead                      
000023ed  GPIOPinTypeGPIOInput             
000023ff  GPIOPinTypeGPIOOutput            
00002411  GPIOPinTypeSSI                   
0000249f  GPIOPinWrite                     
00002269  IntRegister                      
00002129  LEDTask                          
000010ed  OLEDTask                         
200028c0  Queue                            
00000af9  RIT128x96x4Clear                 
00000d77  RIT128x96x4Disable               
00000ec9  RIT128x96x4DisplayOff            
00000e95  RIT128x96x4DisplayOn             
00000d1d  RIT128x96x4Enable                
00000c95  RIT128x96x4ImageDraw             
00000df1  RIT128x96x4Init                  
00000b55  RIT128x96x4StringDraw            
0000245d  ResetISR                         
UNDEFED   SHT$$INIT_ARRAY$$Base            
UNDEFED   SHT$$INIT_ARRAY$$Limit           
00002491  SSIBusy                          
000020e5  SSIConfigSetExpClk               
00002423  SSIDataGetNonBlocking            
00002473  SSIDataPut                       
0000247d  SSIDisable                       
00002487  SSIEnable                        
00001519  SamplingTask                     
00001381  SysCtlClockGet                   
0000168d  SysCtlClockSet                   
000024a5  SysCtlDelay                      
00001fe9  SysCtlPeripheralDisable          
00002041  SysCtlPeripheralEnable           
00001d21  SysCtlPeripheralReset            
000023b1  SysTickEnable                    
000023c5  SysTickIntEnable                 
00002365  SysTickIntRegister               
20003964  __STACK_END                      
00001000  __STACK_SIZE                     
20002b64  __STACK_TOP                      
000027e0  __TI_CINIT_Base                  
000027f8  __TI_CINIT_Limit                 
000027c4  __TI_Handler_Table_Base          
000027d0  __TI_Handler_Table_Limit         
00001f11  __TI_auto_init                   
200039b4  __TI_cleanup_ptr                 
00002443  __TI_decompress_none             
000024ab  __TI_decompress_rle24            
200039b8  __TI_dtors_ptr                   
00000000  __TI_static_base__               
00002451  __TI_zero_init                   
000021b1  __aeabi_d2uiz                    
000017d1  __aeabi_ddiv                     
00001e29  __aeabi_memclr                   
00001e29  __aeabi_memclr4                  
00001e29  __aeabi_memclr8                  
00001c85  __aeabi_memcpy                   
00001c85  __aeabi_memcpy4                  
00001c85  __aeabi_memcpy8                  
00001e2b  __aeabi_memset                   
00001e2b  __aeabi_memset4                  
00001e2b  __aeabi_memset8                  
00002343  __aeabi_ui2d                     
ffffffff  __binit__                        
ffffffff  __c_args__                       
20002964  __stack                          
00002381  _args_main                       
000021f5  _c_int00                         
200039ac  _lock                            
000023e7  _nop                             
000023df  _register_lock                   
000023d9  _register_unlock                 
000024b1  _system_pre_init                 
200039b0  _unlock                          
00002171  abort                            
20003990  average                          
20002270  bar                              
ffffffff  binit                            
20002470  blank                            
00002099  copy_in                          
20003998  currentPosition                  
00002179  exit                             
20000000  g_pfnRAMVectors                  
00000000  g_pfnVectors                     
20002880  hframe                           
20002954  i                                
20002770  lframe                           
00001be9  main                             
200039bc  main_func_sp                     
00001c85  memcpy                           
00001e31  memset                           
000011cd  pvPortMalloc                     
20003964  pxCurrentTCB                     
20002958  pxDelayedTaskList                
2000295c  pxOverflowDelayedTaskList        
00001a31  pxPortInitialiseStack            
20002830  pxReadyTasksLists                
20003994  recieved                         
00000f01  refreshScreen                    
00000f8b  refreshScreen2                   
200027d0  rframe                           
20002960  sample                           
00000fdf  startScreen                      
00002231  systemInit                       
00001de5  ulPortSetInterruptMask           
20003968  uxCurrentNumberOfTasks           
000019e9  uxListRemove                     
20003978  uxPendedTicks                    
00000439  uxTaskGetNumberOfTasks           
20003984  uxTaskNumber                     
000009ab  uxTaskResetEventItemValue        
20003970  uxTopReadyPriority               
00001907  vListInitialise                  
00001937  vListInitialiseItem              
00001983  vListInsert                      
00001947  vListInsertEnd                   
00001df3  vPortClearInterruptMask          
00001aa1  vPortEndScheduler                
00001aad  vPortEnterCritical               
00001abd  vPortExitCritical                
000012f5  vPortFree                        
0000135d  vPortInitialiseBlocks            
00001df9  vPortSVCHandler                  
00001af7  vPortSetupTimerInterrupt         
00001e17  vPortStartFirstTask              
00001aa3  vPortYieldFromISR                
00000287  vTaskDelay                       
000001fb  vTaskDelayUntil                  
0000030d  vTaskEndScheduler                
00000803  vTaskMissedYield                 
000005e9  vTaskPlaceOnEventList            
00000629  vTaskPlaceOnUnorderedEventList   
00000773  vTaskSetTimeOutState             
000002c7  vTaskStartScheduler              
0000031f  vTaskSuspendAll                  
00000565  vTaskSwitchContext               
200028fc  xDelayedTaskList1                
20002910  xDelayedTaskList2                
20003988  xNextTaskUnblockTime             
20003980  xNumOfOverflows                  
20002924  xPendingReadyList                
00001357  xPortGetFreeHeapSize             
00001da9  xPortPendSVHandler               
00001a79  xPortStartScheduler              
200039a0  xPortSysTickCount                
00001ad5  xPortSysTickHandler              
20003974  xSchedulerRunning                
00000799  xTaskCheckForTimeOut             
000000f1  xTaskGenericCreate               
00000405  xTaskGetTickCount                
00000421  xTaskGetTickCountFromISR         
00000445  xTaskIncrementTick               
0000066f  xTaskRemoveFromEventList         
000006fd  xTaskRemoveFromUnorderedEventList
00000329  xTaskResumeAll                   
2000396c  xTickCount                       
2000397c  xYieldPending                    


GLOBAL SYMBOLS: SORTED BY Symbol Address 

address   name                             
-------   ----                             
00000000  __TI_static_base__               
00000000  g_pfnVectors                     
000000f1  xTaskGenericCreate               
000001fb  vTaskDelayUntil                  
00000287  vTaskDelay                       
000002c7  vTaskStartScheduler              
0000030d  vTaskEndScheduler                
0000031f  vTaskSuspendAll                  
00000329  xTaskResumeAll                   
00000405  xTaskGetTickCount                
00000421  xTaskGetTickCountFromISR         
00000439  uxTaskGetNumberOfTasks           
00000445  xTaskIncrementTick               
00000565  vTaskSwitchContext               
000005e9  vTaskPlaceOnEventList            
00000629  vTaskPlaceOnUnorderedEventList   
0000066f  xTaskRemoveFromEventList         
000006fd  xTaskRemoveFromUnorderedEventList
00000773  vTaskSetTimeOutState             
00000799  xTaskCheckForTimeOut             
00000803  vTaskMissedYield                 
000009ab  uxTaskResetEventItemValue        
00000af9  RIT128x96x4Clear                 
00000b55  RIT128x96x4StringDraw            
00000c95  RIT128x96x4ImageDraw             
00000d1d  RIT128x96x4Enable                
00000d77  RIT128x96x4Disable               
00000df1  RIT128x96x4Init                  
00000e95  RIT128x96x4DisplayOn             
00000ec9  RIT128x96x4DisplayOff            
00000f01  refreshScreen                    
00000f8b  refreshScreen2                   
00000fdf  startScreen                      
00001000  __STACK_SIZE                     
000010ed  OLEDTask                         
000011cd  pvPortMalloc                     
000012f5  vPortFree                        
00001357  xPortGetFreeHeapSize             
0000135d  vPortInitialiseBlocks            
00001381  SysCtlClockGet                   
00001519  SamplingTask                     
0000168d  SysCtlClockSet                   
000017d1  __aeabi_ddiv                     
00001907  vListInitialise                  
00001937  vListInitialiseItem              
00001947  vListInsertEnd                   
00001983  vListInsert                      
000019e9  uxListRemove                     
00001a31  pxPortInitialiseStack            
00001a79  xPortStartScheduler              
00001aa1  vPortEndScheduler                
00001aa3  vPortYieldFromISR                
00001aad  vPortEnterCritical               
00001abd  vPortExitCritical                
00001ad5  xPortSysTickHandler              
00001af7  vPortSetupTimerInterrupt         
00001b21  GPIOPadConfigSet                 
00001be9  main                             
00001c85  __aeabi_memcpy                   
00001c85  __aeabi_memcpy4                  
00001c85  __aeabi_memcpy8                  
00001c85  memcpy                           
00001d21  SysCtlPeripheralReset            
00001da9  xPortPendSVHandler               
00001de5  ulPortSetInterruptMask           
00001df3  vPortClearInterruptMask          
00001df9  vPortSVCHandler                  
00001e17  vPortStartFirstTask              
00001e29  __aeabi_memclr                   
00001e29  __aeabi_memclr4                  
00001e29  __aeabi_memclr8                  
00001e2b  __aeabi_memset                   
00001e2b  __aeabi_memset4                  
00001e2b  __aeabi_memset8                  
00001e31  memset                           
00001ea3  ADCSequenceStepConfigure         
00001f11  __TI_auto_init                   
00001fe9  SysCtlPeripheralDisable          
00002041  SysCtlPeripheralEnable           
00002099  copy_in                          
000020e5  SSIConfigSetExpClk               
00002129  LEDTask                          
0000216d  C$$EXIT                          
00002171  abort                            
00002179  exit                             
000021b1  __aeabi_d2uiz                    
000021f5  _c_int00                         
00002231  systemInit                       
00002269  IntRegister                      
0000229d  ADCIntStatus                     
000022cb  GPIODirModeSet                   
000022f9  ADCSequenceConfigure             
00002323  ADCSequenceDataGet               
00002343  __aeabi_ui2d                     
00002365  SysTickIntRegister               
00002381  _args_main                       
00002399  ADCProcessorTrigger              
000023b1  SysTickEnable                    
000023c5  SysTickIntEnable                 
000023d9  _register_unlock                 
000023df  _register_lock                   
000023e7  _nop                             
000023ed  GPIOPinTypeGPIOInput             
000023ff  GPIOPinTypeGPIOOutput            
00002411  GPIOPinTypeSSI                   
00002423  SSIDataGetNonBlocking            
00002435  ADCSequenceEnable                
00002443  __TI_decompress_none             
00002451  __TI_zero_init                   
0000245d  ResetISR                         
00002469  ADCIntClear                      
00002473  SSIDataPut                       
0000247d  SSIDisable                       
00002487  SSIEnable                        
00002491  SSIBusy                          
00002499  GPIOPinRead                      
0000249f  GPIOPinWrite                     
000024a5  SysCtlDelay                      
000024ab  __TI_decompress_rle24            
000024b1  _system_pre_init                 
000027c4  __TI_Handler_Table_Base          
000027d0  __TI_Handler_Table_Limit         
000027e0  __TI_CINIT_Base                  
000027f8  __TI_CINIT_Limit                 
20000000  g_pfnRAMVectors                  
20002270  bar                              
20002470  blank                            
20002770  lframe                           
200027d0  rframe                           
20002830  pxReadyTasksLists                
20002880  hframe                           
200028c0  Queue                            
200028fc  xDelayedTaskList1                
20002910  xDelayedTaskList2                
20002924  xPendingReadyList                
20002954  i                                
20002958  pxDelayedTaskList                
2000295c  pxOverflowDelayedTaskList        
20002960  sample                           
20002964  __stack                          
20002b64  __STACK_TOP                      
20003964  __STACK_END                      
20003964  pxCurrentTCB                     
20003968  uxCurrentNumberOfTasks           
2000396c  xTickCount                       
20003970  uxTopReadyPriority               
20003974  xSchedulerRunning                
20003978  uxPendedTicks                    
2000397c  xYieldPending                    
20003980  xNumOfOverflows                  
20003984  uxTaskNumber                     
20003988  xNextTaskUnblockTime             
20003990  average                          
20003994  recieved                         
20003998  currentPosition                  
200039a0  xPortSysTickCount                
200039ac  _lock                            
200039b0  _unlock                          
200039b4  __TI_cleanup_ptr                 
200039b8  __TI_dtors_ptr                   
200039bc  main_func_sp                     
ffffffff  __binit__                        
ffffffff  __c_args__                       
ffffffff  binit                            
UNDEFED   SHT$$INIT_ARRAY$$Base            
UNDEFED   SHT$$INIT_ARRAY$$Limit           

[166 symbols]
