<?xml version="1.0"?>
<link_info>
   <banner>TI ARM Linker PC v5.2.2</banner>
   <copyright>Copyright (c) 1996-2015 Texas Instruments Incorporated</copyright>
   <link_time>0x5703e5c1</link_time>
   <link_errors>0x0</link_errors>
   <output_file>EECS_388_P4.out</output_file>
   <entry_point>
      <name>_c_int00</name>
      <address>0x40f9</address>
   </entry_point>
   <input_file_list>
      <input_file id="fl-2">
         <path>.\</path>
         <kind>object</kind>
         <file>main.obj</file>
         <name>main.obj</name>
      </input_file>
      <input_file id="fl-3">
         <path>.\targetConfigs\</path>
         <kind>object</kind>
         <file>lm3s1968_startup_ccs.obj</file>
         <name>lm3s1968_startup_ccs.obj</name>
      </input_file>
      <input_file id="fl-4">
         <path>.\src\</path>
         <kind>object</kind>
         <file>led.obj</file>
         <name>led.obj</name>
      </input_file>
      <input_file id="fl-5">
         <path>.\src\</path>
         <kind>object</kind>
         <file>oled.obj</file>
         <name>oled.obj</name>
      </input_file>
      <input_file id="fl-6">
         <path>.\src\</path>
         <kind>object</kind>
         <file>potentiometer.obj</file>
         <name>potentiometer.obj</name>
      </input_file>
      <input_file id="fl-7">
         <path>.\src\</path>
         <kind>object</kind>
         <file>system.obj</file>
         <name>system.obj</name>
      </input_file>
      <input_file id="fl-8">
         <path>.\src\OLED_Driver\</path>
         <kind>object</kind>
         <file>rit128x96x4.obj</file>
         <name>rit128x96x4.obj</name>
      </input_file>
      <input_file id="fl-9">
         <path>.\src\FreeRTOS\</path>
         <kind>object</kind>
         <file>croutine.obj</file>
         <name>croutine.obj</name>
      </input_file>
      <input_file id="fl-a">
         <path>.\src\FreeRTOS\</path>
         <kind>object</kind>
         <file>event_groups.obj</file>
         <name>event_groups.obj</name>
      </input_file>
      <input_file id="fl-b">
         <path>.\src\FreeRTOS\</path>
         <kind>object</kind>
         <file>list.obj</file>
         <name>list.obj</name>
      </input_file>
      <input_file id="fl-c">
         <path>.\src\FreeRTOS\</path>
         <kind>object</kind>
         <file>queue.obj</file>
         <name>queue.obj</name>
      </input_file>
      <input_file id="fl-d">
         <path>.\src\FreeRTOS\</path>
         <kind>object</kind>
         <file>tasks.obj</file>
         <name>tasks.obj</name>
      </input_file>
      <input_file id="fl-e">
         <path>.\src\FreeRTOS\</path>
         <kind>object</kind>
         <file>timers.obj</file>
         <name>timers.obj</name>
      </input_file>
      <input_file id="fl-f">
         <path>.\src\FreeRTOS\portable\CCS6\ARM_CM4F\</path>
         <kind>object</kind>
         <file>port.obj</file>
         <name>port.obj</name>
      </input_file>
      <input_file id="fl-10">
         <path>.\src\FreeRTOS\portable\CCS6\ARM_CM4F\</path>
         <kind>object</kind>
         <file>portasm.obj</file>
         <name>portasm.obj</name>
      </input_file>
      <input_file id="fl-11">
         <path>.\src\FreeRTOS\portable\CCS6\ARM_CM3\</path>
         <kind>object</kind>
         <file>port.obj</file>
         <name>port.obj</name>
      </input_file>
      <input_file id="fl-12">
         <path>.\src\FreeRTOS\portable\CCS6\ARM_CM3\</path>
         <kind>object</kind>
         <file>portasm.obj</file>
         <name>portasm.obj</name>
      </input_file>
      <input_file id="fl-13">
         <path>.\src\FreeRTOS\portable\CCS5\ARM_CM3\</path>
         <kind>object</kind>
         <file>port.obj</file>
         <name>port.obj</name>
      </input_file>
      <input_file id="fl-14">
         <path>.\src\FreeRTOS\portable\CCS5\ARM_CM3\</path>
         <kind>object</kind>
         <file>portasm.obj</file>
         <name>portasm.obj</name>
      </input_file>
      <input_file id="fl-15">
         <path>.\src\FreeRTOS\include\</path>
         <kind>object</kind>
         <file>heap_2.obj</file>
         <name>heap_2.obj</name>
      </input_file>
      <input_file id="fl-13c">
         <path>C:\TI_CodeComposer\ccsv6\tools\compiler\ti-cgt-arm_5.2.2\lib\</path>
         <kind>archive</kind>
         <file>rtsv7M3_T_le_eabi.lib</file>
         <name>boot.obj</name>
      </input_file>
      <input_file id="fl-13d">
         <path>C:\TI_CodeComposer\ccsv6\tools\compiler\ti-cgt-arm_5.2.2\lib\</path>
         <kind>archive</kind>
         <file>rtsv7M3_T_le_eabi.lib</file>
         <name>copy_decompress_none.obj</name>
      </input_file>
      <input_file id="fl-13e">
         <path>C:\TI_CodeComposer\ccsv6\tools\compiler\ti-cgt-arm_5.2.2\lib\</path>
         <kind>archive</kind>
         <file>rtsv7M3_T_le_eabi.lib</file>
         <name>copy_decompress_rle.obj</name>
      </input_file>
      <input_file id="fl-13f">
         <path>C:\TI_CodeComposer\ccsv6\tools\compiler\ti-cgt-arm_5.2.2\lib\</path>
         <kind>archive</kind>
         <file>rtsv7M3_T_le_eabi.lib</file>
         <name>copy_zero_init.obj</name>
      </input_file>
      <input_file id="fl-140">
         <path>C:\TI_CodeComposer\ccsv6\tools\compiler\ti-cgt-arm_5.2.2\lib\</path>
         <kind>archive</kind>
         <file>rtsv7M3_T_le_eabi.lib</file>
         <name>exit.obj</name>
      </input_file>
      <input_file id="fl-141">
         <path>C:\TI_CodeComposer\ccsv6\tools\compiler\ti-cgt-arm_5.2.2\lib\</path>
         <kind>archive</kind>
         <file>rtsv7M3_T_le_eabi.lib</file>
         <name>memcpy_t2.obj</name>
      </input_file>
      <input_file id="fl-142">
         <path>C:\TI_CodeComposer\ccsv6\tools\compiler\ti-cgt-arm_5.2.2\lib\</path>
         <kind>archive</kind>
         <file>rtsv7M3_T_le_eabi.lib</file>
         <name>memset_t2.obj</name>
      </input_file>
      <input_file id="fl-143">
         <path>C:\TI_CodeComposer\ccsv6\tools\compiler\ti-cgt-arm_5.2.2\lib\</path>
         <kind>archive</kind>
         <file>rtsv7M3_T_le_eabi.lib</file>
         <name>pre_init.obj</name>
      </input_file>
      <input_file id="fl-144">
         <path>C:\TI_CodeComposer\ccsv6\tools\compiler\ti-cgt-arm_5.2.2\lib\</path>
         <kind>archive</kind>
         <file>rtsv7M3_T_le_eabi.lib</file>
         <name>sprintf.obj</name>
      </input_file>
      <input_file id="fl-145">
         <path>C:\TI_CodeComposer\ccsv6\tools\compiler\ti-cgt-arm_5.2.2\lib\</path>
         <kind>archive</kind>
         <file>rtsv7M3_T_le_eabi.lib</file>
         <name>stkdepth_vars.obj</name>
      </input_file>
      <input_file id="fl-146">
         <path>C:\TI_CodeComposer\ccsv6\tools\compiler\ti-cgt-arm_5.2.2\lib\</path>
         <kind>archive</kind>
         <file>rtsv7M3_T_le_eabi.lib</file>
         <name>_lock.obj</name>
      </input_file>
      <input_file id="fl-147">
         <path>C:\TI_CodeComposer\ccsv6\tools\compiler\ti-cgt-arm_5.2.2\lib\</path>
         <kind>archive</kind>
         <file>rtsv7M3_T_le_eabi.lib</file>
         <name>_printfi.obj</name>
      </input_file>
      <input_file id="fl-148">
         <path>C:\TI_CodeComposer\ccsv6\tools\compiler\ti-cgt-arm_5.2.2\lib\</path>
         <kind>archive</kind>
         <file>rtsv7M3_T_le_eabi.lib</file>
         <name>args_main.obj</name>
      </input_file>
      <input_file id="fl-149">
         <path>C:\TI_CodeComposer\ccsv6\tools\compiler\ti-cgt-arm_5.2.2\lib\</path>
         <kind>archive</kind>
         <file>rtsv7M3_T_le_eabi.lib</file>
         <name>atoi.obj</name>
      </input_file>
      <input_file id="fl-14a">
         <path>C:\TI_CodeComposer\ccsv6\tools\compiler\ti-cgt-arm_5.2.2\lib\</path>
         <kind>archive</kind>
         <file>rtsv7M3_T_le_eabi.lib</file>
         <name>autoinit.obj</name>
      </input_file>
      <input_file id="fl-14b">
         <path>C:\TI_CodeComposer\ccsv6\tools\compiler\ti-cgt-arm_5.2.2\lib\</path>
         <kind>archive</kind>
         <file>rtsv7M3_T_le_eabi.lib</file>
         <name>cpy_tbl.obj</name>
      </input_file>
      <input_file id="fl-14c">
         <path>C:\TI_CodeComposer\ccsv6\tools\compiler\ti-cgt-arm_5.2.2\lib\</path>
         <kind>archive</kind>
         <file>rtsv7M3_T_le_eabi.lib</file>
         <name>ctype.obj</name>
      </input_file>
      <input_file id="fl-14d">
         <path>C:\TI_CodeComposer\ccsv6\tools\compiler\ti-cgt-arm_5.2.2\lib\</path>
         <kind>archive</kind>
         <file>rtsv7M3_T_le_eabi.lib</file>
         <name>fd_add_t2.obj</name>
      </input_file>
      <input_file id="fl-14e">
         <path>C:\TI_CodeComposer\ccsv6\tools\compiler\ti-cgt-arm_5.2.2\lib\</path>
         <kind>archive</kind>
         <file>rtsv7M3_T_le_eabi.lib</file>
         <name>fd_cmp_t2.obj</name>
      </input_file>
      <input_file id="fl-14f">
         <path>C:\TI_CodeComposer\ccsv6\tools\compiler\ti-cgt-arm_5.2.2\lib\</path>
         <kind>archive</kind>
         <file>rtsv7M3_T_le_eabi.lib</file>
         <name>fd_div_t2.obj</name>
      </input_file>
      <input_file id="fl-150">
         <path>C:\TI_CodeComposer\ccsv6\tools\compiler\ti-cgt-arm_5.2.2\lib\</path>
         <kind>archive</kind>
         <file>rtsv7M3_T_le_eabi.lib</file>
         <name>fd_mul_t2.obj</name>
      </input_file>
      <input_file id="fl-151">
         <path>C:\TI_CodeComposer\ccsv6\tools\compiler\ti-cgt-arm_5.2.2\lib\</path>
         <kind>archive</kind>
         <file>rtsv7M3_T_le_eabi.lib</file>
         <name>fd_toi_t2.obj</name>
      </input_file>
      <input_file id="fl-152">
         <path>C:\TI_CodeComposer\ccsv6\tools\compiler\ti-cgt-arm_5.2.2\lib\</path>
         <kind>archive</kind>
         <file>rtsv7M3_T_le_eabi.lib</file>
         <name>frexp.obj</name>
      </input_file>
      <input_file id="fl-153">
         <path>C:\TI_CodeComposer\ccsv6\tools\compiler\ti-cgt-arm_5.2.2\lib\</path>
         <kind>archive</kind>
         <file>rtsv7M3_T_le_eabi.lib</file>
         <name>i_tofd_t2.obj</name>
      </input_file>
      <input_file id="fl-154">
         <path>C:\TI_CodeComposer\ccsv6\tools\compiler\ti-cgt-arm_5.2.2\lib\</path>
         <kind>archive</kind>
         <file>rtsv7M3_T_le_eabi.lib</file>
         <name>ldexp.obj</name>
      </input_file>
      <input_file id="fl-155">
         <path>C:\TI_CodeComposer\ccsv6\tools\compiler\ti-cgt-arm_5.2.2\lib\</path>
         <kind>archive</kind>
         <file>rtsv7M3_T_le_eabi.lib</file>
         <name>ltoa.obj</name>
      </input_file>
      <input_file id="fl-156">
         <path>C:\TI_CodeComposer\ccsv6\tools\compiler\ti-cgt-arm_5.2.2\lib\</path>
         <kind>archive</kind>
         <file>rtsv7M3_T_le_eabi.lib</file>
         <name>memccpy.obj</name>
      </input_file>
      <input_file id="fl-157">
         <path>C:\TI_CodeComposer\ccsv6\tools\compiler\ti-cgt-arm_5.2.2\lib\</path>
         <kind>archive</kind>
         <file>rtsv7M3_T_le_eabi.lib</file>
         <name>strchr.obj</name>
      </input_file>
      <input_file id="fl-158">
         <path>C:\TI_CodeComposer\ccsv6\tools\compiler\ti-cgt-arm_5.2.2\lib\</path>
         <kind>archive</kind>
         <file>rtsv7M3_T_le_eabi.lib</file>
         <name>strlen.obj</name>
      </input_file>
      <input_file id="fl-159">
         <path>C:\TI_CodeComposer\ccsv6\tools\compiler\ti-cgt-arm_5.2.2\lib\</path>
         <kind>archive</kind>
         <file>rtsv7M3_T_le_eabi.lib</file>
         <name>ull_div_t2.obj</name>
      </input_file>
      <input_file id="fl-15a">
         <path>C:\TI_CodeComposer\ccsv6\tools\compiler\ti-cgt-arm_5.2.2\lib\</path>
         <kind>archive</kind>
         <file>rtsv7M3_T_le_eabi.lib</file>
         <name>xdclass.obj</name>
      </input_file>
      <input_file id="fl-15b">
         <path>C:\TI_CodeComposer\ccsv6\tools\compiler\ti-cgt-arm_5.2.2\lib\</path>
         <kind>archive</kind>
         <file>rtsv7M3_T_le_eabi.lib</file>
         <name>xdscale.obj</name>
      </input_file>
      <input_file id="fl-15c">
         <path>C:\TI_CodeComposer\ccsv6\tools\compiler\ti-cgt-arm_5.2.2\lib\</path>
         <kind>archive</kind>
         <file>rtsv7M3_T_le_eabi.lib</file>
         <name>xdunscal.obj</name>
      </input_file>
      <input_file id="fl-15d">
         <path>C:\TI_CodeComposer\ccsv6\tools\compiler\ti-cgt-arm_5.2.2\lib\</path>
         <kind>archive</kind>
         <file>rtsv7M3_T_le_eabi.lib</file>
         <name>xferaise.obj</name>
      </input_file>
      <input_file id="fl-15e">
         <path>C:\TI_CodeComposer\ccsv6\tools\compiler\ti-cgt-arm_5.2.2\lib\</path>
         <kind>archive</kind>
         <file>rtsv7M3_T_le_eabi.lib</file>
         <name>xvalues.obj</name>
      </input_file>
      <input_file id="fl-15f">
         <path>C:\TI_CodeComposer\ccsv6\tools\compiler\ti-cgt-arm_5.2.2\lib\</path>
         <kind>archive</kind>
         <file>rtsv7M3_T_le_eabi.lib</file>
         <name>errno.obj</name>
      </input_file>
      <input_file id="fl-160">
         <path>C:\TI_CodeComposer\ccsv6\tools\compiler\ti-cgt-arm_5.2.2\lib\</path>
         <kind>archive</kind>
         <file>rtsv7M3_T_le_eabi.lib</file>
         <name>feraiseexcept.obj</name>
      </input_file>
      <input_file id="fl-161">
         <path>C:\TI_CodeComposer\ccsv6\tools\compiler\ti-cgt-arm_5.2.2\lib\</path>
         <kind>archive</kind>
         <file>rtsv7M3_T_le_eabi.lib</file>
         <name>raise.obj</name>
      </input_file>
      <input_file id="fl-162">
         <path>C:\TI_CodeComposer\ccsv6\tools\compiler\ti-cgt-arm_5.2.2\lib\</path>
         <kind>archive</kind>
         <file>rtsv7M3_T_le_eabi.lib</file>
         <name>signal.obj</name>
      </input_file>
      <input_file id="fl-163">
         <path>C:\TI_CodeComposer\ccsv6\tools\compiler\ti-cgt-arm_5.2.2\lib\</path>
         <kind>archive</kind>
         <file>rtsv7M3_T_le_eabi.lib</file>
         <name>xdnorm.obj</name>
      </input_file>
      <input_file id="fl-164">
         <path>C:\TI_CodeComposer\StellarisWare-LM3S1968\driverlib\ccs-cm3\Debug\</path>
         <kind>archive</kind>
         <file>driverlib-cm3.lib</file>
         <name>systick.obj</name>
      </input_file>
      <input_file id="fl-165">
         <path>C:\TI_CodeComposer\StellarisWare-LM3S1968\driverlib\ccs-cm3\Debug\</path>
         <kind>archive</kind>
         <file>driverlib-cm3.lib</file>
         <name>sysctl.obj</name>
      </input_file>
      <input_file id="fl-166">
         <path>C:\TI_CodeComposer\StellarisWare-LM3S1968\driverlib\ccs-cm3\Debug\</path>
         <kind>archive</kind>
         <file>driverlib-cm3.lib</file>
         <name>ssi.obj</name>
      </input_file>
      <input_file id="fl-167">
         <path>C:\TI_CodeComposer\StellarisWare-LM3S1968\driverlib\ccs-cm3\Debug\</path>
         <kind>archive</kind>
         <file>driverlib-cm3.lib</file>
         <name>interrupt.obj</name>
      </input_file>
      <input_file id="fl-168">
         <path>C:\TI_CodeComposer\StellarisWare-LM3S1968\driverlib\ccs-cm3\Debug\</path>
         <kind>archive</kind>
         <file>driverlib-cm3.lib</file>
         <name>gpio.obj</name>
      </input_file>
      <input_file id="fl-169">
         <path>C:\TI_CodeComposer\StellarisWare-LM3S1968\driverlib\ccs-cm3\Debug\</path>
         <kind>archive</kind>
         <file>driverlib-cm3.lib</file>
         <name>cpu.obj</name>
      </input_file>
      <input_file id="fl-16a">
         <path>C:\TI_CodeComposer\StellarisWare-LM3S1968\driverlib\ccs-cm3\Debug\</path>
         <kind>archive</kind>
         <file>driverlib-cm3.lib</file>
         <name>adc.obj</name>
      </input_file>
   </input_file_list>
   <object_component_list>
      <object_component id="oc-f">
         <name>.intvecs</name>
         <load_address>0x0</load_address>
         <run_address>0x0</run_address>
         <size>0xf0</size>
         <input_file_ref idref="fl-3"/>
      </object_component>
      <object_component id="oc-21e">
         <name>.text</name>
         <load_address>0xf0</load_address>
         <run_address>0xf0</run_address>
         <size>0x109a</size>
         <input_file_ref idref="fl-147"/>
      </object_component>
      <object_component id="oc-be">
         <name>.text</name>
         <load_address>0x118c</load_address>
         <run_address>0x118c</run_address>
         <size>0x900</size>
         <input_file_ref idref="fl-d"/>
      </object_component>
      <object_component id="oc-15d">
         <name>.text</name>
         <load_address>0x1a8c</load_address>
         <run_address>0x1a8c</run_address>
         <size>0x6a0</size>
         <input_file_ref idref="fl-c"/>
      </object_component>
      <object_component id="oc-13d">
         <name>.text</name>
         <load_address>0x212c</load_address>
         <run_address>0x212c</run_address>
         <size>0x510</size>
         <input_file_ref idref="fl-8"/>
      </object_component>
      <object_component id="oc-284">
         <name>.text</name>
         <load_address>0x263c</load_address>
         <run_address>0x263c</run_address>
         <size>0x1f4</size>
         <input_file_ref idref="fl-159"/>
      </object_component>
      <object_component id="oc-ca">
         <name>.text</name>
         <load_address>0x2830</load_address>
         <run_address>0x2830</run_address>
         <size>0x1d4</size>
         <input_file_ref idref="fl-5"/>
      </object_component>
      <object_component id="oc-2b3">
         <name>.text</name>
         <load_address>0x2a04</load_address>
         <run_address>0x2a04</run_address>
         <size>0x1b6</size>
         <input_file_ref idref="fl-14d"/>
      </object_component>
      <object_component id="oc-115">
         <name>.text</name>
         <load_address>0x2bbc</load_address>
         <run_address>0x2bbc</run_address>
         <size>0x1b4</size>
         <input_file_ref idref="fl-15"/>
      </object_component>
      <object_component id="oc-1f3">
         <name>.text:SysCtlClockGet</name>
         <load_address>0x2d70</load_address>
         <run_address>0x2d70</run_address>
         <size>0x198</size>
         <input_file_ref idref="fl-165"/>
      </object_component>
      <object_component id="oc-128">
         <name>.text:SysCtlClockSet</name>
         <load_address>0x2f08</load_address>
         <run_address>0x2f08</run_address>
         <size>0x144</size>
         <input_file_ref idref="fl-165"/>
      </object_component>
      <object_component id="oc-299">
         <name>.text</name>
         <load_address>0x304c</load_address>
         <run_address>0x304c</run_address>
         <size>0x136</size>
         <input_file_ref idref="fl-14f"/>
      </object_component>
      <object_component id="oc-ff">
         <name>.text</name>
         <load_address>0x3182</load_address>
         <run_address>0x3182</run_address>
         <size>0x12a</size>
         <input_file_ref idref="fl-b"/>
      </object_component>
      <object_component id="oc-31c">
         <name>.text</name>
         <load_address>0x32ac</load_address>
         <run_address>0x32ac</run_address>
         <size>0x110</size>
         <input_file_ref idref="fl-15b"/>
      </object_component>
      <object_component id="oc-294">
         <name>.text</name>
         <load_address>0x33bc</load_address>
         <run_address>0x33bc</run_address>
         <size>0xfc</size>
         <input_file_ref idref="fl-150"/>
      </object_component>
      <object_component id="oc-f9">
         <name>.text</name>
         <load_address>0x34b8</load_address>
         <run_address>0x34b8</run_address>
         <size>0xf0</size>
         <input_file_ref idref="fl-11"/>
      </object_component>
      <object_component id="oc-178">
         <name>.text:GPIOPadConfigSet</name>
         <load_address>0x35a8</load_address>
         <run_address>0x35a8</run_address>
         <size>0xc8</size>
         <input_file_ref idref="fl-168"/>
      </object_component>
      <object_component id="oc-340">
         <name>.text</name>
         <load_address>0x3670</load_address>
         <run_address>0x3670</run_address>
         <size>0xbe</size>
         <input_file_ref idref="fl-163"/>
      </object_component>
      <object_component id="oc-d6">
         <name>.text</name>
         <load_address>0x3730</load_address>
         <run_address>0x3730</run_address>
         <size>0xbc</size>
         <input_file_ref idref="fl-6"/>
      </object_component>
      <object_component id="oc-9d">
         <name>.text</name>
         <load_address>0x37ec</load_address>
         <run_address>0x37ec</run_address>
         <size>0x9c</size>
         <input_file_ref idref="fl-2"/>
      </object_component>
      <object_component id="oc-36">
         <name>.text</name>
         <load_address>0x3888</load_address>
         <run_address>0x3888</run_address>
         <size>0x9c</size>
         <input_file_ref idref="fl-141"/>
      </object_component>
      <object_component id="oc-14f">
         <name>.text:SysCtlPeripheralReset</name>
         <load_address>0x3924</load_address>
         <run_address>0x3924</run_address>
         <size>0x88</size>
         <input_file_ref idref="fl-165"/>
      </object_component>
      <object_component id="oc-28f">
         <name>.text:__aeabi_cdcmple</name>
         <load_address>0x39ac</load_address>
         <run_address>0x39ac</run_address>
         <size>0x86</size>
         <input_file_ref idref="fl-14e"/>
      </object_component>
      <object_component id="oc-29e">
         <name>.text:__aeabi_cdrcmple</name>
         <load_address>0x3a32</load_address>
         <run_address>0x3a32</run_address>
         <size>0x86</size>
         <input_file_ref idref="fl-14e"/>
      </object_component>
      <object_component id="oc-105">
         <name>.text</name>
         <load_address>0x3ab8</load_address>
         <run_address>0x3ab8</run_address>
         <size>0x80</size>
         <input_file_ref idref="fl-12"/>
      </object_component>
      <object_component id="oc-4f">
         <name>.text</name>
         <load_address>0x3b38</load_address>
         <run_address>0x3b38</run_address>
         <size>0x7a</size>
         <input_file_ref idref="fl-142"/>
      </object_component>
      <object_component id="oc-180">
         <name>.text:ADCSequenceStepConfigure</name>
         <load_address>0x3bb2</load_address>
         <run_address>0x3bb2</run_address>
         <size>0x6c</size>
         <input_file_ref idref="fl-16a"/>
      </object_component>
      <object_component id="oc-61">
         <name>.text</name>
         <load_address>0x3c20</load_address>
         <run_address>0x3c20</run_address>
         <size>0x6c</size>
         <input_file_ref idref="fl-14a"/>
      </object_component>
      <object_component id="oc-42">
         <name>.text</name>
         <load_address>0x3c8c</load_address>
         <run_address>0x3c8c</run_address>
         <size>0x6a</size>
         <input_file_ref idref="fl-13e"/>
      </object_component>
      <object_component id="oc-314">
         <name>.text</name>
         <load_address>0x3cf6</load_address>
         <run_address>0x3cf6</run_address>
         <size>0x66</size>
         <input_file_ref idref="fl-15c"/>
      </object_component>
      <object_component id="oc-157">
         <name>.text</name>
         <load_address>0x3d5c</load_address>
         <run_address>0x3d5c</run_address>
         <size>0x60</size>
         <input_file_ref idref="fl-144"/>
      </object_component>
      <object_component id="oc-153">
         <name>.text:SysCtlPeripheralDisable</name>
         <load_address>0x3dbc</load_address>
         <run_address>0x3dbc</run_address>
         <size>0x58</size>
         <input_file_ref idref="fl-165"/>
      </object_component>
      <object_component id="oc-143">
         <name>.text:SysCtlPeripheralEnable</name>
         <load_address>0x3e14</load_address>
         <run_address>0x3e14</run_address>
         <size>0x58</size>
         <input_file_ref idref="fl-165"/>
      </object_component>
      <object_component id="oc-2a8">
         <name>.text</name>
         <load_address>0x3e6c</load_address>
         <run_address>0x3e6c</run_address>
         <size>0x56</size>
         <input_file_ref idref="fl-155"/>
      </object_component>
      <object_component id="oc-2d6">
         <name>.text</name>
         <load_address>0x3ec4</load_address>
         <run_address>0x3ec4</run_address>
         <size>0x4c</size>
         <input_file_ref idref="fl-149"/>
      </object_component>
      <object_component id="oc-95">
         <name>.text</name>
         <load_address>0x3f10</load_address>
         <run_address>0x3f10</run_address>
         <size>0x4c</size>
         <input_file_ref idref="fl-14b"/>
      </object_component>
      <object_component id="oc-2a3">
         <name>.text</name>
         <load_address>0x3f5c</load_address>
         <run_address>0x3f5c</run_address>
         <size>0x48</size>
         <input_file_ref idref="fl-151"/>
      </object_component>
      <object_component id="oc-2be">
         <name>.text</name>
         <load_address>0x3fa4</load_address>
         <run_address>0x3fa4</run_address>
         <size>0x46</size>
         <input_file_ref idref="fl-154"/>
      </object_component>
      <object_component id="oc-1f7">
         <name>.text:SSIConfigSetExpClk</name>
         <load_address>0x3fea</load_address>
         <run_address>0x3fea</run_address>
         <size>0x44</size>
         <input_file_ref idref="fl-166"/>
      </object_component>
      <object_component id="oc-d0">
         <name>.text</name>
         <load_address>0x4030</load_address>
         <run_address>0x4030</run_address>
         <size>0x44</size>
         <input_file_ref idref="fl-4"/>
      </object_component>
      <object_component id="oc-6d">
         <name>.text</name>
         <load_address>0x4074</load_address>
         <run_address>0x4074</run_address>
         <size>0x44</size>
         <input_file_ref idref="fl-140"/>
      </object_component>
      <object_component id="oc-383">
         <name>.text</name>
         <load_address>0x40b8</load_address>
         <run_address>0x40b8</run_address>
         <size>0x40</size>
         <input_file_ref idref="fl-162"/>
      </object_component>
      <object_component id="oc-24">
         <name>.text</name>
         <load_address>0x40f8</load_address>
         <run_address>0x40f8</run_address>
         <size>0x3c</size>
         <input_file_ref idref="fl-13c"/>
      </object_component>
      <object_component id="oc-c4">
         <name>.text</name>
         <load_address>0x4134</load_address>
         <run_address>0x4134</run_address>
         <size>0x38</size>
         <input_file_ref idref="fl-7"/>
      </object_component>
      <object_component id="oc-12c">
         <name>.text:IntRegister</name>
         <load_address>0x416c</load_address>
         <run_address>0x416c</run_address>
         <size>0x34</size>
         <input_file_ref idref="fl-167"/>
      </object_component>
      <object_component id="oc-34f">
         <name>.text</name>
         <load_address>0x41a0</load_address>
         <run_address>0x41a0</run_address>
         <size>0x34</size>
         <input_file_ref idref="fl-160"/>
      </object_component>
      <object_component id="oc-322">
         <name>.text</name>
         <load_address>0x41d4</load_address>
         <run_address>0x41d4</run_address>
         <size>0x30</size>
         <input_file_ref idref="fl-15d"/>
      </object_component>
      <object_component id="oc-190">
         <name>.text:ADCIntStatus</name>
         <load_address>0x4204</load_address>
         <run_address>0x4204</run_address>
         <size>0x2e</size>
         <input_file_ref idref="fl-16a"/>
      </object_component>
      <object_component id="oc-215">
         <name>.text:GPIODirModeSet</name>
         <load_address>0x4232</load_address>
         <run_address>0x4232</run_address>
         <size>0x2e</size>
         <input_file_ref idref="fl-168"/>
      </object_component>
      <object_component id="oc-2ae">
         <name>.text</name>
         <load_address>0x4260</load_address>
         <run_address>0x4260</run_address>
         <size>0x2e</size>
         <input_file_ref idref="fl-153"/>
      </object_component>
      <object_component id="oc-373">
         <name>.text</name>
         <load_address>0x428e</load_address>
         <run_address>0x428e</run_address>
         <size>0x2e</size>
         <input_file_ref idref="fl-161"/>
      </object_component>
      <object_component id="oc-17c">
         <name>.text:ADCSequenceConfigure</name>
         <load_address>0x42bc</load_address>
         <run_address>0x42bc</run_address>
         <size>0x2a</size>
         <input_file_ref idref="fl-16a"/>
      </object_component>
      <object_component id="oc-2ca">
         <name>.text</name>
         <load_address>0x42e6</load_address>
         <run_address>0x42e6</run_address>
         <size>0x2a</size>
         <input_file_ref idref="fl-15a"/>
      </object_component>
      <object_component id="oc-2b8">
         <name>.text</name>
         <load_address>0x4310</load_address>
         <run_address>0x4310</run_address>
         <size>0x22</size>
         <input_file_ref idref="fl-152"/>
      </object_component>
      <object_component id="oc-194">
         <name>.text:ADCSequenceDataGet</name>
         <load_address>0x4332</load_address>
         <run_address>0x4332</run_address>
         <size>0x20</size>
         <input_file_ref idref="fl-16a"/>
      </object_component>
      <object_component id="oc-130">
         <name>.text:SysTickIntRegister</name>
         <load_address>0x4354</load_address>
         <run_address>0x4354</run_address>
         <size>0x1c</size>
         <input_file_ref idref="fl-164"/>
      </object_component>
      <object_component id="oc-2d0">
         <name>.text</name>
         <load_address>0x4370</load_address>
         <run_address>0x4370</run_address>
         <size>0x1a</size>
         <input_file_ref idref="fl-156"/>
      </object_component>
      <object_component id="oc-67">
         <name>.text</name>
         <load_address>0x438c</load_address>
         <run_address>0x438c</run_address>
         <size>0x18</size>
         <input_file_ref idref="fl-148"/>
      </object_component>
      <object_component id="oc-18c">
         <name>.text:ADCProcessorTrigger</name>
         <load_address>0x43a4</load_address>
         <run_address>0x43a4</run_address>
         <size>0x16</size>
         <input_file_ref idref="fl-16a"/>
      </object_component>
      <object_component id="oc-2c4">
         <name>.text</name>
         <load_address>0x43ba</load_address>
         <run_address>0x43ba</run_address>
         <size>0x16</size>
         <input_file_ref idref="fl-157"/>
      </object_component>
      <object_component id="oc-138">
         <name>.text:SysTickEnable</name>
         <load_address>0x43d0</load_address>
         <run_address>0x43d0</run_address>
         <size>0x14</size>
         <input_file_ref idref="fl-164"/>
      </object_component>
      <object_component id="oc-134">
         <name>.text:SysTickIntEnable</name>
         <load_address>0x43e4</load_address>
         <run_address>0x43e4</run_address>
         <size>0x14</size>
         <input_file_ref idref="fl-164"/>
      </object_component>
      <object_component id="oc-e4">
         <name>.text</name>
         <load_address>0x43f8</load_address>
         <run_address>0x43f8</run_address>
         <size>0x14</size>
         <input_file_ref idref="fl-146"/>
      </object_component>
      <object_component id="oc-289">
         <name>.text</name>
         <load_address>0x440c</load_address>
         <run_address>0x440c</run_address>
         <size>0x14</size>
         <input_file_ref idref="fl-158"/>
      </object_component>
      <object_component id="oc-147">
         <name>.text:GPIOPinTypeGPIOInput</name>
         <load_address>0x4420</load_address>
         <run_address>0x4420</run_address>
         <size>0x12</size>
         <input_file_ref idref="fl-168"/>
      </object_component>
      <object_component id="oc-16e">
         <name>.text:GPIOPinTypeGPIOOutput</name>
         <load_address>0x4432</load_address>
         <run_address>0x4432</run_address>
         <size>0x12</size>
         <input_file_ref idref="fl-168"/>
      </object_component>
      <object_component id="oc-1fb">
         <name>.text:GPIOPinTypeSSI</name>
         <load_address>0x4444</load_address>
         <run_address>0x4444</run_address>
         <size>0x12</size>
         <input_file_ref idref="fl-168"/>
      </object_component>
      <object_component id="oc-203">
         <name>.text:SSIDataGetNonBlocking</name>
         <load_address>0x4456</load_address>
         <run_address>0x4456</run_address>
         <size>0x12</size>
         <input_file_ref idref="fl-166"/>
      </object_component>
      <object_component id="oc-184">
         <name>.text:ADCSequenceEnable</name>
         <load_address>0x4468</load_address>
         <run_address>0x4468</run_address>
         <size>0xe</size>
         <input_file_ref idref="fl-16a"/>
      </object_component>
      <object_component id="oc-12">
         <name>.text:decompress:none</name>
         <load_address>0x4476</load_address>
         <run_address>0x4476</run_address>
         <size>0xe</size>
         <input_file_ref idref="fl-13d"/>
      </object_component>
      <object_component id="oc-1e">
         <name>.text:decompress:ZI</name>
         <load_address>0x4484</load_address>
         <run_address>0x4484</run_address>
         <size>0xc</size>
         <input_file_ref idref="fl-13f"/>
      </object_component>
      <object_component id="oc-2d">
         <name>.text</name>
         <load_address>0x4490</load_address>
         <run_address>0x4490</run_address>
         <size>0xc</size>
         <input_file_ref idref="fl-3"/>
      </object_component>
      <object_component id="oc-188">
         <name>.text:ADCIntClear</name>
         <load_address>0x449c</load_address>
         <run_address>0x449c</run_address>
         <size>0xa</size>
         <input_file_ref idref="fl-16a"/>
      </object_component>
      <object_component id="oc-1e8">
         <name>.text:SSIDataPut</name>
         <load_address>0x44a6</load_address>
         <run_address>0x44a6</run_address>
         <size>0xa</size>
         <input_file_ref idref="fl-166"/>
      </object_component>
      <object_component id="oc-1ef">
         <name>.text:SSIDisable</name>
         <load_address>0x44b0</load_address>
         <run_address>0x44b0</run_address>
         <size>0xa</size>
         <input_file_ref idref="fl-166"/>
      </object_component>
      <object_component id="oc-1ff">
         <name>.text:SSIEnable</name>
         <load_address>0x44ba</load_address>
         <run_address>0x44ba</run_address>
         <size>0xa</size>
         <input_file_ref idref="fl-166"/>
      </object_component>
      <object_component id="oc-1e4">
         <name>.text:SSIBusy</name>
         <load_address>0x44c4</load_address>
         <run_address>0x44c4</run_address>
         <size>0x8</size>
         <input_file_ref idref="fl-166"/>
      </object_component>
      <object_component id="oc-14b">
         <name>.text:GPIOPinRead</name>
         <load_address>0x44cc</load_address>
         <run_address>0x44cc</run_address>
         <size>0x6</size>
         <input_file_ref idref="fl-168"/>
      </object_component>
      <object_component id="oc-172">
         <name>.text:GPIOPinWrite</name>
         <load_address>0x44d2</load_address>
         <run_address>0x44d2</run_address>
         <size>0x6</size>
         <input_file_ref idref="fl-168"/>
      </object_component>
      <object_component id="oc-1d5">
         <name>.text:SysCtlDelay</name>
         <load_address>0x44d8</load_address>
         <run_address>0x44d8</run_address>
         <size>0x6</size>
         <input_file_ref idref="fl-165"/>
      </object_component>
      <object_component id="oc-18">
         <name>.text:decompress:rle24</name>
         <load_address>0x44de</load_address>
         <run_address>0x44de</run_address>
         <size>0x6</size>
         <input_file_ref idref="fl-13e"/>
      </object_component>
      <object_component id="oc-5b">
         <name>.text</name>
         <load_address>0x44e4</load_address>
         <run_address>0x44e4</run_address>
         <size>0x4</size>
         <input_file_ref idref="fl-143"/>
      </object_component>
      <object_component id="oc-20b">
         <name>.const:g_pucFont</name>
         <load_address>0x44e8</load_address>
         <run_address>0x44e8</run_address>
         <size>0x1e0</size>
         <input_file_ref idref="fl-8"/>
      </object_component>
      <object_component id="oc-330">
         <name>.const:.string:_ctypes_</name>
         <load_address>0x46c8</load_address>
         <run_address>0x46c8</run_address>
         <size>0x101</size>
         <input_file_ref idref="fl-14c"/>
      </object_component>
      <object_component id="oc-1d0">
         <name>.const</name>
         <load_address>0x47ca</load_address>
         <run_address>0x47ca</run_address>
         <size>0x2</size>
         <input_file_ref idref="fl-15"/>
      </object_component>
      <object_component id="oc-272">
         <name>.const:g_pulXtals</name>
         <load_address>0x47cc</load_address>
         <run_address>0x47cc</run_address>
         <size>0x6c</size>
         <input_file_ref idref="fl-165"/>
      </object_component>
      <object_component id="oc-20e">
         <name>.const:.string:g_pucRIT128x96x4Init</name>
         <load_address>0x4838</load_address>
         <run_address>0x4838</run_address>
         <size>0x4f</size>
         <input_file_ref idref="fl-8"/>
      </object_component>
      <object_component id="oc-212">
         <name>.const</name>
         <load_address>0x4888</load_address>
         <run_address>0x4888</run_address>
         <size>0x40</size>
         <input_file_ref idref="fl-165"/>
      </object_component>
      <object_component id="oc-208">
         <name>.const:.string</name>
         <load_address>0x48c8</load_address>
         <run_address>0x48c8</run_address>
         <size>0xc</size>
         <input_file_ref idref="fl-8"/>
      </object_component>
      <object_component id="oc-3ca">
         <name>.cinit..data.load</name>
         <load_address>0x48d8</load_address>
         <run_address>0x48d8</run_address>
         <size>0x51</size>
      </object_component>
      <object_component id="oc-3c7">
         <name>__TI_handler_table</name>
         <load_address>0x492c</load_address>
         <run_address>0x492c</run_address>
         <size>0xc</size>
      </object_component>
      <object_component id="oc-3cb">
         <name>.cinit..bss.load</name>
         <load_address>0x4938</load_address>
         <run_address>0x4938</run_address>
         <size>0x8</size>
      </object_component>
      <object_component id="oc-3c9">
         <name>.cinit..vtable.load</name>
         <load_address>0x4940</load_address>
         <run_address>0x4940</run_address>
         <size>0x8</size>
      </object_component>
      <object_component id="oc-3c8">
         <name>__TI_cinit_table</name>
         <load_address>0x4948</load_address>
         <run_address>0x4948</run_address>
         <size>0x18</size>
      </object_component>
      <object_component id="oc-1dc">
         <name>.vtable</name>
         <uninitialized>true</uninitialized>
         <run_address>0x20000000</run_address>
         <size>0x26c</size>
         <input_file_ref idref="fl-167"/>
      </object_component>
      <object_component id="oc-29">
         <name>.stack</name>
         <uninitialized>true</uninitialized>
         <run_address>0x20002428</run_address>
         <size>0x0</size>
         <input_file_ref idref="fl-13c"/>
      </object_component>
      <object_component id="oc-3cc">
         <name>.stack</name>
         <uninitialized>true</uninitialized>
         <run_address>0x20002428</run_address>
         <size>0x0</size>
      </object_component>
      <object_component id="oc-2a">
         <name>.bss:pulStack</name>
         <uninitialized>true</uninitialized>
         <run_address>0x20002270</run_address>
         <size>0x100</size>
         <input_file_ref idref="fl-3"/>
      </object_component>
      <object_component id="oc-10d">
         <name>.bss:pxReadyTasksLists</name>
         <uninitialized>true</uninitialized>
         <run_address>0x20002370</run_address>
         <size>0x50</size>
         <input_file_ref idref="fl-d"/>
      </object_component>
      <object_component id="oc-1cc">
         <name>.bss:xHeap</name>
         <uninitialized>true</uninitialized>
         <run_address>0x20000270</run_address>
         <size>0x2000</size>
         <input_file_ref idref="fl-15"/>
      </object_component>
      <object_component id="oc-166">
         <name>.common:sampleQueue</name>
         <uninitialized>true</uninitialized>
         <run_address>0x20002424</run_address>
         <size>0x4</size>
      </object_component>
      <object_component id="oc-198">
         <name>.common:sample</name>
         <uninitialized>true</uninitialized>
         <run_address>0x20002420</run_address>
         <size>0x4</size>
      </object_component>
      <object_component id="oc-1ec">
         <name>.common:g_ulSSIFlags</name>
         <uninitialized>true</uninitialized>
         <run_address>0x20002414</run_address>
         <size>0x4</size>
      </object_component>
      <object_component id="oc-207">
         <name>.common:g_pucBuffer</name>
         <uninitialized>true</uninitialized>
         <run_address>0x200023fc</run_address>
         <size>0x8</size>
      </object_component>
      <object_component id="oc-11b">
         <name>.common:xDelayedTaskList1</name>
         <uninitialized>true</uninitialized>
         <run_address>0x200023c0</run_address>
         <size>0x14</size>
      </object_component>
      <object_component id="oc-11c">
         <name>.common:xDelayedTaskList2</name>
         <uninitialized>true</uninitialized>
         <run_address>0x200023d4</run_address>
         <size>0x14</size>
      </object_component>
      <object_component id="oc-113">
         <name>.common:pxDelayedTaskList</name>
         <uninitialized>true</uninitialized>
         <run_address>0x20002418</run_address>
         <size>0x4</size>
      </object_component>
      <object_component id="oc-114">
         <name>.common:pxOverflowDelayedTaskList</name>
         <uninitialized>true</uninitialized>
         <run_address>0x2000241c</run_address>
         <size>0x4</size>
      </object_component>
      <object_component id="oc-110">
         <name>.common:xPendingReadyList</name>
         <uninitialized>true</uninitialized>
         <run_address>0x200023e8</run_address>
         <size>0x14</size>
      </object_component>
      <object_component id="oc-1c9">
         <name>.common:xStart</name>
         <uninitialized>true</uninitialized>
         <run_address>0x2000240c</run_address>
         <size>0x8</size>
      </object_component>
      <object_component id="oc-1cf">
         <name>.common:xEnd</name>
         <uninitialized>true</uninitialized>
         <run_address>0x20002404</run_address>
         <size>0x8</size>
      </object_component>
      <object_component id="oc-169">
         <name>.data</name>
         <load_address>0x200035ac</load_address>
         <run_address>0x200035ac</run_address>
         <size>0x4</size>
         <input_file_ref idref="fl-5"/>
      </object_component>
      <object_component id="oc-10a">
         <name>.data</name>
         <load_address>0x20003558</load_address>
         <run_address>0x20003558</run_address>
         <size>0x2c</size>
         <input_file_ref idref="fl-d"/>
      </object_component>
      <object_component id="oc-163">
         <name>.data</name>
         <load_address>0x20003584</load_address>
         <run_address>0x20003584</run_address>
         <size>0x8</size>
         <input_file_ref idref="fl-11"/>
      </object_component>
      <object_component id="oc-1c6">
         <name>.data</name>
         <load_address>0x2000358c</load_address>
         <run_address>0x2000358c</run_address>
         <size>0x8</size>
         <input_file_ref idref="fl-15"/>
      </object_component>
      <object_component id="oc-a8">
         <name>.data</name>
         <load_address>0x2000359c</load_address>
         <run_address>0x2000359c</run_address>
         <size>0x8</size>
         <input_file_ref idref="fl-140"/>
      </object_component>
      <object_component id="oc-73">
         <name>.data</name>
         <load_address>0x200035b4</load_address>
         <run_address>0x200035b4</run_address>
         <size>0x4</size>
         <input_file_ref idref="fl-145"/>
      </object_component>
      <object_component id="oc-a5">
         <name>.data</name>
         <load_address>0x20003594</load_address>
         <run_address>0x20003594</run_address>
         <size>0x8</size>
         <input_file_ref idref="fl-146"/>
      </object_component>
      <object_component id="oc-34a">
         <name>.data</name>
         <load_address>0x200034d8</load_address>
         <run_address>0x200034d8</run_address>
         <size>0x80</size>
         <input_file_ref idref="fl-15e"/>
      </object_component>
      <object_component id="oc-355">
         <name>.data</name>
         <load_address>0x200035b0</load_address>
         <run_address>0x200035b0</run_address>
         <size>0x4</size>
         <input_file_ref idref="fl-15f"/>
      </object_component>
      <object_component id="oc-379">
         <name>.data</name>
         <load_address>0x200035a4</load_address>
         <run_address>0x200035a4</run_address>
         <size>0x8</size>
         <input_file_ref idref="fl-160"/>
      </object_component>
      <object_component id="oc-394">
         <name>.data:sigtable</name>
         <load_address>0x20003428</load_address>
         <run_address>0x20003428</run_address>
         <size>0xb0</size>
         <input_file_ref idref="fl-162"/>
      </object_component>
      <object_component id="oc-1d4">
         <name>.debug_info</name>
         <load_address>0x0</load_address>
         <run_address>0x0</run_address>
         <size>0x26b</size>
         <input_file_ref idref="fl-2"/>
      </object_component>
      <object_component id="oc-9e">
         <name>.debug_info</name>
         <load_address>0x26b</load_address>
         <run_address>0x26b</run_address>
         <size>0x169</size>
         <input_file_ref idref="fl-2"/>
      </object_component>
      <object_component id="oc-1a8">
         <name>.debug_info</name>
         <load_address>0x3d4</load_address>
         <run_address>0x3d4</run_address>
         <size>0x2ab</size>
         <input_file_ref idref="fl-2"/>
      </object_component>
      <object_component id="oc-7c">
         <name>.debug_info</name>
         <load_address>0x67f</load_address>
         <run_address>0x67f</run_address>
         <size>0x84</size>
         <input_file_ref idref="fl-2"/>
      </object_component>
      <object_component id="oc-22c">
         <name>.debug_info</name>
         <load_address>0x703</load_address>
         <run_address>0x703</run_address>
         <size>0x46</size>
         <input_file_ref idref="fl-2"/>
      </object_component>
      <object_component id="oc-123">
         <name>.debug_info</name>
         <load_address>0x749</load_address>
         <run_address>0x749</run_address>
         <size>0x2c</size>
         <input_file_ref idref="fl-2"/>
      </object_component>
      <object_component id="oc-1b2">
         <name>.debug_info</name>
         <load_address>0x775</load_address>
         <run_address>0x775</run_address>
         <size>0x18b</size>
         <input_file_ref idref="fl-2"/>
      </object_component>
      <object_component id="oc-236">
         <name>.debug_info</name>
         <load_address>0x900</load_address>
         <run_address>0x900</run_address>
         <size>0x2c</size>
         <input_file_ref idref="fl-2"/>
      </object_component>
      <object_component id="oc-11e">
         <name>.debug_info</name>
         <load_address>0x92c</load_address>
         <run_address>0x92c</run_address>
         <size>0xae</size>
         <input_file_ref idref="fl-2"/>
      </object_component>
      <object_component id="oc-226">
         <name>.debug_info</name>
         <load_address>0x9da</load_address>
         <run_address>0x9da</run_address>
         <size>0x4e</size>
         <input_file_ref idref="fl-2"/>
      </object_component>
      <object_component id="oc-1bc">
         <name>.debug_info</name>
         <load_address>0xa28</load_address>
         <run_address>0xa28</run_address>
         <size>0x14c</size>
         <input_file_ref idref="fl-2"/>
      </object_component>
      <object_component id="oc-35">
         <name>.debug_info</name>
         <load_address>0xb74</load_address>
         <run_address>0xb74</run_address>
         <size>0xf2</size>
         <input_file_ref idref="fl-3"/>
      </object_component>
      <object_component id="oc-2b">
         <name>.debug_info</name>
         <load_address>0xc66</load_address>
         <run_address>0xc66</run_address>
         <size>0xe2</size>
         <input_file_ref idref="fl-3"/>
      </object_component>
      <object_component id="oc-10">
         <name>.debug_info</name>
         <load_address>0xd48</load_address>
         <run_address>0xd48</run_address>
         <size>0xeb</size>
         <input_file_ref idref="fl-3"/>
      </object_component>
      <object_component id="oc-2e">
         <name>.debug_info</name>
         <load_address>0xe33</load_address>
         <run_address>0xe33</run_address>
         <size>0x2ae</size>
         <input_file_ref idref="fl-3"/>
      </object_component>
      <object_component id="oc-177">
         <name>.debug_info</name>
         <load_address>0x10e1</load_address>
         <run_address>0x10e1</run_address>
         <size>0x222</size>
         <input_file_ref idref="fl-4"/>
      </object_component>
      <object_component id="oc-d1">
         <name>.debug_info</name>
         <load_address>0x1303</load_address>
         <run_address>0x1303</run_address>
         <size>0x1b5</size>
         <input_file_ref idref="fl-4"/>
      </object_component>
      <object_component id="oc-16d">
         <name>.debug_info</name>
         <load_address>0x14b8</load_address>
         <run_address>0x14b8</run_address>
         <size>0x454</size>
         <input_file_ref idref="fl-5"/>
      </object_component>
      <object_component id="oc-16a">
         <name>.debug_info</name>
         <load_address>0x190c</load_address>
         <run_address>0x190c</run_address>
         <size>0xc0</size>
         <input_file_ref idref="fl-5"/>
      </object_component>
      <object_component id="oc-cb">
         <name>.debug_info</name>
         <load_address>0x19cc</load_address>
         <run_address>0x19cc</run_address>
         <size>0x437</size>
         <input_file_ref idref="fl-5"/>
      </object_component>
      <object_component id="oc-167">
         <name>.debug_info</name>
         <load_address>0x1e03</load_address>
         <run_address>0x1e03</run_address>
         <size>0x4ef</size>
         <input_file_ref idref="fl-6"/>
      </object_component>
      <object_component id="oc-d7">
         <name>.debug_info</name>
         <load_address>0x22f2</load_address>
         <run_address>0x22f2</run_address>
         <size>0x2da</size>
         <input_file_ref idref="fl-6"/>
      </object_component>
      <object_component id="oc-c5">
         <name>.debug_info</name>
         <load_address>0x25cc</load_address>
         <run_address>0x25cc</run_address>
         <size>0x182</size>
         <input_file_ref idref="fl-7"/>
      </object_component>
      <object_component id="oc-1ed">
         <name>.debug_info</name>
         <load_address>0x274e</load_address>
         <run_address>0x274e</run_address>
         <size>0x419</size>
         <input_file_ref idref="fl-8"/>
      </object_component>
      <object_component id="oc-209">
         <name>.debug_info</name>
         <load_address>0x2b67</load_address>
         <run_address>0x2b67</run_address>
         <size>0x15f</size>
         <input_file_ref idref="fl-8"/>
      </object_component>
      <object_component id="oc-20c">
         <name>.debug_info</name>
         <load_address>0x2cc6</load_address>
         <run_address>0x2cc6</run_address>
         <size>0xf1</size>
         <input_file_ref idref="fl-8"/>
      </object_component>
      <object_component id="oc-20f">
         <name>.debug_info</name>
         <load_address>0x2db7</load_address>
         <run_address>0x2db7</run_address>
         <size>0x107</size>
         <input_file_ref idref="fl-8"/>
      </object_component>
      <object_component id="oc-13e">
         <name>.debug_info</name>
         <load_address>0x2ebe</load_address>
         <run_address>0x2ebe</run_address>
         <size>0xef9</size>
         <input_file_ref idref="fl-8"/>
      </object_component>
      <object_component id="oc-254">
         <name>.debug_info</name>
         <load_address>0x3db7</load_address>
         <run_address>0x3db7</run_address>
         <size>0x48c</size>
         <input_file_ref idref="fl-a"/>
      </object_component>
      <object_component id="oc-1c1">
         <name>.debug_info</name>
         <load_address>0x4243</load_address>
         <run_address>0x4243</run_address>
         <size>0x110</size>
         <input_file_ref idref="fl-a"/>
      </object_component>
      <object_component id="oc-2fa">
         <name>.debug_info</name>
         <load_address>0x4353</load_address>
         <run_address>0x4353</run_address>
         <size>0x39</size>
         <input_file_ref idref="fl-a"/>
      </object_component>
      <object_component id="oc-1ad">
         <name>.debug_info</name>
         <load_address>0x438c</load_address>
         <run_address>0x438c</run_address>
         <size>0x46</size>
         <input_file_ref idref="fl-a"/>
      </object_component>
      <object_component id="oc-2ff">
         <name>.debug_info</name>
         <load_address>0x43d2</load_address>
         <run_address>0x43d2</run_address>
         <size>0x70</size>
         <input_file_ref idref="fl-a"/>
      </object_component>
      <object_component id="oc-1a0">
         <name>.debug_info</name>
         <load_address>0x4442</load_address>
         <run_address>0x4442</run_address>
         <size>0x138</size>
         <input_file_ref idref="fl-b"/>
      </object_component>
      <object_component id="oc-100">
         <name>.debug_info</name>
         <load_address>0x457a</load_address>
         <run_address>0x457a</run_address>
         <size>0x5a5</size>
         <input_file_ref idref="fl-b"/>
      </object_component>
      <object_component id="oc-231">
         <name>.debug_info</name>
         <load_address>0x4b1f</load_address>
         <run_address>0x4b1f</run_address>
         <size>0x50d</size>
         <input_file_ref idref="fl-c"/>
      </object_component>
      <object_component id="oc-15e">
         <name>.debug_info</name>
         <load_address>0x502c</load_address>
         <run_address>0x502c</run_address>
         <size>0x206d</size>
         <input_file_ref idref="fl-c"/>
      </object_component>
      <object_component id="oc-2f1">
         <name>.debug_info</name>
         <load_address>0x7099</load_address>
         <run_address>0x7099</run_address>
         <size>0x163</size>
         <input_file_ref idref="fl-c"/>
      </object_component>
      <object_component id="oc-111">
         <name>.debug_info</name>
         <load_address>0x71fc</load_address>
         <run_address>0x71fc</run_address>
         <size>0x636</size>
         <input_file_ref idref="fl-d"/>
      </object_component>
      <object_component id="oc-10b">
         <name>.debug_info</name>
         <load_address>0x7832</load_address>
         <run_address>0x7832</run_address>
         <size>0x2d8</size>
         <input_file_ref idref="fl-d"/>
      </object_component>
      <object_component id="oc-10e">
         <name>.debug_info</name>
         <load_address>0x7b0a</load_address>
         <run_address>0x7b0a</run_address>
         <size>0xf9</size>
         <input_file_ref idref="fl-d"/>
      </object_component>
      <object_component id="oc-bf">
         <name>.debug_info</name>
         <load_address>0x7c03</load_address>
         <run_address>0x7c03</run_address>
         <size>0x23cc</size>
         <input_file_ref idref="fl-d"/>
      </object_component>
      <object_component id="oc-1b7">
         <name>.debug_info</name>
         <load_address>0x9fcf</load_address>
         <run_address>0x9fcf</run_address>
         <size>0xcd</size>
         <input_file_ref idref="fl-d"/>
      </object_component>
      <object_component id="oc-19e">
         <name>.debug_info</name>
         <load_address>0xa09c</load_address>
         <run_address>0xa09c</run_address>
         <size>0x222</size>
         <input_file_ref idref="fl-11"/>
      </object_component>
      <object_component id="oc-164">
         <name>.debug_info</name>
         <load_address>0xa2be</load_address>
         <run_address>0xa2be</run_address>
         <size>0x140</size>
         <input_file_ref idref="fl-11"/>
      </object_component>
      <object_component id="oc-fa">
         <name>.debug_info</name>
         <load_address>0xa3fe</load_address>
         <run_address>0xa3fe</run_address>
         <size>0x8a0</size>
         <input_file_ref idref="fl-11"/>
      </object_component>
      <object_component id="oc-106">
         <name>.debug_info</name>
         <load_address>0xac9e</load_address>
         <run_address>0xac9e</run_address>
         <size>0x181</size>
         <input_file_ref idref="fl-12"/>
      </object_component>
      <object_component id="oc-1ca">
         <name>.debug_info</name>
         <load_address>0xae1f</load_address>
         <run_address>0xae1f</run_address>
         <size>0x217</size>
         <input_file_ref idref="fl-15"/>
      </object_component>
      <object_component id="oc-1cd">
         <name>.debug_info</name>
         <load_address>0xb036</load_address>
         <run_address>0xb036</run_address>
         <size>0xe9</size>
         <input_file_ref idref="fl-15"/>
      </object_component>
      <object_component id="oc-1d1">
         <name>.debug_info</name>
         <load_address>0xb11f</load_address>
         <run_address>0xb11f</run_address>
         <size>0xfd</size>
         <input_file_ref idref="fl-15"/>
      </object_component>
      <object_component id="oc-1c7">
         <name>.debug_info</name>
         <load_address>0xb21c</load_address>
         <run_address>0xb21c</run_address>
         <size>0x105</size>
         <input_file_ref idref="fl-15"/>
      </object_component>
      <object_component id="oc-116">
         <name>.debug_info</name>
         <load_address>0xb321</load_address>
         <run_address>0xb321</run_address>
         <size>0x5df</size>
         <input_file_ref idref="fl-15"/>
      </object_component>
      <object_component id="oc-259">
         <name>.debug_info</name>
         <load_address>0xb900</load_address>
         <run_address>0xb900</run_address>
         <size>0xa7</size>
         <input_file_ref idref="fl-15"/>
      </object_component>
      <object_component id="oc-27">
         <name>.debug_info</name>
         <load_address>0xb9a7</load_address>
         <run_address>0xb9a7</run_address>
         <size>0x138</size>
         <input_file_ref idref="fl-13c"/>
      </object_component>
      <object_component id="oc-41">
         <name>.debug_info</name>
         <load_address>0xbadf</load_address>
         <run_address>0xbadf</run_address>
         <size>0x123</size>
         <input_file_ref idref="fl-13d"/>
      </object_component>
      <object_component id="oc-13">
         <name>.debug_info</name>
         <load_address>0xbc02</load_address>
         <run_address>0xbc02</run_address>
         <size>0x1c2</size>
         <input_file_ref idref="fl-13d"/>
      </object_component>
      <object_component id="oc-3c">
         <name>.debug_info</name>
         <load_address>0xbdc4</load_address>
         <run_address>0xbdc4</run_address>
         <size>0x46</size>
         <input_file_ref idref="fl-13d"/>
      </object_component>
      <object_component id="oc-82">
         <name>.debug_info</name>
         <load_address>0xbe0a</load_address>
         <run_address>0xbe0a</run_address>
         <size>0x2c</size>
         <input_file_ref idref="fl-13d"/>
      </object_component>
      <object_component id="oc-49">
         <name>.debug_info</name>
         <load_address>0xbe36</load_address>
         <run_address>0xbe36</run_address>
         <size>0x117</size>
         <input_file_ref idref="fl-13e"/>
      </object_component>
      <object_component id="oc-45">
         <name>.debug_info</name>
         <load_address>0xbf4d</load_address>
         <run_address>0xbf4d</run_address>
         <size>0x22a</size>
         <input_file_ref idref="fl-13e"/>
      </object_component>
      <object_component id="oc-19">
         <name>.debug_info</name>
         <load_address>0xc177</load_address>
         <run_address>0xc177</run_address>
         <size>0x1bc</size>
         <input_file_ref idref="fl-13e"/>
      </object_component>
      <object_component id="oc-4a">
         <name>.debug_info</name>
         <load_address>0xc333</load_address>
         <run_address>0xc333</run_address>
         <size>0x39</size>
         <input_file_ref idref="fl-13e"/>
      </object_component>
      <object_component id="oc-8c">
         <name>.debug_info</name>
         <load_address>0xc36c</load_address>
         <run_address>0xc36c</run_address>
         <size>0x2c</size>
         <input_file_ref idref="fl-13e"/>
      </object_component>
      <object_component id="oc-5a">
         <name>.debug_info</name>
         <load_address>0xc398</load_address>
         <run_address>0xc398</run_address>
         <size>0x112</size>
         <input_file_ref idref="fl-13f"/>
      </object_component>
      <object_component id="oc-21">
         <name>.debug_info</name>
         <load_address>0xc4aa</load_address>
         <run_address>0xc4aa</run_address>
         <size>0x18d</size>
         <input_file_ref idref="fl-13f"/>
      </object_component>
      <object_component id="oc-55">
         <name>.debug_info</name>
         <load_address>0xc637</load_address>
         <run_address>0xc637</run_address>
         <size>0x46</size>
         <input_file_ref idref="fl-13f"/>
      </object_component>
      <object_component id="oc-ac">
         <name>.debug_info</name>
         <load_address>0xc67d</load_address>
         <run_address>0xc67d</run_address>
         <size>0x174</size>
         <input_file_ref idref="fl-140"/>
      </object_component>
      <object_component id="oc-a9">
         <name>.debug_info</name>
         <load_address>0xc7f1</load_address>
         <run_address>0xc7f1</run_address>
         <size>0x119</size>
         <input_file_ref idref="fl-140"/>
      </object_component>
      <object_component id="oc-70">
         <name>.debug_info</name>
         <load_address>0xc90a</load_address>
         <run_address>0xc90a</run_address>
         <size>0x1f0</size>
         <input_file_ref idref="fl-140"/>
      </object_component>
      <object_component id="oc-37">
         <name>.debug_info</name>
         <load_address>0xcafa</load_address>
         <run_address>0xcafa</run_address>
         <size>0xfa</size>
         <input_file_ref idref="fl-141"/>
      </object_component>
      <object_component id="oc-50">
         <name>.debug_info</name>
         <load_address>0xcbf4</load_address>
         <run_address>0xcbf4</run_address>
         <size>0x12a</size>
         <input_file_ref idref="fl-142"/>
      </object_component>
      <object_component id="oc-5e">
         <name>.debug_info</name>
         <load_address>0xcd1e</load_address>
         <run_address>0xcd1e</run_address>
         <size>0x12b</size>
         <input_file_ref idref="fl-143"/>
      </object_component>
      <object_component id="oc-225">
         <name>.debug_info</name>
         <load_address>0xce49</load_address>
         <run_address>0xce49</run_address>
         <size>0x19e</size>
         <input_file_ref idref="fl-144"/>
      </object_component>
      <object_component id="oc-15b">
         <name>.debug_info</name>
         <load_address>0xcfe7</load_address>
         <run_address>0xcfe7</run_address>
         <size>0x2e3</size>
         <input_file_ref idref="fl-144"/>
      </object_component>
      <object_component id="oc-2e3">
         <name>.debug_info</name>
         <load_address>0xd2ca</load_address>
         <run_address>0xd2ca</run_address>
         <size>0x2c</size>
         <input_file_ref idref="fl-144"/>
      </object_component>
      <object_component id="oc-74">
         <name>.debug_info</name>
         <load_address>0xd2f6</load_address>
         <run_address>0xd2f6</run_address>
         <size>0xec</size>
         <input_file_ref idref="fl-145"/>
      </object_component>
      <object_component id="oc-ec">
         <name>.debug_info</name>
         <load_address>0xd3e2</load_address>
         <run_address>0xd3e2</run_address>
         <size>0x107</size>
         <input_file_ref idref="fl-146"/>
      </object_component>
      <object_component id="oc-a6">
         <name>.debug_info</name>
         <load_address>0xd4e9</load_address>
         <run_address>0xd4e9</run_address>
         <size>0xf6</size>
         <input_file_ref idref="fl-146"/>
      </object_component>
      <object_component id="oc-e7">
         <name>.debug_info</name>
         <load_address>0xd5df</load_address>
         <run_address>0xd5df</run_address>
         <size>0x202</size>
         <input_file_ref idref="fl-146"/>
      </object_component>
      <object_component id="oc-2dd">
         <name>.debug_info</name>
         <load_address>0xd7e1</load_address>
         <run_address>0xd7e1</run_address>
         <size>0x3ae</size>
         <input_file_ref idref="fl-147"/>
      </object_component>
      <object_component id="oc-222">
         <name>.debug_info</name>
         <load_address>0xdb8f</load_address>
         <run_address>0xdb8f</run_address>
         <size>0x1811</size>
         <input_file_ref idref="fl-147"/>
      </object_component>
      <object_component id="oc-2de">
         <name>.debug_info</name>
         <load_address>0xf3a0</load_address>
         <run_address>0xf3a0</run_address>
         <size>0x86</size>
         <input_file_ref idref="fl-147"/>
      </object_component>
      <object_component id="oc-337">
         <name>.debug_info</name>
         <load_address>0xf426</load_address>
         <run_address>0xf426</run_address>
         <size>0x46</size>
         <input_file_ref idref="fl-147"/>
      </object_component>
      <object_component id="oc-2e8">
         <name>.debug_info</name>
         <load_address>0xf46c</load_address>
         <run_address>0xf46c</run_address>
         <size>0x39</size>
         <input_file_ref idref="fl-147"/>
      </object_component>
      <object_component id="oc-a4">
         <name>.debug_info</name>
         <load_address>0xf4a5</load_address>
         <run_address>0xf4a5</run_address>
         <size>0x149</size>
         <input_file_ref idref="fl-148"/>
      </object_component>
      <object_component id="oc-6b">
         <name>.debug_info</name>
         <load_address>0xf5ee</load_address>
         <run_address>0xf5ee</run_address>
         <size>0x14a</size>
         <input_file_ref idref="fl-148"/>
      </object_component>
      <object_component id="oc-df">
         <name>.debug_info</name>
         <load_address>0xf738</load_address>
         <run_address>0xf738</run_address>
         <size>0x5e</size>
         <input_file_ref idref="fl-148"/>
      </object_component>
      <object_component id="oc-334">
         <name>.debug_info</name>
         <load_address>0xf796</load_address>
         <run_address>0xf796</run_address>
         <size>0xf7</size>
         <input_file_ref idref="fl-149"/>
      </object_component>
      <object_component id="oc-2da">
         <name>.debug_info</name>
         <load_address>0xf88d</load_address>
         <run_address>0xf88d</run_address>
         <size>0x154</size>
         <input_file_ref idref="fl-149"/>
      </object_component>
      <object_component id="oc-9c">
         <name>.debug_info</name>
         <load_address>0xf9e1</load_address>
         <run_address>0xf9e1</run_address>
         <size>0x2a0</size>
         <input_file_ref idref="fl-14a"/>
      </object_component>
      <object_component id="oc-63">
         <name>.debug_info</name>
         <load_address>0xfc81</load_address>
         <run_address>0xfc81</run_address>
         <size>0x194</size>
         <input_file_ref idref="fl-14a"/>
      </object_component>
      <object_component id="oc-b4">
         <name>.debug_info</name>
         <load_address>0xfe15</load_address>
         <run_address>0xfe15</run_address>
         <size>0x39</size>
         <input_file_ref idref="fl-14a"/>
      </object_component>
      <object_component id="oc-b9">
         <name>.debug_info</name>
         <load_address>0xfe4e</load_address>
         <run_address>0xfe4e</run_address>
         <size>0xcd</size>
         <input_file_ref idref="fl-14a"/>
      </object_component>
      <object_component id="oc-b1">
         <name>.debug_info</name>
         <load_address>0xff1b</load_address>
         <run_address>0xff1b</run_address>
         <size>0x1c3</size>
         <input_file_ref idref="fl-14b"/>
      </object_component>
      <object_component id="oc-99">
         <name>.debug_info</name>
         <load_address>0x100de</load_address>
         <run_address>0x100de</run_address>
         <size>0x17f</size>
         <input_file_ref idref="fl-14b"/>
      </object_component>
      <object_component id="oc-f4">
         <name>.debug_info</name>
         <load_address>0x1025d</load_address>
         <run_address>0x1025d</run_address>
         <size>0x2c</size>
         <input_file_ref idref="fl-14b"/>
      </object_component>
      <object_component id="oc-363">
         <name>.debug_info</name>
         <load_address>0x10289</load_address>
         <run_address>0x10289</run_address>
         <size>0xd1</size>
         <input_file_ref idref="fl-14c"/>
      </object_component>
      <object_component id="oc-331">
         <name>.debug_info</name>
         <load_address>0x1035a</load_address>
         <run_address>0x1035a</run_address>
         <size>0xdd</size>
         <input_file_ref idref="fl-14c"/>
      </object_component>
      <object_component id="oc-2b6">
         <name>.debug_info</name>
         <load_address>0x10437</load_address>
         <run_address>0x10437</run_address>
         <size>0x12d</size>
         <input_file_ref idref="fl-14d"/>
      </object_component>
      <object_component id="oc-291">
         <name>.debug_info</name>
         <load_address>0x10564</load_address>
         <run_address>0x10564</run_address>
         <size>0x109</size>
         <input_file_ref idref="fl-14e"/>
      </object_component>
      <object_component id="oc-2a1">
         <name>.debug_info</name>
         <load_address>0x1066d</load_address>
         <run_address>0x1066d</run_address>
         <size>0x10b</size>
         <input_file_ref idref="fl-14e"/>
      </object_component>
      <object_component id="oc-29a">
         <name>.debug_info</name>
         <load_address>0x10778</load_address>
         <run_address>0x10778</run_address>
         <size>0x11b</size>
         <input_file_ref idref="fl-14f"/>
      </object_component>
      <object_component id="oc-295">
         <name>.debug_info</name>
         <load_address>0x10893</load_address>
         <run_address>0x10893</run_address>
         <size>0x11b</size>
         <input_file_ref idref="fl-150"/>
      </object_component>
      <object_component id="oc-2a5">
         <name>.debug_info</name>
         <load_address>0x109ae</load_address>
         <run_address>0x109ae</run_address>
         <size>0x10f</size>
         <input_file_ref idref="fl-151"/>
      </object_component>
      <object_component id="oc-31b">
         <name>.debug_info</name>
         <load_address>0x10abd</load_address>
         <run_address>0x10abd</run_address>
         <size>0x16f</size>
         <input_file_ref idref="fl-152"/>
      </object_component>
      <object_component id="oc-2ba">
         <name>.debug_info</name>
         <load_address>0x10c2c</load_address>
         <run_address>0x10c2c</run_address>
         <size>0x16f</size>
         <input_file_ref idref="fl-152"/>
      </object_component>
      <object_component id="oc-2b0">
         <name>.debug_info</name>
         <load_address>0x10d9b</load_address>
         <run_address>0x10d9b</run_address>
         <size>0x10d</size>
         <input_file_ref idref="fl-153"/>
      </object_component>
      <object_component id="oc-329">
         <name>.debug_info</name>
         <load_address>0x10ea8</load_address>
         <run_address>0x10ea8</run_address>
         <size>0x171</size>
         <input_file_ref idref="fl-154"/>
      </object_component>
      <object_component id="oc-2c1">
         <name>.debug_info</name>
         <load_address>0x11019</load_address>
         <run_address>0x11019</run_address>
         <size>0x166</size>
         <input_file_ref idref="fl-154"/>
      </object_component>
      <object_component id="oc-311">
         <name>.debug_info</name>
         <load_address>0x1117f</load_address>
         <run_address>0x1117f</run_address>
         <size>0x12f</size>
         <input_file_ref idref="fl-155"/>
      </object_component>
      <object_component id="oc-2aa">
         <name>.debug_info</name>
         <load_address>0x112ae</load_address>
         <run_address>0x112ae</run_address>
         <size>0x1a5</size>
         <input_file_ref idref="fl-155"/>
      </object_component>
      <object_component id="oc-32f">
         <name>.debug_info</name>
         <load_address>0x11453</load_address>
         <run_address>0x11453</run_address>
         <size>0xd4</size>
         <input_file_ref idref="fl-156"/>
      </object_component>
      <object_component id="oc-2d4">
         <name>.debug_info</name>
         <load_address>0x11527</load_address>
         <run_address>0x11527</run_address>
         <size>0x18e</size>
         <input_file_ref idref="fl-156"/>
      </object_component>
      <object_component id="oc-32b">
         <name>.debug_info</name>
         <load_address>0x116b5</load_address>
         <run_address>0x116b5</run_address>
         <size>0xd8</size>
         <input_file_ref idref="fl-157"/>
      </object_component>
      <object_component id="oc-2c6">
         <name>.debug_info</name>
         <load_address>0x1178d</load_address>
         <run_address>0x1178d</run_address>
         <size>0x1f7</size>
         <input_file_ref idref="fl-157"/>
      </object_component>
      <object_component id="oc-30a">
         <name>.debug_info</name>
         <load_address>0x11984</load_address>
         <run_address>0x11984</run_address>
         <size>0xcd</size>
         <input_file_ref idref="fl-158"/>
      </object_component>
      <object_component id="oc-28c">
         <name>.debug_info</name>
         <load_address>0x11a51</load_address>
         <run_address>0x11a51</run_address>
         <size>0x1dd</size>
         <input_file_ref idref="fl-158"/>
      </object_component>
      <object_component id="oc-287">
         <name>.debug_info</name>
         <load_address>0x11c2e</load_address>
         <run_address>0x11c2e</run_address>
         <size>0x168</size>
         <input_file_ref idref="fl-159"/>
      </object_component>
      <object_component id="oc-32d">
         <name>.debug_info</name>
         <load_address>0x11d96</load_address>
         <run_address>0x11d96</run_address>
         <size>0x122</size>
         <input_file_ref idref="fl-15a"/>
      </object_component>
      <object_component id="oc-2cb">
         <name>.debug_info</name>
         <load_address>0x11eb8</load_address>
         <run_address>0x11eb8</run_address>
         <size>0x157</size>
         <input_file_ref idref="fl-15a"/>
      </object_component>
      <object_component id="oc-34e">
         <name>.debug_info</name>
         <load_address>0x1200f</load_address>
         <run_address>0x1200f</run_address>
         <size>0x182</size>
         <input_file_ref idref="fl-15b"/>
      </object_component>
      <object_component id="oc-320">
         <name>.debug_info</name>
         <load_address>0x12191</load_address>
         <run_address>0x12191</run_address>
         <size>0x194</size>
         <input_file_ref idref="fl-15b"/>
      </object_component>
      <object_component id="oc-36c">
         <name>.debug_info</name>
         <load_address>0x12325</load_address>
         <run_address>0x12325</run_address>
         <size>0x86</size>
         <input_file_ref idref="fl-15b"/>
      </object_component>
      <object_component id="oc-347">
         <name>.debug_info</name>
         <load_address>0x123ab</load_address>
         <run_address>0x123ab</run_address>
         <size>0x16c</size>
         <input_file_ref idref="fl-15c"/>
      </object_component>
      <object_component id="oc-318">
         <name>.debug_info</name>
         <load_address>0x12517</load_address>
         <run_address>0x12517</run_address>
[...]
      </symbol>
      <symbol id="sm-322">
         <name>vPortSetupTimerInterrupt</name>
         <value>0x357f</value>
         <object_component_ref idref="oc-f9"/>
      </symbol>
      <symbol id="sm-323">
         <name>vPortEndScheduler</name>
         <value>0x3529</value>
         <object_component_ref idref="oc-f9"/>
      </symbol>
      <symbol id="sm-324">
         <name>xPortSysTickCount</name>
         <value>0x20003588</value>
         <object_component_ref idref="oc-163"/>
      </symbol>
      <symbol id="sm-325">
         <name>xPortSysTickHandler</name>
         <value>0x355d</value>
         <object_component_ref idref="oc-f9"/>
      </symbol>
      <symbol id="sm-326">
         <name>vPortYieldFromISR</name>
         <value>0x352b</value>
         <object_component_ref idref="oc-f9"/>
      </symbol>
      <symbol id="sm-327">
         <name>pxPortInitialiseStack</name>
         <value>0x34b9</value>
         <object_component_ref idref="oc-f9"/>
      </symbol>
      <symbol id="sm-328">
         <name>vPortExitCritical</name>
         <value>0x3545</value>
         <object_component_ref idref="oc-f9"/>
      </symbol>
      <symbol id="sm-329">
         <name>xPortStartScheduler</name>
         <value>0x3501</value>
         <object_component_ref idref="oc-f9"/>
      </symbol>
      <symbol id="sm-32a">
         <name>vPortEnterCritical</name>
         <value>0x3535</value>
         <object_component_ref idref="oc-f9"/>
      </symbol>
      <symbol id="sm-338">
         <name>vPortStartFirstTask</name>
         <value>0x3b27</value>
         <object_component_ref idref="oc-105"/>
      </symbol>
      <symbol id="sm-339">
         <name>xPortPendSVHandler</name>
         <value>0x3ab9</value>
         <object_component_ref idref="oc-105"/>
      </symbol>
      <symbol id="sm-33a">
         <name>vPortClearInterruptMask</name>
         <value>0x3b03</value>
         <object_component_ref idref="oc-105"/>
      </symbol>
      <symbol id="sm-33b">
         <name>ulPortSetInterruptMask</name>
         <value>0x3af5</value>
         <object_component_ref idref="oc-105"/>
      </symbol>
      <symbol id="sm-33c">
         <name>vPortSVCHandler</name>
         <value>0x3b09</value>
         <object_component_ref idref="oc-105"/>
      </symbol>
      <symbol id="sm-381">
         <name>vPortInitialiseBlocks</name>
         <value>0x2d4d</value>
         <object_component_ref idref="oc-115"/>
      </symbol>
      <symbol id="sm-382">
         <name>xPortGetFreeHeapSize</name>
         <value>0x2d47</value>
         <object_component_ref idref="oc-115"/>
      </symbol>
      <symbol id="sm-383">
         <name>pvPortMalloc</name>
         <value>0x2bbd</value>
         <object_component_ref idref="oc-115"/>
      </symbol>
      <symbol id="sm-384">
         <name>vPortFree</name>
         <value>0x2ce5</value>
         <object_component_ref idref="oc-115"/>
      </symbol>
      <symbol id="sm-394">
         <name>_c_int00</name>
         <value>0x40f9</value>
         <object_component_ref idref="oc-24"/>
      </symbol>
      <symbol id="sm-395">
         <name>__stack</name>
         <value>0x20002428</value>
         <object_component_ref idref="oc-29"/>
      </symbol>
      <symbol id="sm-3ac">
         <name>__TI_decompress_none</name>
         <value>0x4477</value>
         <object_component_ref idref="oc-12"/>
      </symbol>
      <symbol id="sm-3d4">
         <name>__TI_decompress_rle24</name>
         <value>0x44df</value>
         <object_component_ref idref="oc-18"/>
      </symbol>
      <symbol id="sm-3e6">
         <name>__TI_zero_init</name>
         <value>0x4485</value>
         <object_component_ref idref="oc-1e"/>
      </symbol>
      <symbol id="sm-405">
         <name>C$$EXIT</name>
         <value>0x4075</value>
         <object_component_ref idref="oc-6d"/>
      </symbol>
      <symbol id="sm-406">
         <name>abort</name>
         <value>0x4079</value>
         <object_component_ref idref="oc-6d"/>
      </symbol>
      <symbol id="sm-407">
         <name>exit</name>
         <value>0x4081</value>
         <object_component_ref idref="oc-6d"/>
      </symbol>
      <symbol id="sm-408">
         <name>__TI_dtors_ptr</name>
         <value>0x200035a0</value>
         <object_component_ref idref="oc-a8"/>
      </symbol>
      <symbol id="sm-409">
         <name>__TI_cleanup_ptr</name>
         <value>0x2000359c</value>
         <object_component_ref idref="oc-a8"/>
      </symbol>
      <symbol id="sm-424">
         <name>memcpy</name>
         <value>0x3889</value>
         <object_component_ref idref="oc-36"/>
      </symbol>
      <symbol id="sm-425">
         <name>__aeabi_memcpy</name>
         <value>0x3889</value>
         <object_component_ref idref="oc-36"/>
      </symbol>
      <symbol id="sm-426">
         <name>__aeabi_memcpy8</name>
         <value>0x3889</value>
         <object_component_ref idref="oc-36"/>
      </symbol>
      <symbol id="sm-427">
         <name>__aeabi_memcpy4</name>
         <value>0x3889</value>
         <object_component_ref idref="oc-36"/>
      </symbol>
      <symbol id="sm-436">
         <name>__aeabi_memset</name>
         <value>0x3b3b</value>
         <object_component_ref idref="oc-4f"/>
      </symbol>
      <symbol id="sm-437">
         <name>memset</name>
         <value>0x3b41</value>
         <object_component_ref idref="oc-4f"/>
      </symbol>
      <symbol id="sm-438">
         <name>__aeabi_memset8</name>
         <value>0x3b3b</value>
         <object_component_ref idref="oc-4f"/>
      </symbol>
      <symbol id="sm-439">
         <name>__aeabi_memset4</name>
         <value>0x3b3b</value>
         <object_component_ref idref="oc-4f"/>
      </symbol>
      <symbol id="sm-43a">
         <name>__aeabi_memclr8</name>
         <value>0x3b39</value>
         <object_component_ref idref="oc-4f"/>
      </symbol>
      <symbol id="sm-43b">
         <name>__aeabi_memclr4</name>
         <value>0x3b39</value>
         <object_component_ref idref="oc-4f"/>
      </symbol>
      <symbol id="sm-43c">
         <name>__aeabi_memclr</name>
         <value>0x3b39</value>
         <object_component_ref idref="oc-4f"/>
      </symbol>
      <symbol id="sm-446">
         <name>_system_pre_init</name>
         <value>0x44e5</value>
         <object_component_ref idref="oc-5b"/>
      </symbol>
      <symbol id="sm-45f">
         <name>sprintf</name>
         <value>0x3d5d</value>
         <object_component_ref idref="oc-157"/>
      </symbol>
      <symbol id="sm-467">
         <name>main_func_sp</name>
         <value>0x200035b4</value>
         <object_component_ref idref="oc-73"/>
      </symbol>
      <symbol id="sm-480">
         <name>_nop</name>
         <value>0x4407</value>
         <object_component_ref idref="oc-e4"/>
      </symbol>
      <symbol id="sm-481">
         <name>_lock</name>
         <value>0x20003594</value>
         <object_component_ref idref="oc-a5"/>
      </symbol>
      <symbol id="sm-482">
         <name>_unlock</name>
         <value>0x20003598</value>
         <object_component_ref idref="oc-a5"/>
      </symbol>
      <symbol id="sm-483">
         <name>_register_lock</name>
         <value>0x43ff</value>
         <object_component_ref idref="oc-e4"/>
      </symbol>
      <symbol id="sm-484">
         <name>_register_unlock</name>
         <value>0x43f9</value>
         <object_component_ref idref="oc-e4"/>
      </symbol>
      <symbol id="sm-589">
         <name>__TI_printfi</name>
         <value>0xe85</value>
         <object_component_ref idref="oc-21e"/>
      </symbol>
      <symbol id="sm-59e">
         <name>_args_main</name>
         <value>0x438d</value>
         <object_component_ref idref="oc-67"/>
      </symbol>
      <symbol id="sm-5b4">
         <name>atoi</name>
         <value>0x3ec5</value>
         <object_component_ref idref="oc-2d6"/>
      </symbol>
      <symbol id="sm-5da">
         <name>__TI_auto_init</name>
         <value>0x3c21</value>
         <object_component_ref idref="oc-61"/>
      </symbol>
      <symbol id="sm-5f4">
         <name>copy_in</name>
         <value>0x3f11</value>
         <object_component_ref idref="oc-95"/>
      </symbol>
      <symbol id="sm-5ff">
         <name>_ctypes_</name>
         <value>0x46c8</value>
         <object_component_ref idref="oc-330"/>
      </symbol>
      <symbol id="sm-623">
         <name>__aeabi_dsub</name>
         <value>0x2a05</value>
         <object_component_ref idref="oc-2b3"/>
      </symbol>
      <symbol id="sm-624">
         <name>__aeabi_dadd</name>
         <value>0x2a0f</value>
         <object_component_ref idref="oc-2b3"/>
      </symbol>
      <symbol id="sm-64b">
         <name>__aeabi_cdcmpeq</name>
         <value>0x39ad</value>
         <object_component_ref idref="oc-28f"/>
      </symbol>
      <symbol id="sm-64c">
         <name>__aeabi_cdcmple</name>
         <value>0x39ad</value>
         <object_component_ref idref="oc-28f"/>
      </symbol>
      <symbol id="sm-64d">
         <name>__aeabi_cdrcmple</name>
         <value>0x3a33</value>
         <object_component_ref idref="oc-29e"/>
      </symbol>
      <symbol id="sm-66d">
         <name>__aeabi_ddiv</name>
         <value>0x304d</value>
         <object_component_ref idref="oc-299"/>
      </symbol>
      <symbol id="sm-684">
         <name>__aeabi_dmul</name>
         <value>0x33bd</value>
         <object_component_ref idref="oc-294"/>
      </symbol>
      <symbol id="sm-692">
         <name>__aeabi_d2iz</name>
         <value>0x3f5d</value>
         <object_component_ref idref="oc-2a3"/>
      </symbol>
      <symbol id="sm-69f">
         <name>frexp</name>
         <value>0x4311</value>
         <object_component_ref idref="oc-2b8"/>
      </symbol>
      <symbol id="sm-6ab">
         <name>__aeabi_i2d</name>
         <value>0x4261</value>
         <object_component_ref idref="oc-2ae"/>
      </symbol>
      <symbol id="sm-6bc">
         <name>ldexp</name>
         <value>0x3fa5</value>
         <object_component_ref idref="oc-2be"/>
      </symbol>
      <symbol id="sm-6cb">
         <name>ltoa</name>
         <value>0x3e6d</value>
         <object_component_ref idref="oc-2a8"/>
      </symbol>
      <symbol id="sm-6db">
         <name>memccpy</name>
         <value>0x4371</value>
         <object_component_ref idref="oc-2d0"/>
      </symbol>
      <symbol id="sm-6eb">
         <name>strchr</name>
         <value>0x43bb</value>
         <object_component_ref idref="oc-2c4"/>
      </symbol>
      <symbol id="sm-6f9">
         <name>strlen</name>
         <value>0x440d</value>
         <object_component_ref idref="oc-289"/>
      </symbol>
      <symbol id="sm-723">
         <name>__aeabi_uldivmod</name>
         <value>0x263d</value>
         <object_component_ref idref="oc-284"/>
      </symbol>
      <symbol id="sm-731">
         <name>_Dclass</name>
         <value>0x42e7</value>
         <object_component_ref idref="oc-2ca"/>
      </symbol>
      <symbol id="sm-752">
         <name>_Dscale</name>
         <value>0x32ad</value>
         <object_component_ref idref="oc-31c"/>
      </symbol>
      <symbol id="sm-766">
         <name>_Dunscale</name>
         <value>0x3cf7</value>
         <object_component_ref idref="oc-314"/>
      </symbol>
      <symbol id="sm-775">
         <name>_Feraise</name>
         <value>0x41d5</value>
         <object_component_ref idref="oc-322"/>
      </symbol>
      <symbol id="sm-785">
         <name>_Rteps</name>
         <value>0x20003538</value>
         <object_component_ref idref="oc-34a"/>
      </symbol>
      <symbol id="sm-786">
         <name>_Zero</name>
         <value>0x20003550</value>
         <object_component_ref idref="oc-34a"/>
      </symbol>
      <symbol id="sm-787">
         <name>_Hugeval</name>
         <value>0x200034f8</value>
         <object_component_ref idref="oc-34a"/>
      </symbol>
      <symbol id="sm-788">
         <name>_Snan</name>
         <value>0x20003528</value>
         <object_component_ref idref="oc-34a"/>
      </symbol>
      <symbol id="sm-789">
         <name>_Nan</name>
         <value>0x20003518</value>
         <object_component_ref idref="oc-34a"/>
      </symbol>
      <symbol id="sm-78a">
         <name>_Inf</name>
         <value>0x20003508</value>
         <object_component_ref idref="oc-34a"/>
      </symbol>
      <symbol id="sm-78b">
         <name>_Xbig</name>
         <value>0x20003548</value>
         <object_component_ref idref="oc-34a"/>
      </symbol>
      <symbol id="sm-78c">
         <name>_Eps</name>
         <value>0x200034e8</value>
         <object_component_ref idref="oc-34a"/>
      </symbol>
      <symbol id="sm-78d">
         <name>_Denorm</name>
         <value>0x200034d8</value>
         <object_component_ref idref="oc-34a"/>
      </symbol>
      <symbol id="sm-795">
         <name>_Errno</name>
         <value>0x200035b0</value>
         <object_component_ref idref="oc-355"/>
      </symbol>
      <symbol id="sm-7b3">
         <name>feraiseexcept</name>
         <value>0x41a1</value>
         <object_component_ref idref="oc-34f"/>
      </symbol>
      <symbol id="sm-7b4">
         <name>_Tls_setup__Fenv</name>
         <value>0x200035a8</value>
         <object_component_ref idref="oc-379"/>
      </symbol>
      <symbol id="sm-7b5">
         <name>_Fenv</name>
         <value>0x200035a4</value>
         <object_component_ref idref="oc-379"/>
      </symbol>
      <symbol id="sm-7c9">
         <name>raise</name>
         <value>0x428f</value>
         <object_component_ref idref="oc-373"/>
      </symbol>
      <symbol id="sm-7e3">
         <name>signal</name>
         <value>0x40b9</value>
         <object_component_ref idref="oc-383"/>
      </symbol>
      <symbol id="sm-7f8">
         <name>_Dnorm</name>
         <value>0x3671</value>
         <object_component_ref idref="oc-340"/>
      </symbol>
      <symbol id="sm-81d">
         <name>SysTickEnable</name>
         <value>0x43d1</value>
         <object_component_ref idref="oc-138"/>
      </symbol>
      <symbol id="sm-81e">
         <name>SysTickIntRegister</name>
         <value>0x4355</value>
         <object_component_ref idref="oc-130"/>
      </symbol>
      <symbol id="sm-81f">
         <name>SysTickIntEnable</name>
         <value>0x43e5</value>
         <object_component_ref idref="oc-134"/>
      </symbol>
      <symbol id="sm-8b2">
         <name>SysCtlClockSet</name>
         <value>0x2f09</value>
         <object_component_ref idref="oc-128"/>
      </symbol>
      <symbol id="sm-8b3">
         <name>SysCtlDelay</name>
         <value>0x44d9</value>
         <object_component_ref idref="oc-1d5"/>
      </symbol>
      <symbol id="sm-8b4">
         <name>SysCtlPeripheralEnable</name>
         <value>0x3e15</value>
         <object_component_ref idref="oc-143"/>
      </symbol>
      <symbol id="sm-8b5">
         <name>SysCtlClockGet</name>
         <value>0x2d71</value>
         <object_component_ref idref="oc-1f3"/>
      </symbol>
      <symbol id="sm-8b6">
         <name>SysCtlPeripheralDisable</name>
         <value>0x3dbd</value>
         <object_component_ref idref="oc-153"/>
      </symbol>
      <symbol id="sm-8b7">
         <name>SysCtlPeripheralReset</name>
         <value>0x3925</value>
         <object_component_ref idref="oc-14f"/>
      </symbol>
      <symbol id="sm-8eb">
         <name>SSIDataPut</name>
         <value>0x44a7</value>
         <object_component_ref idref="oc-1e8"/>
      </symbol>
      <symbol id="sm-8ec">
         <name>SSIDataGetNonBlocking</name>
         <value>0x4457</value>
         <object_component_ref idref="oc-203"/>
      </symbol>
      <symbol id="sm-8ed">
         <name>SSIConfigSetExpClk</name>
         <value>0x3feb</value>
         <object_component_ref idref="oc-1f7"/>
      </symbol>
      <symbol id="sm-8ee">
         <name>SSIEnable</name>
         <value>0x44bb</value>
         <object_component_ref idref="oc-1ff"/>
      </symbol>
      <symbol id="sm-8ef">
         <name>SSIBusy</name>
         <value>0x44c5</value>
         <object_component_ref idref="oc-1e4"/>
      </symbol>
      <symbol id="sm-8f0">
         <name>SSIDisable</name>
         <value>0x44b1</value>
         <object_component_ref idref="oc-1ef"/>
      </symbol>
      <symbol id="sm-906">
         <name>IntRegister</name>
         <value>0x416d</value>
         <object_component_ref idref="oc-12c"/>
      </symbol>
      <symbol id="sm-907">
         <name>g_pfnRAMVectors</name>
         <value>0x20000000</value>
         <object_component_ref idref="oc-1dc"/>
      </symbol>
      <symbol id="sm-94c">
         <name>GPIOPinTypeGPIOInput</name>
         <value>0x4421</value>
         <object_component_ref idref="oc-147"/>
      </symbol>
      <symbol id="sm-94d">
         <name>GPIOPinTypeGPIOOutput</name>
         <value>0x4433</value>
         <object_component_ref idref="oc-16e"/>
      </symbol>
      <symbol id="sm-94e">
         <name>GPIOPinRead</name>
         <value>0x44cd</value>
         <object_component_ref idref="oc-14b"/>
      </symbol>
      <symbol id="sm-94f">
         <name>GPIODirModeSet</name>
         <value>0x4233</value>
         <object_component_ref idref="oc-215"/>
      </symbol>
      <symbol id="sm-950">
         <name>GPIOPinWrite</name>
         <value>0x44d3</value>
         <object_component_ref idref="oc-172"/>
      </symbol>
      <symbol id="sm-951">
         <name>GPIOPadConfigSet</name>
         <value>0x35a9</value>
         <object_component_ref idref="oc-178"/>
      </symbol>
      <symbol id="sm-952">
         <name>GPIOPinTypeSSI</name>
         <value>0x4445</value>
         <object_component_ref idref="oc-1fb"/>
      </symbol>
      <symbol id="sm-98f">
         <name>ADCProcessorTrigger</name>
         <value>0x43a5</value>
         <object_component_ref idref="oc-18c"/>
      </symbol>
      <symbol id="sm-990">
         <name>ADCSequenceEnable</name>
         <value>0x4469</value>
         <object_component_ref idref="oc-184"/>
      </symbol>
      <symbol id="sm-991">
         <name>ADCSequenceConfigure</name>
         <value>0x42bd</value>
         <object_component_ref idref="oc-17c"/>
      </symbol>
      <symbol id="sm-992">
         <name>ADCSequenceStepConfigure</name>
         <value>0x3bb3</value>
         <object_component_ref idref="oc-180"/>
      </symbol>
      <symbol id="sm-993">
         <name>ADCIntClear</name>
         <value>0x449d</value>
         <object_component_ref idref="oc-188"/>
      </symbol>
      <symbol id="sm-994">
         <name>ADCIntStatus</name>
         <value>0x4205</value>
         <object_component_ref idref="oc-190"/>
      </symbol>
      <symbol id="sm-995">
         <name>ADCSequenceDataGet</name>
         <value>0x4333</value>
         <object_component_ref idref="oc-194"/>
      </symbol>
      <symbol id="sm-996">
         <name>__TI_static_base__</name>
         <value>0x0</value>
      </symbol>
      <symbol id="sm-999">
         <name>SHT$$INIT_ARRAY$$Limit</name>
         <value>0x0</value>
      </symbol>
      <symbol id="sm-99a">
         <name>SHT$$INIT_ARRAY$$Base</name>
         <value>0x0</value>
      </symbol>
   </symbol_table>
   <title>Link successful</title>
</link_info>
