******************************************************************************
                  TI ARM Linker PC v5.2.2                      
******************************************************************************
>> Linked Tue Apr 05 11:20:17 2016

OUTPUT FILE NAME:   <EECS_388_P4.out>
ENTRY POINT SYMBOL: "_c_int00"  address: 000040f9


MEMORY CONFIGURATION

         name            origin    length      used     unused   attr    fill
----------------------  --------  ---------  --------  --------  ----  --------
  FLASH                 00000000   00040000  0000495c  0003b6a4  R  X
  SRAM                  20000000   00010000  000035b4  0000ca4c  RW X


SEGMENT ALLOCATION MAP

run origin  load origin   length   init length attrs members
----------  ----------- ---------- ----------- ----- -------
00000000    00000000    00004960   00004960    r-x
  00000000    00000000    000000f0   000000f0    r-- .intvecs
  000000f0    000000f0    000043f8   000043f8    r-x .text
  000044e8    000044e8    000003ec   000003ec    r-- .const
  000048d8    000048d8    00000088   00000088    r-- .cinit
20000000    20000000    000035b8   00000000    rw-
  20000000    20000000    0000026c   00000000    rw- .vtable
  20000270    20000270    000021b8   00000000    rw- .bss
  20002428    20002428    00001000   00000000    rw- .stack
  20003428    20003428    00000190   00000000    rw- .data


SECTION ALLOCATION MAP

 output                                  attributes/
section   page    origin      length       input sections
--------  ----  ----------  ----------   ----------------
.intvecs   0    00000000    000000f0     
                  00000000    000000f0     lm3s1968_startup_ccs.obj (.intvecs)

.text      0    000000f0    000043f8     
                  000000f0    0000109a     rtsv7M3_T_le_eabi.lib : _printfi.obj (.text)
                  0000118a    00000002     --HOLE-- [fill = 0]
                  0000118c    00000900     tasks.obj (.text)
                  00001a8c    000006a0     queue.obj (.text)
                  0000212c    00000510     rit128x96x4.obj (.text)
                  0000263c    000001f4     rtsv7M3_T_le_eabi.lib : ull_div_t2.obj (.text)
                  00002830    000001d4     oled.obj (.text)
                  00002a04    000001b6     rtsv7M3_T_le_eabi.lib : fd_add_t2.obj (.text)
                  00002bba    00000002     --HOLE-- [fill = 0]
                  00002bbc    000001b4     heap_2.obj (.text)
                  00002d70    00000198     driverlib-cm3.lib : sysctl.obj (.text:SysCtlClockGet)
                  00002f08    00000144                       : sysctl.obj (.text:SysCtlClockSet)
                  0000304c    00000136     rtsv7M3_T_le_eabi.lib : fd_div_t2.obj (.text)
                  00003182    0000012a     list.obj (.text)
                  000032ac    00000110     rtsv7M3_T_le_eabi.lib : xdscale.obj (.text)
                  000033bc    000000fc                           : fd_mul_t2.obj (.text)
                  000034b8    000000f0     port.obj (.text)
                  000035a8    000000c8     driverlib-cm3.lib : gpio.obj (.text:GPIOPadConfigSet)
                  00003670    000000be     rtsv7M3_T_le_eabi.lib : xdnorm.obj (.text)
                  0000372e    00000002     --HOLE-- [fill = 0]
                  00003730    000000bc     potentiometer.obj (.text)
                  000037ec    0000009c     main.obj (.text)
                  00003888    0000009c     rtsv7M3_T_le_eabi.lib : memcpy_t2.obj (.text)
                  00003924    00000088     driverlib-cm3.lib : sysctl.obj (.text:SysCtlPeripheralReset)
                  000039ac    00000086     rtsv7M3_T_le_eabi.lib : fd_cmp_t2.obj (.text:__aeabi_cdcmple)
                  00003a32    00000086                           : fd_cmp_t2.obj (.text:__aeabi_cdrcmple)
                  00003ab8    00000080     portasm.obj (.text)
                  00003b38    0000007a     rtsv7M3_T_le_eabi.lib : memset_t2.obj (.text)
                  00003bb2    0000006c     driverlib-cm3.lib : adc.obj (.text:ADCSequenceStepConfigure)
                  00003c1e    00000002     --HOLE-- [fill = 0]
                  00003c20    0000006c     rtsv7M3_T_le_eabi.lib : autoinit.obj (.text)
                  00003c8c    0000006a                           : copy_decompress_rle.obj (.text)
                  00003cf6    00000066                           : xdunscal.obj (.text)
                  00003d5c    00000060                           : sprintf.obj (.text)
                  00003dbc    00000058     driverlib-cm3.lib : sysctl.obj (.text:SysCtlPeripheralDisable)
                  00003e14    00000058                       : sysctl.obj (.text:SysCtlPeripheralEnable)
                  00003e6c    00000056     rtsv7M3_T_le_eabi.lib : ltoa.obj (.text)
                  00003ec2    00000002     --HOLE-- [fill = 0]
                  00003ec4    0000004c                           : atoi.obj (.text)
                  00003f10    0000004c                           : cpy_tbl.obj (.text)
                  00003f5c    00000048                           : fd_toi_t2.obj (.text)
                  00003fa4    00000046                           : ldexp.obj (.text)
                  00003fea    00000044     driverlib-cm3.lib : ssi.obj (.text:SSIConfigSetExpClk)
                  0000402e    00000002     --HOLE-- [fill = 0]
                  00004030    00000044     led.obj (.text)
                  00004074    00000044     rtsv7M3_T_le_eabi.lib : exit.obj (.text)
                  000040b8    00000040                           : signal.obj (.text)
                  000040f8    0000003c                           : boot.obj (.text)
                  00004134    00000038     system.obj (.text)
                  0000416c    00000034     driverlib-cm3.lib : interrupt.obj (.text:IntRegister)
                  000041a0    00000034     rtsv7M3_T_le_eabi.lib : feraiseexcept.obj (.text)
                  000041d4    00000030                           : xferaise.obj (.text)
                  00004204    0000002e     driverlib-cm3.lib : adc.obj (.text:ADCIntStatus)
                  00004232    0000002e                       : gpio.obj (.text:GPIODirModeSet)
                  00004260    0000002e     rtsv7M3_T_le_eabi.lib : i_tofd_t2.obj (.text)
                  0000428e    0000002e                           : raise.obj (.text)
                  000042bc    0000002a     driverlib-cm3.lib : adc.obj (.text:ADCSequenceConfigure)
                  000042e6    0000002a     rtsv7M3_T_le_eabi.lib : xdclass.obj (.text)
                  00004310    00000022                           : frexp.obj (.text)
                  00004332    00000020     driverlib-cm3.lib : adc.obj (.text:ADCSequenceDataGet)
                  00004352    00000002     --HOLE-- [fill = 0]
                  00004354    0000001c                       : systick.obj (.text:SysTickIntRegister)
                  00004370    0000001a     rtsv7M3_T_le_eabi.lib : memccpy.obj (.text)
                  0000438a    00000002     --HOLE-- [fill = 0]
                  0000438c    00000018                           : args_main.obj (.text)
                  000043a4    00000016     driverlib-cm3.lib : adc.obj (.text:ADCProcessorTrigger)
                  000043ba    00000016     rtsv7M3_T_le_eabi.lib : strchr.obj (.text)
                  000043d0    00000014     driverlib-cm3.lib : systick.obj (.text:SysTickEnable)
                  000043e4    00000014                       : systick.obj (.text:SysTickIntEnable)
                  000043f8    00000014     rtsv7M3_T_le_eabi.lib : _lock.obj (.text)
                  0000440c    00000014                           : strlen.obj (.text)
                  00004420    00000012     driverlib-cm3.lib : gpio.obj (.text:GPIOPinTypeGPIOInput)
                  00004432    00000012                       : gpio.obj (.text:GPIOPinTypeGPIOOutput)
                  00004444    00000012                       : gpio.obj (.text:GPIOPinTypeSSI)
                  00004456    00000012                       : ssi.obj (.text:SSIDataGetNonBlocking)
                  00004468    0000000e                       : adc.obj (.text:ADCSequenceEnable)
                  00004476    0000000e     rtsv7M3_T_le_eabi.lib : copy_decompress_none.obj (.text:decompress:none)
                  00004484    0000000c                           : copy_zero_init.obj (.text:decompress:ZI)
                  00004490    0000000c     lm3s1968_startup_ccs.obj (.text)
                  0000449c    0000000a     driverlib-cm3.lib : adc.obj (.text:ADCIntClear)
                  000044a6    0000000a                       : ssi.obj (.text:SSIDataPut)
                  000044b0    0000000a                       : ssi.obj (.text:SSIDisable)
                  000044ba    0000000a                       : ssi.obj (.text:SSIEnable)
                  000044c4    00000008                       : ssi.obj (.text:SSIBusy)
                  000044cc    00000006                       : gpio.obj (.text:GPIOPinRead)
                  000044d2    00000006                       : gpio.obj (.text:GPIOPinWrite)
                  000044d8    00000006                       : sysctl.obj (.text:SysCtlDelay)
                  000044de    00000006     rtsv7M3_T_le_eabi.lib : copy_decompress_rle.obj (.text:decompress:rle24)
                  000044e4    00000004                           : pre_init.obj (.text)

.const     0    000044e8    000003ec     
                  000044e8    000001e0     rit128x96x4.obj (.const:g_pucFont)
                  000046c8    00000101     rtsv7M3_T_le_eabi.lib : ctype.obj (.const:.string:_ctypes_)
                  000047c9    00000001     --HOLE-- [fill = 0]
                  000047ca    00000002     heap_2.obj (.const)
                  000047cc    0000006c     driverlib-cm3.lib : sysctl.obj (.const:g_pulXtals)
                  00004838    0000004f     rit128x96x4.obj (.const:.string:g_pucRIT128x96x4Init)
                  00004887    00000001     --HOLE-- [fill = 0]
                  00004888    00000040     driverlib-cm3.lib : sysctl.obj (.const)
                  000048c8    0000000c     rit128x96x4.obj (.const:.string)

.cinit     0    000048d8    00000088     
                  000048d8    00000051     (.cinit..data.load) [load image, compression = rle]
                  00004929    00000003     --HOLE-- [fill = 0]
                  0000492c    0000000c     (__TI_handler_table)
                  00004938    00000008     (.cinit..bss.load) [load image, compression = zero_init]
                  00004940    00000008     (.cinit..vtable.load) [load image, compression = zero_init]
                  00004948    00000018     (__TI_cinit_table)

.init_array 
*          0    00000000    00000000     UNINITIALIZED

.vtable    0    20000000    0000026c     UNINITIALIZED
                  20000000    0000026c     driverlib-cm3.lib : interrupt.obj (.vtable)

.bss       0    20000270    000021b8     UNINITIALIZED
                  20000270    00002000     heap_2.obj (.bss:xHeap)
                  20002270    00000100     lm3s1968_startup_ccs.obj (.bss:pulStack)
                  20002370    00000050     tasks.obj (.bss:pxReadyTasksLists)
                  200023c0    00000014     (.common:xDelayedTaskList1)
                  200023d4    00000014     (.common:xDelayedTaskList2)
                  200023e8    00000014     (.common:xPendingReadyList)
                  200023fc    00000008     (.common:g_pucBuffer)
                  20002404    00000008     (.common:xEnd)
                  2000240c    00000008     (.common:xStart)
                  20002414    00000004     (.common:g_ulSSIFlags)
                  20002418    00000004     (.common:pxDelayedTaskList)
                  2000241c    00000004     (.common:pxOverflowDelayedTaskList)
                  20002420    00000004     (.common:sample)
                  20002424    00000004     (.common:sampleQueue)

.TI.noinit 
*          0    20000270    00000000     UNINITIALIZED

.stack     0    20002428    00001000     UNINITIALIZED
                  20002428    00001000     --HOLE--

.data      0    20003428    00000190     UNINITIALIZED
                  20003428    000000b0     rtsv7M3_T_le_eabi.lib : signal.obj (.data:sigtable)
                  200034d8    00000080                           : xvalues.obj (.data)
                  20003558    0000002c     tasks.obj (.data)
                  20003584    00000008     port.obj (.data)
                  2000358c    00000008     heap_2.obj (.data)
                  20003594    00000008     rtsv7M3_T_le_eabi.lib : _lock.obj (.data)
                  2000359c    00000008                           : exit.obj (.data)
                  200035a4    00000008                           : feraiseexcept.obj (.data)
                  200035ac    00000004     oled.obj (.data)
                  200035b0    00000004     rtsv7M3_T_le_eabi.lib : errno.obj (.data)
                  200035b4    00000004                           : stkdepth_vars.obj (.data)

.TI.persistent 
*          0    20003428    00000000     UNINITIALIZED


LINKER GENERATED COPY TABLES

__TI_cinit_table @ 00004948 records: 3, size/record: 8, table size: 24
	.data: load addr=000048d8, load size=00000051 bytes, run addr=20003428, run size=00000190 bytes, compression=rle
	.bss: load addr=00004938, load size=00000008 bytes, run addr=20000270, run size=000021b8 bytes, compression=zero_init
	.vtable: load addr=00004940, load size=00000008 bytes, run addr=20000000, run size=0000026c bytes, compression=zero_init


LINKER GENERATED HANDLER TABLE

__TI_handler_table @ 0000492c records: 3, size/record: 4, table size: 12
	index: 0, handler: __TI_zero_init
	index: 1, handler: __TI_decompress_rle24
	index: 2, handler: __TI_decompress_none


GLOBAL SYMBOLS: SORTED ALPHABETICALLY BY Name 

address   name                             
-------   ----                             
0000449d  ADCIntClear                      
00004205  ADCIntStatus                     
000043a5  ADCProcessorTrigger              
000042bd  ADCSequenceConfigure             
00004333  ADCSequenceDataGet               
00004469  ADCSequenceEnable                
00003bb3  ADCSequenceStepConfigure         
00004075  C$$EXIT                          
00004233  GPIODirModeSet                   
000035a9  GPIOPadConfigSet                 
000044cd  GPIOPinRead                      
00004421  GPIOPinTypeGPIOInput             
00004433  GPIOPinTypeGPIOOutput            
00004445  GPIOPinTypeSSI                   
000044d3  GPIOPinWrite                     
0000416d  IntRegister                      
00004031  LEDTask                          
00002939  OLEDTask                         
00002235  RIT128x96x4Clear                 
000024b3  RIT128x96x4Disable               
00002605  RIT128x96x4DisplayOff            
000025d1  RIT128x96x4DisplayOn             
00002459  RIT128x96x4Enable                
000023d1  RIT128x96x4ImageDraw             
0000252d  RIT128x96x4Init                  
00002291  RIT128x96x4StringDraw            
00004491  ResetISR                         
UNDEFED   SHT$$INIT_ARRAY$$Base            
UNDEFED   SHT$$INIT_ARRAY$$Limit           
000044c5  SSIBusy                          
00003feb  SSIConfigSetExpClk               
00004457  SSIDataGetNonBlocking            
000044a7  SSIDataPut                       
000044b1  SSIDisable                       
000044bb  SSIEnable                        
00003731  SamplingTask                     
00002d71  SysCtlClockGet                   
00002f09  SysCtlClockSet                   
000044d9  SysCtlDelay                      
00003dbd  SysCtlPeripheralDisable          
00003e15  SysCtlPeripheralEnable           
00003925  SysCtlPeripheralReset            
000043d1  SysTickEnable                    
000043e5  SysTickIntEnable                 
00004355  SysTickIntRegister               
000042e7  _Dclass                          
200034d8  _Denorm                          
00003671  _Dnorm                           
000032ad  _Dscale                          
00003cf7  _Dunscale                        
200034e8  _Eps                             
200035b0  _Errno                           
200035a4  _Fenv                            
000041d5  _Feraise                         
200034f8  _Hugeval                         
20003508  _Inf                             
20003518  _Nan                             
20003538  _Rteps                           
20003528  _Snan                            
200035a8  _Tls_setup__Fenv                 
20003548  _Xbig                            
20003550  _Zero                            
20003428  __STACK_END                      
00001000  __STACK_SIZE                     
20002628  __STACK_TOP                      
00004948  __TI_CINIT_Base                  
00004960  __TI_CINIT_Limit                 
0000492c  __TI_Handler_Table_Base          
00004938  __TI_Handler_Table_Limit         
00003c21  __TI_auto_init                   
2000359c  __TI_cleanup_ptr                 
00004477  __TI_decompress_none             
000044df  __TI_decompress_rle24            
200035a0  __TI_dtors_ptr                   
00000e85  __TI_printfi                     
00000000  __TI_static_base__               
00004485  __TI_zero_init                   
000039ad  __aeabi_cdcmpeq                  
000039ad  __aeabi_cdcmple                  
00003a33  __aeabi_cdrcmple                 
00003f5d  __aeabi_d2iz                     
00002a0f  __aeabi_dadd                     
0000304d  __aeabi_ddiv                     
000033bd  __aeabi_dmul                     
00002a05  __aeabi_dsub                     
00004261  __aeabi_i2d                      
00003b39  __aeabi_memclr                   
00003b39  __aeabi_memclr4                  
00003b39  __aeabi_memclr8                  
00003889  __aeabi_memcpy                   
00003889  __aeabi_memcpy4                  
00003889  __aeabi_memcpy8                  
00003b3b  __aeabi_memset                   
00003b3b  __aeabi_memset4                  
00003b3b  __aeabi_memset8                  
0000263d  __aeabi_uldivmod                 
ffffffff  __binit__                        
ffffffff  __c_args__                       
20002428  __stack                          
0000438d  _args_main                       
000040f9  _c_int00                         
000046c8  _ctypes_                         
20003594  _lock                            
00004407  _nop                             
000043ff  _register_lock                   
000043f9  _register_unlock                 
000044e5  _system_pre_init                 
20003598  _unlock                          
00004079  abort                            
00003ec5  atoi                             
ffffffff  binit                            
00003f11  copy_in                          
00004081  exit                             
000041a1  feraiseexcept                    
00004311  frexp                            
20000000  g_pfnRAMVectors                  
00000000  g_pfnVectors                     
00003fa5  ldexp                            
00003e6d  ltoa                             
000037ed  main                             
200035b4  main_func_sp                     
00004371  memccpy                          
00003889  memcpy                           
00003b41  memset                           
00002bbd  pvPortMalloc                     
20003558  pxCurrentTCB                     
20002418  pxDelayedTaskList                
2000241c  pxOverflowDelayedTaskList        
000034b9  pxPortInitialiseStack            
20002370  pxReadyTasksLists                
0000428f  raise                            
20002420  sample                           
20002424  sampleQueue                      
000040b9  signal                           
00003d5d  sprintf                          
00002831  startScreen                      
000043bb  strchr                           
0000440d  strlen                           
00004135  systemInit                       
00003af5  ulPortSetInterruptMask           
2000355c  uxCurrentNumberOfTasks           
00003265  uxListRemove                     
2000356c  uxPendedTicks                    
00001ee1  uxQueueMessagesWaiting           
00001f17  uxQueueMessagesWaitingFromISR    
00001ef7  uxQueueSpacesAvailable           
000014d5  uxTaskGetNumberOfTasks           
20003578  uxTaskNumber                     
00001a47  uxTaskResetEventItemValue        
20003564  uxTopReadyPriority               
00003183  vListInitialise                  
000031b3  vListInitialiseItem              
000031ff  vListInsert                      
000031c3  vListInsertEnd                   
00003b03  vPortClearInterruptMask          
00003529  vPortEndScheduler                
00003535  vPortEnterCritical               
00003545  vPortExitCritical                
00002ce5  vPortFree                        
00002d4d  vPortInitialiseBlocks            
00003b09  vPortSVCHandler                  
0000357f  vPortSetupTimerInterrupt         
00003b27  vPortStartFirstTask              
0000352b  vPortYieldFromISR                
00001f29  vQueueDelete                     
00001323  vTaskDelay                       
00001297  vTaskDelayUntil                  
000013a9  vTaskEndScheduler                
0000189f  vTaskMissedYield                 
00001685  vTaskPlaceOnEventList            
000016c5  vTaskPlaceOnUnorderedEventList   
0000180f  vTaskSetTimeOutState             
00001363  vTaskStartScheduler              
000013bb  vTaskSuspendAll                  
00001601  vTaskSwitchContext               
200023c0  xDelayedTaskList1                
200023d4  xDelayedTaskList2                
2000357c  xNextTaskUnblockTime             
20003574  xNumOfOverflows                  
200023e8  xPendingReadyList                
00002d47  xPortGetFreeHeapSize             
00003ab9  xPortPendSVHandler               
00003501  xPortStartScheduler              
20003588  xPortSysTickCount                
0000355d  xPortSysTickHandler              
00001b1d  xQueueGenericCreate              
00001d09  xQueueGenericReceive             
00001a8d  xQueueGenericReset               
00001b81  xQueueGenericSend                
00001c7f  xQueueGenericSendFromISR         
000020c9  xQueueIsQueueEmptyFromISR        
0000210b  xQueueIsQueueFullFromISR         
00001e9d  xQueuePeekFromISR                
00001e25  xQueueReceiveFromISR             
20003568  xSchedulerRunning                
00001835  xTaskCheckForTimeOut             
0000118d  xTaskGenericCreate               
000014a1  xTaskGetTickCount                
000014bd  xTaskGetTickCountFromISR         
000014e1  xTaskIncrementTick               
0000170b  xTaskRemoveFromEventList         
00001799  xTaskRemoveFromUnorderedEventList
000013c5  xTaskResumeAll                   
20003560  xTickCount                       
20003570  xYieldPending                    


GLOBAL SYMBOLS: SORTED BY Symbol Address 

address   name                             
-------   ----                             
00000000  __TI_static_base__               
00000000  g_pfnVectors                     
00000e85  __TI_printfi                     
00001000  __STACK_SIZE                     
0000118d  xTaskGenericCreate               
00001297  vTaskDelayUntil                  
00001323  vTaskDelay                       
00001363  vTaskStartScheduler              
000013a9  vTaskEndScheduler                
000013bb  vTaskSuspendAll                  
000013c5  xTaskResumeAll                   
000014a1  xTaskGetTickCount                
000014bd  xTaskGetTickCountFromISR         
000014d5  uxTaskGetNumberOfTasks           
000014e1  xTaskIncrementTick               
00001601  vTaskSwitchContext               
00001685  vTaskPlaceOnEventList            
000016c5  vTaskPlaceOnUnorderedEventList   
0000170b  xTaskRemoveFromEventList         
00001799  xTaskRemoveFromUnorderedEventList
0000180f  vTaskSetTimeOutState             
00001835  xTaskCheckForTimeOut             
0000189f  vTaskMissedYield                 
00001a47  uxTaskResetEventItemValue        
00001a8d  xQueueGenericReset               
00001b1d  xQueueGenericCreate              
00001b81  xQueueGenericSend                
00001c7f  xQueueGenericSendFromISR         
00001d09  xQueueGenericReceive             
00001e25  xQueueReceiveFromISR             
00001e9d  xQueuePeekFromISR                
00001ee1  uxQueueMessagesWaiting           
00001ef7  uxQueueSpacesAvailable           
00001f17  uxQueueMessagesWaitingFromISR    
00001f29  vQueueDelete                     
000020c9  xQueueIsQueueEmptyFromISR        
0000210b  xQueueIsQueueFullFromISR         
00002235  RIT128x96x4Clear                 
00002291  RIT128x96x4StringDraw            
000023d1  RIT128x96x4ImageDraw             
00002459  RIT128x96x4Enable                
000024b3  RIT128x96x4Disable               
0000252d  RIT128x96x4Init                  
000025d1  RIT128x96x4DisplayOn             
00002605  RIT128x96x4DisplayOff            
0000263d  __aeabi_uldivmod                 
00002831  startScreen                      
00002939  OLEDTask                         
00002a05  __aeabi_dsub                     
00002a0f  __aeabi_dadd                     
00002bbd  pvPortMalloc                     
00002ce5  vPortFree                        
00002d47  xPortGetFreeHeapSize             
00002d4d  vPortInitialiseBlocks            
00002d71  SysCtlClockGet                   
00002f09  SysCtlClockSet                   
0000304d  __aeabi_ddiv                     
00003183  vListInitialise                  
000031b3  vListInitialiseItem              
000031c3  vListInsertEnd                   
000031ff  vListInsert                      
00003265  uxListRemove                     
000032ad  _Dscale                          
000033bd  __aeabi_dmul                     
000034b9  pxPortInitialiseStack            
00003501  xPortStartScheduler              
00003529  vPortEndScheduler                
0000352b  vPortYieldFromISR                
00003535  vPortEnterCritical               
00003545  vPortExitCritical                
0000355d  xPortSysTickHandler              
0000357f  vPortSetupTimerInterrupt         
000035a9  GPIOPadConfigSet                 
00003671  _Dnorm                           
00003731  SamplingTask                     
000037ed  main                             
00003889  __aeabi_memcpy                   
00003889  __aeabi_memcpy4                  
00003889  __aeabi_memcpy8                  
00003889  memcpy                           
00003925  SysCtlPeripheralReset            
000039ad  __aeabi_cdcmpeq                  
000039ad  __aeabi_cdcmple                  
00003a33  __aeabi_cdrcmple                 
00003ab9  xPortPendSVHandler               
00003af5  ulPortSetInterruptMask           
00003b03  vPortClearInterruptMask          
00003b09  vPortSVCHandler                  
00003b27  vPortStartFirstTask              
00003b39  __aeabi_memclr                   
00003b39  __aeabi_memclr4                  
00003b39  __aeabi_memclr8                  
00003b3b  __aeabi_memset                   
00003b3b  __aeabi_memset4                  
00003b3b  __aeabi_memset8                  
00003b41  memset                           
00003bb3  ADCSequenceStepConfigure         
00003c21  __TI_auto_init                   
00003cf7  _Dunscale                        
00003d5d  sprintf                          
00003dbd  SysCtlPeripheralDisable          
00003e15  SysCtlPeripheralEnable           
00003e6d  ltoa                             
00003ec5  atoi                             
00003f11  copy_in                          
00003f5d  __aeabi_d2iz                     
00003fa5  ldexp                            
00003feb  SSIConfigSetExpClk               
00004031  LEDTask                          
00004075  C$$EXIT                          
00004079  abort                            
00004081  exit                             
000040b9  signal                           
000040f9  _c_int00                         
00004135  systemInit                       
0000416d  IntRegister                      
000041a1  feraiseexcept                    
000041d5  _Feraise                         
00004205  ADCIntStatus                     
00004233  GPIODirModeSet                   
00004261  __aeabi_i2d                      
0000428f  raise                            
000042bd  ADCSequenceConfigure             
000042e7  _Dclass                          
00004311  frexp                            
00004333  ADCSequenceDataGet               
00004355  SysTickIntRegister               
00004371  memccpy                          
0000438d  _args_main                       
000043a5  ADCProcessorTrigger              
000043bb  strchr                           
000043d1  SysTickEnable                    
000043e5  SysTickIntEnable                 
000043f9  _register_unlock                 
000043ff  _register_lock                   
00004407  _nop                             
0000440d  strlen                           
00004421  GPIOPinTypeGPIOInput             
00004433  GPIOPinTypeGPIOOutput            
00004445  GPIOPinTypeSSI                   
00004457  SSIDataGetNonBlocking            
00004469  ADCSequenceEnable                
00004477  __TI_decompress_none             
00004485  __TI_zero_init                   
00004491  ResetISR                         
0000449d  ADCIntClear                      
000044a7  SSIDataPut                       
000044b1  SSIDisable                       
000044bb  SSIEnable                        
000044c5  SSIBusy                          
000044cd  GPIOPinRead                      
000044d3  GPIOPinWrite                     
000044d9  SysCtlDelay                      
000044df  __TI_decompress_rle24            
000044e5  _system_pre_init                 
000046c8  _ctypes_                         
0000492c  __TI_Handler_Table_Base          
00004938  __TI_Handler_Table_Limit         
00004948  __TI_CINIT_Base                  
00004960  __TI_CINIT_Limit                 
20000000  g_pfnRAMVectors                  
20002370  pxReadyTasksLists                
200023c0  xDelayedTaskList1                
200023d4  xDelayedTaskList2                
200023e8  xPendingReadyList                
20002418  pxDelayedTaskList                
2000241c  pxOverflowDelayedTaskList        
20002420  sample                           
20002424  sampleQueue                      
20002428  __stack                          
20002628  __STACK_TOP                      
20003428  __STACK_END                      
200034d8  _Denorm                          
200034e8  _Eps                             
200034f8  _Hugeval                         
20003508  _Inf                             
20003518  _Nan                             
20003528  _Snan                            
20003538  _Rteps                           
20003548  _Xbig                            
20003550  _Zero                            
20003558  pxCurrentTCB                     
2000355c  uxCurrentNumberOfTasks           
20003560  xTickCount                       
20003564  uxTopReadyPriority               
20003568  xSchedulerRunning                
2000356c  uxPendedTicks                    
20003570  xYieldPending                    
20003574  xNumOfOverflows                  
20003578  uxTaskNumber                     
2000357c  xNextTaskUnblockTime             
20003588  xPortSysTickCount                
20003594  _lock                            
20003598  _unlock                          
2000359c  __TI_cleanup_ptr                 
200035a0  __TI_dtors_ptr                   
200035a4  _Fenv                            
200035a8  _Tls_setup__Fenv                 
200035b0  _Errno                           
200035b4  main_func_sp                     
ffffffff  __binit__                        
ffffffff  __c_args__                       
ffffffff  binit                            
UNDEFED   SHT$$INIT_ARRAY$$Base            
UNDEFED   SHT$$INIT_ARRAY$$Limit           

[205 symbols]
